........F.F.........................                                     [100%]
=================================== FAILURES ===================================
_ TestConverterWorkflowWiring.test_converter_tabs_sourcedata_quick_select_smoke _

self = <test_converter_workflow_wiring.TestConverterWorkflowWiring testMethod=test_converter_tabs_sourcedata_quick_select_smoke>

    def test_converter_tabs_sourcedata_quick_select_smoke(self):
        module_expectations = {
            BIOMETRICS_MODULE: "sourcedata-files?kind=biometrics&project_path=${encodeURIComponent(effectiveProjectPath)}",
            ENVIRONMENT_MODULE: "sourcedata-files?kind=environment&project_path=${encodeURIComponent(effectiveProjectPath)}",
            PHYSIO_MODULE: "sourcedata-files?kind=physio&project_path=${encodeURIComponent(effectiveProjectPath)}",
            EYETRACKING_MODULE: "sourcedata-files?kind=eyetracking&project_path=${encodeURIComponent(effectiveProjectPath)}",
        }
    
        for module_path, list_snippet in module_expectations.items():
            content = module_path.read_text(encoding="utf-8")
            self.assertIn(
                "import { fetchWithApiFallback } from '../../shared/api.js';",
                content,
            )
            self.assertIn("fetchWithApiFallback(endpoint)", content)
            self.assertIn(list_snippet, content)
            self.assertIn(
                "/api/projects/sourcedata-file?name=${encodeURIComponent(filename)}",
                content,
            )
            self.assertIn("prism-project-changed", content)
    
        participants_content = PARTICIPANTS_MODULE.read_text(encoding="utf-8")
        participants_sourcedata_content = PARTICIPANTS_SOURCEDATA_QUICK_SELECT_MODULE.read_text(
            encoding="utf-8"
        )
        self.assertIn(
            "import { createParticipantsSourcedataQuickSelectController } from './participants-sourcedata-quick-select.js';",
            participants_content,
        )
        self.assertIn(
            "const participantsSourcedataQuickSelectController = createParticipantsSourcedataQuickSelectController({",
            participants_content,
        )
        self.assertIn("participantsSourcedataQuickSelectController.initialize();", participants_content)
        self.assertIn(
            "participantsSourcedataQuickSelectController.clearSelectedFile();",
            participants_content,
        )
>       self.assertIn(
            "participantsSourcedataQuickSelectController.refresh(projectPath);",
            participants_content,
        )
E       AssertionError: 'participantsSourcedataQuickSelectController.refresh(projectPath);' not found in 'import { fetchWithApiFallback } from \'../../shared/api.js\';\nimport { resolveCurrentProjectPath } from \'../../shared/project-state.js\';\nimport { escapeHtml } from \'../../shared/dom.js\';\nimport { createJobRunController } from \'./job-run-controller.js\';\nimport { pickServerFile, prefersServerPicker } from \'./server-picker.js\';\nimport { createParticipantsSourcedataQuickSelectController } from \'./participants-sourcedata-quick-select.js\';\nimport { createParticipantsMergeConflictDownloadController } from \'./participants-merge-conflict-download.js\';\nimport { createParticipantsMergePreviewRefreshController } from \'./participants-merge-preview-refresh.js\';\nimport { createParticipantsMergeSummaryController } from \'./participants-merge-summary.js\';\nimport {\n    getParticipantsMergeHarmonizationDecisions as getParticipantsMergeHarmonizationDecisionsPayload,\n    appendParticipantsMergeHarmonizationDecisions as appendParticipantsMergeHarmonizationDecisionsPayload,\n    getParticipantsMergeSessionResolutionDecisions as getParticipantsMergeSessionResolutionDecisionsPayload,\n    appendParticipantsMergeSessionResolutionDecisions as appendParticipantsMergeSessionResolutionDecisionsPayload,\n} from \'./participants-merge-decision-payload.js\';\n\nexport function initParticipants() {\n    const participantsPanel = document.getElementById(\'participants-panel\');\n    if (!participantsPanel) return;\n    const neurobagelWidgetUrl = participantsPanel.dataset.neurobagelWidgetUrl || \'/static/neurobagel_widget.html\';\n    const jsonEditorUrl = participantsPanel.dataset.jsonEditorUrl || \'/json-editor\';\n    // Track whether preview has been completed\n    let participantsPreviewCompleted = false;\n    let participantsExcelSheetCount = null;\n    let participantsShowSheetSelector = null;\n    let participantsSheetMetadataPending = false;\n    let participantsIdSelectionRequired = false;\n    let participantsRememberedIdColumn = \'\';\n    let participantsExistingFilesInfo = {\n        exists: false,\n        files: {},\n        has_participants_tsv: false,\n        has_participants_json: false,\n        can_modify_existing: false,\n        workflow: {\n            state: \'import_required\',\n            available_cases: [\'1\'],\n            requires_case_selection: false,\n            default_case: \'1\',\n            show_case_guide: false,\n            mode_options: [\'file\'],\n            file_actions: [\'replace\'],\n            metadata_without_tsv: false,\n        },\n    };\n    let participantsWorkflowMode = \'file\';\n    let participantsFileAction = \'replace\';\n    let participantsSelectedCaseId = \'1\';\n    let participantsServerFilePath = \'\';\n    const runController = createJobRunController();\n\n    const participantsSourcedataQuickSelectController = createParticipantsSourcedataQuickSelectController({\n        getFileInput: () => document.getElementById(\'participantsDataFile\'),\n        clearServerFilePath: () => {\n            participantsServerFilePath = \'\';\n        },\n        onClearSelectedFile: () => clearParticipantsSelectedFile(),\n        onResetPanelState: () => resetParticipantsPanelState(),\n        onUpdateButtonState: () => updateParticipantsButtonState(),\n        setErrorMessage: (message) => {\n            const participantsError = document.getElementById(\'participantsError\');\n            if (participantsError) {\n                participantsError.textContent = message;\n                participantsError.classList.remove(\'d-none\');\n            }\n        },\n    });\n\n    const participantsMergeConflictDownloadController = createParticipantsMergeConflictDownloadController({\n        getPreviewData: () => window.lastParticipantsPreviewData,\n        getWorkflowMode: () => getParticipantsWorkflowMode(),\n        getFileAction: () => getParticipantsFileAction(),\n        buildConflictFormData: () => buildParticipantsMergeConflictFormData(),\n        parseJsonResponse: (response) => parseParticipantsJsonResponse(response),\n    });\n\n    const participantsMergePreviewRefreshController = createParticipantsMergePreviewRefreshController();\n    const participantsMergeSummaryController = createParticipantsMergeSummaryController({\n        assessMergeHarmonizationState: (previewData) => assessParticipantsMergeHarmonizationState(previewData),\n        canApplyParticipantsConversion: () => canApplyParticipantsConversion(),\n        scheduleMergePreviewRefresh: () => scheduleParticipantsMergePreviewRefresh(),\n        updateMergeApplyStatusBadge: (previewData) => updateParticipantsMergeApplyStatusBadge(previewData),\n        isMergePreviewRefreshPending: () => participantsMergePreviewRefreshController.isPending(),\n    });\n\n    const PARTICIPANTS_CASE_CONFIG = {\n        \'1\': { mode: \'file\', fileAction: \'replace\' },\n        \'2\': { mode: \'existing\', fileAction: \'replace\' },\n        \'3\': { mode: \'file\', fileAction: \'merge\' },\n    };\n\n    function getParticipantsSelectedLocalFile() {\n        const fileInput = document.getElementById(\'participantsDataFile\');\n        return (fileInput && fileInput.files && fileInput.files[0]) ? fileInput.files[0] : null;\n    }\n\n    function getParticipantsSelectedServerFilePath() {\n        return String(participantsServerFilePath || \'\').trim();\n    }\n\n    function resolveParticipantsFileName(fileOrPath) {\n        if (!fileOrPath) {\n            return \'\';\n        }\n        if (typeof fileOrPath === \'string\') {\n            const normalized = fileOrPath.replace(/\\\\/g, \'/\');\n            const tokens = normalized.split(\'/\');\n            return tokens[tokens.length - 1] || normalized;\n        }\n        if (fileOrPath && typeof fileOrPath.name === \'string\') {\n            return fileOrPath.name;\n        }\n        return \'\';\n    }\n\n    function getParticipantsSelectedFilename() {\n        return resolveParticipantsFileName(getParticipantsSelectedLocalFile() || getParticipantsSelectedServerFilePath());\n    }\n\n    function hasParticipantsFileSelection() {\n        return Boolean(getParticipantsSelectedLocalFile() || getParticipantsSelectedServerFilePath());\n    }\n\n    function clearParticipantsSelectedFile({ resetSourcedataSelection = false } = {}) {\n        participantsServerFilePath = \'\';\n\n        const fileInput = document.getElementById(\'participantsDataFile\');\n        if (fileInput) {\n            fileInput.value = \'\';\n            if (typeof DataTransfer === \'function\') {\n                try {\n                    const emptySelection = new DataTransfer();\n                    fileInput.files = emptySelection.files;\n                } catch (_error) {\n                    // Keep the value reset fallback when file lists are read-only.\n                }\n            }\n        }\n\n        if (resetSourcedataSelection) {\n            participantsSourcedataQuickSelectController.clearSelectedFile();\n        }\n    }\n\n    function applyParticipantsPickerUiState() {\n        const connectedToServer = prefersServerPicker();\n        const fileInput = document.getElementById(\'participantsDataFile\');\n        const chooseFileBtn = document.getElementById(\'participantsChooseFileBtn\');\n        const browseServerFileBtn = document.getElementById(\'participantsBrowseServerFileBtn\');\n\n        if (browseServerFileBtn) {\n            browseServerFileBtn.classList.toggle(\'d-none\', !connectedToServer);\n        }\n\n        if (chooseFileBtn) {\n            chooseFileBtn.classList.remove(\'d-none\');\n        }\n\n        if (fileInput) {\n            fileInput.disabled = false;\n            fileInput.title = \'\';\n        }\n\n        updateParticipantsButtonState();\n    }\n\n    function normalizeParticipantsCaseId(value) {\n        const normalized = String(value || \'\').trim();\n        return Object.prototype.hasOwnProperty.call(PARTICIPANTS_CASE_CONFIG, normalized)\n            ? normalized\n            : null;\n    }\n\n    function getParticipantsWorkflowState() {\n        const workflow = participantsExistingFilesInfo && typeof participantsExistingFilesInfo.workflow === \'object\'\n            ? participantsExistingFilesInfo.workflow\n            : null;\n        if (workflow) {\n            return workflow;\n        }\n\n        return {\n            state: canModifyExistingParticipants() ? \'case_selection_required\' : \'import_required\',\n            available_cases: canModifyExistingParticipants() ? [\'1\', \'2\', \'3\'] : [\'1\'],\n            requires_case_selection: canModifyExistingParticipants(),\n            default_case: canModifyExistingParticipants() ? null : \'1\',\n            show_case_guide: canModifyExistingParticipants(),\n            mode_options: canModifyExistingParticipants() ? [\'file\', \'existing\'] : [\'file\'],\n            file_actions: canModifyExistingParticipants() ? [\'replace\', \'merge\'] : [\'replace\'],\n            metadata_without_tsv: Boolean(\n                participantsExistingFilesInfo && participantsExistingFilesInfo.has_participants_json && !participantsExistingFilesInfo.has_participants_tsv\n            ),\n        };\n    }\n\n    function getAvailableParticipantsCases() {\n        const availableCases = getParticipantsWorkflowState().available_cases;\n        if (!Array.isArray(availableCases) || availableCases.length === 0) {\n            return [\'1\'];\n        }\n        return availableCases\n            .map(normalizeParticipantsCaseId)\n            .filter(Boolean);\n    }\n\n    function requiresParticipantsCaseSelection() {\n        return Boolean(getParticipantsWorkflowState().requires_case_selection);\n    }\n\n    function hasParticipantsSelectedCase() {\n        if (!requiresParticipantsCaseSelection()) {\n            return true;\n        }\n        return Boolean(\n            participantsSelectedCaseId\n            && getAvailableParticipantsCases().includes(participantsSelectedCaseId)\n        );\n    }\n\n    function getParticipantsWorkflowMode() {\n        return participantsWorkflowMode;\n    }\n\n    function setParticipantsWorkflowMode(mode) {\n        const normalized = String(mode || \'\').trim().toLowerCase() === \'existing\' ? \'existing\' : \'file\';\n        participantsWorkflowMode = normalized;\n    }\n\n    function canModifyExistingParticipants() {\n        return Boolean(\n            participantsExistingFilesInfo\n            && (\n                participantsExistingFilesInfo.can_modify_existing\n                || participantsExistingFilesInfo.has_participants_tsv\n            )\n        );\n    }\n\n    function getParticipantsFileAction() {\n        if (participantsFileAction === \'merge\' && canModifyExistingParticipants()) {\n            return \'merge\';\n        }\n        return \'replace\';\n    }\n\n    function setParticipantsFileAction(action) {\n        const normalized = String(action || \'\').trim().toLowerCase() === \'merge\' ? \'merge\' : \'replace\';\n        participantsFileAction = normalized;\n    }\n\n    function applyParticipantsWorkflowCase(caseId) {\n        const normalizedCaseId = normalizeParticipantsCaseId(caseId);\n        const caseConfig = normalizedCaseId ? PARTICIPANTS_CASE_CONFIG[normalizedCaseId] : null;\n        if (!caseConfig) {\n            participantsSelectedCaseId = null;\n            setParticipantsWorkflowMode(\'file\');\n            setParticipantsFileAction(\'replace\');\n            return false;\n        }\n\n        participantsSelectedCaseId = normalizedCaseId;\n        setParticipantsWorkflowMode(caseConfig.mode);\n        setParticipantsFileAction(caseConfig.fileAction);\n        return true;\n    }\n\n    function syncParticipantsWorkflowSelection() {\n        const availableCases = getAvailableParticipantsCases();\n        const defaultCase = normalizeParticipantsCaseId(getParticipantsWorkflowState().default_case);\n\n        if (!requiresParticipantsCaseSelection()) {\n            applyParticipantsWorkflowCase(\n                defaultCase && availableCases.includes(defaultCase)\n                    ? defaultCase\n                    : (availableCases[0] || \'1\')\n            );\n            return;\n        }\n\n        if (!participantsSelectedCaseId || !availableCases.includes(participantsSelectedCaseId)) {\n            participantsSelectedCaseId = null;\n            setParticipantsWorkflowMode(\'file\');\n            setParticipantsFileAction(\'replace\');\n        }\n    }\n\n    function getExistingParticipantFileNames() {\n        return Object.values(participantsExistingFilesInfo.files || {})\n            .filter((value) => value !== null)\n            .map((value) => String(value || \'\').split(\'/\').pop())\n            .filter(Boolean);\n    }\n\n    function assessParticipantsMergeHarmonizationState(previewData = window.lastParticipantsPreviewData) {\n        const candidates = Array.isArray(previewData?.harmonization_candidates)\n            ? previewData.harmonization_candidates\n            : [];\n\n        if (!previewData || !previewData.merge_mode || candidates.length === 0) {\n            return {\n                hasInvalidKeepBoth: false,\n                invalidByColumn: {},\n                keepBothCount: 0,\n            };\n        }\n\n        const decisions = getParticipantsMergeHarmonizationDecisions();\n        const serverDecisions = (previewData.harmonization_decisions && typeof previewData.harmonization_decisions === \'object\')\n            ? previewData.harmonization_decisions\n            : {};\n        const serverKeepBothColumns = new Set(\n            Object.values(serverDecisions)\n                .filter((entry) => entry && typeof entry === \'object\' && String(entry.action || \'\').trim() === \'keep_both\')\n                .map((entry) => String(entry.new_column || \'\').trim())\n                .filter(Boolean)\n        );\n        const reservedColumns = new Set(\n            (Array.isArray(previewData.columns) ? previewData.columns : [])\n                .map((columnName) => String(columnName || \'\').trim())\n                .filter((columnName) => Boolean(columnName) && !serverKeepBothColumns.has(columnName))\n        );\n\n        const usedKeepBothColumns = new Map();\n        const invalidByColumn = {};\n        let keepBothCount = 0;\n\n        candidates.forEach((candidate) => {\n            const columnName = String(candidate?.column || \'\').trim();\n            if (!columnName) {\n                return;\n            }\n\n            const decision = decisions[columnName] && typeof decisions[columnName] === \'object\'\n                ? decisions[columnName]\n                : { action: \'keep_existing\', new_column: \'\' };\n            const action = String(decision.action || \'keep_existing\').trim();\n            if (action !== \'keep_both\') {\n                return;\n            }\n\n            keepBothCount += 1;\n\n            const selectedColumn = String(decision.new_column || \'\').trim();\n            if (!selectedColumn) {\n                invalidByColumn[columnName] = \'Enter a new column name for Keep both.\';\n                return;\n            }\n\n            if (reservedColumns.has(selectedColumn)) {\n                invalidByColumn[columnName] = `Column name "${selectedColumn}" already exists.`;\n                return;\n            }\n\n            const existingOwner = usedKeepBothColumns.get(selectedColumn);\n            if (existingOwner && existingOwner !== columnName) {\n                invalidByColumn[columnName] = `Column name "${selectedColumn}" is already used by ${existingOwner}.`;\n                return;\n            }\n            usedKeepBothColumns.set(selectedColumn, columnName);\n        });\n\n        return {\n            hasInvalidKeepBoth: Object.keys(invalidByColumn).length > 0,\n            invalidByColumn,\n            keepBothCount,\n        };\n    }\n\n    function canApplyParticipantsConversion() {\n        if (!participantsPreviewCompleted) {\n            return false;\n        }\n\n        if (!hasParticipantsResolvedIdSelection()) {\n            return false;\n        }\n\n        const previewData = window.lastParticipantsPreviewData;\n        if (previewData && previewData.merge_mode) {\n            const harmonizationState = assessParticipantsMergeHarmonizationState(previewData);\n            return Boolean(previewData.can_apply) && !harmonizationState.hasInvalidKeepBoth;\n        }\n\n        return true;\n    }\n\n    function updateParticipantsMergeApplyStatusBadge(previewData = window.lastParticipantsPreviewData) {\n        const badge = document.getElementById(\'participantsMergeApplyStatusBadge\');\n        if (!badge) {\n            return;\n        }\n\n        const isMergePreview = Boolean(previewData && previewData.merge_mode);\n        if (!participantsPreviewCompleted || !isMergePreview) {\n            badge.classList.add(\'d-none\');\n            badge.textContent = \'\';\n            badge.className = \'badge d-none\';\n            return;\n        }\n\n        const harmonizationState = assessParticipantsMergeHarmonizationState(previewData);\n        const conflictCount = Number(previewData.conflict_count || 0);\n        const sessionResolutionRequired = Boolean(previewData.session_resolution_required);\n\n        badge.classList.remove(\'d-none\', \'bg-success\', \'bg-warning\', \'bg-danger\', \'bg-secondary\', \'text-dark\');\n\n        if (!hasParticipantsResolvedIdSelection()) {\n            badge.classList.add(\'bg-warning\', \'text-dark\');\n            badge.textContent = \'Apply blocked: choose ID column\';\n            return;\n        }\n\n        if (harmonizationState.hasInvalidKeepBoth) {\n            badge.classList.add(\'bg-danger\');\n            badge.textContent = \'Apply blocked: invalid Keep both names\';\n            return;\n        }\n\n        if (conflictCount > 0) {\n            badge.classList.add(\'bg-warning\', \'text-dark\');\n            badge.textContent = \'Apply blocked: unresolved conflicts\';\n            return;\n        }\n\n        if (sessionResolutionRequired) {\n            badge.classList.add(\'bg-warning\', \'text-dark\');\n            badge.textContent = \'Apply blocked: choose session resolution\';\n            return;\n        }\n\n        if (Boolean(previewData.can_apply)) {\n            badge.classList.add(\'bg-success\');\n            badge.textContent = \'Apply ready\';\n            return;\n        }\n\n        badge.classList.add(\'bg-secondary\');\n        badge.textContent = \'Apply blocked\';\n    }\n\n    function getParticipantsCaseDetails(caseId) {\n        const hasAnyParticipantFile = Boolean(participantsExistingFilesInfo && participantsExistingFilesInfo.exists);\n\n        if (caseId === \'2\') {\n            return {\n                caseId: \'2\',\n                title: \'Modify\',\n                subtitle: \'In-place update\',\n                description: \'Current participant files stay the source of truth.\',\n                useCaseHint: \'Edit the saved participant files in place.\',\n                actionLabel: \'Modify\',\n                iconClass: \'fas fa-pen-to-square\',\n                iconToneClass: \'participants-case-card-icon-existing\',\n                badgeClass: \'bg-success\',\n                borderClass: \'border-success\',\n            };\n        }\n\n        if (caseId === \'3\') {\n            return {\n                caseId: \'3\',\n                title: \'Merge\',\n                subtitle: \'Safe merge\',\n                description: \'Adds missing values, new participants, and new columns safely.\',\n                useCaseHint: \'Import one table without overwriting conflicts.\',\n                actionLabel: \'Merge\',\n                iconClass: \'fas fa-code-branch\',\n                iconToneClass: \'participants-case-card-icon-merge\',\n                badgeClass: \'bg-warning text-dark\',\n                borderClass: \'border-warning\',\n            };\n        }\n\n        return {\n            caseId: \'1\',\n            title: \'Replace\',\n            subtitle: \'Full replace\',\n            description: \'Current participant files are replaced from one import.\',\n            useCaseHint: \'Imported table becomes the new source of truth.\',\n            actionLabel: \'Replace\',\n            iconClass: \'fas fa-file-import\',\n            iconToneClass: \'participants-case-card-icon-import\',\n            badgeClass: \'bg-primary\',\n            borderClass: \'border-primary\',\n        };\n    }\n\n    function getParticipantsWorkflowUiCopy() {\n        const mode = getParticipantsWorkflowMode();\n        const hasSelectedCase = hasParticipantsSelectedCase();\n        const hasAnyParticipantFile = Boolean(participantsExistingFilesInfo && participantsExistingFilesInfo.exists);\n        const canModify = canModifyExistingParticipants();\n        const fileAction = mode === \'file\' && canModify ? getParticipantsFileAction() : \'replace\';\n        const willReplaceExisting = mode === \'file\' && fileAction === \'replace\' && hasAnyParticipantFile;\n\n        if (requiresParticipantsCaseSelection() && !hasSelectedCase) {\n            return {\n                previewLabel: \'1. Choose Workflow\',\n                previewHint: \'Select Replace, Modify, or Merge to continue.\',\n                mappingHint: \'Choose a workflow first. Import-based options unlock additional source columns after review.\',\n                convertLabel: \'3. Save Participant Files\',\n                convertPendingHint: \'Choose a workflow to continue\',\n                convertReadyHint: \'Choose a workflow to continue\',\n                workflowSummaryOutput: \'Output: choose a workflow to see how participant files will be updated\',\n            };\n        }\n\n        if (mode === \'existing\') {\n            return {\n                previewLabel: \'1. Review Existing Participant Files\',\n                previewHint: \'Review the current participants.tsv and participants.json from the active project.\',\n                mappingHint: \'Use Merge if you need to bring back a removed variable from another source file.\',\n                convertLabel: \'2. Save Existing Participant Files\',\n                convertPendingHint: \'Run step 1 to review current participant files\',\n                convertReadyHint: \'Ready to update existing files in project\',\n                workflowSummaryOutput: \'Output: update participants.tsv + participants.json in project\',\n            };\n        }\n\n        if (fileAction === \'merge\' && canModify) {\n            return {\n                previewLabel: \'1. Preview Merge\',\n                previewHint: \'Check matches, fills, new participants, and conflicts before applying the merge.\',\n                mappingHint: \'Include non-core fields from the imported source file.\',\n                convertLabel: \'3. Apply Merge\',\n                convertPendingHint: \'Run step 1 to preview the merge\',\n                convertReadyHint: \'Ready to apply conflict-free merge\',\n                workflowSummaryOutput: \'Output: apply safe in-place merge to participants.tsv + participants.json\',\n            };\n        }\n\n        if (willReplaceExisting) {\n            return {\n                previewLabel: \'1. Review Replacement File\',\n                previewHint: \'Check the imported columns and sample values before replacing the current participant files.\',\n                mappingHint: \'Include non-core fields from the imported source file.\',\n                convertLabel: \'3. Replace Participant Files\',\n                convertPendingHint: \'Run step 1 to review the replacement file\',\n                convertReadyHint: \'Ready to replace existing files in project\',\n                workflowSummaryOutput: \'Output: replace participants.tsv + participants.json in project\',\n            };\n        }\n\n        return {\n            previewLabel: \'1. Review Participant Fields\',\n            previewHint: \'Check detected columns and sample values before creating participant files.\',\n            mappingHint: \'Include non-core fields from the imported source file.\',\n            convertLabel: \'3. Create Participant Files\',\n            convertPendingHint: \'Run step 1 first\',\n            convertReadyHint: \'Ready to create files in project\',\n            workflowSummaryOutput: \'Output: create participants.tsv + participants.json in project\',\n        };\n    }\n\n    function getParticipantsGuidanceCopy() {\n        const workflowState = getParticipantsWorkflowState();\n        const activeCase = getParticipantsActiveCaseState();\n        const hasAnyParticipantFile = Boolean(participantsExistingFilesInfo && participantsExistingFilesInfo.exists);\n        const existingFiles = getExistingParticipantFileNames();\n        const fileListText = existingFiles.length > 0 ? existingFiles.join(\', \') : \'participants.tsv\';\n\n        if (!requiresParticipantsCaseSelection()) {\n            return {\n                introTitle: \'Use this tab to create the dataset-level sociodemographics files.\',\n                introBody: workflowState.metadata_without_tsv\n                    ? \'participants.json exists, but participants.tsv is still missing. Start from one imported table so PRISM can rebuild the participant files from a single source of truth.\'\n                    : \'No participant files are available yet. Start from one imported table and let PRISM create participants.tsv plus participants.json from that source.\',\n                modeHint: workflowState.metadata_without_tsv\n                    ? \'participants.json was detected without participants.tsv. Import mode is required until a participants.tsv exists.\'\n                    : \'No participants.tsv found yet. Import a participant table to create the first participant files.\',\n                caseGuideHint: \'\',\n                checklist: [\n                    \'Choose the participant source file and confirm the detected ID column.\',\n                    \'Run the review step to confirm sample values and output columns.\',\n                    \'Optional: add more columns or adjust metadata.\',\n                    hasAnyParticipantFile\n                        ? \'Create or rebuild the participant files from the imported source of truth.\'\n                        : \'Create participants.tsv and participants.json in the current project.\',\n                ],\n            };\n        }\n\n        if (!activeCase) {\n            return {\n                introTitle: \'Use this tab to update existing participant files.\',\n                introBody: \'participants.tsv is already present. Choose the workflow that matches your intent before PRISM enables review or save.\',\n                modeHint: `Detected existing participant files: ${fileListText}. Choose a workflow to continue.`,\n                caseGuideHint: \'Nothing is preselected. Choose the workflow that matches your goal before preview or save.\',\n                checklist: [\n                    \'Choose Replace to import a new source of truth, Modify to review saved files in place, or Merge to safe-merge an imported table.\',\n                    \'If you choose Replace or Merge, select the participant source file and confirm the detected ID column.\',\n                    \'Run the review step to confirm sample values and output columns before saving.\',\n                    \'Save only after the selected workflow matches your intent.\',\n                ],\n            };\n        }\n\n        if (activeCase.caseId === \'2\') {\n            return {\n                introTitle: \'Modify workflow selected.\',\n                introBody: \'PRISM will keep the current participants.tsv and participants.json as the source of truth and save your updates in place.\',\n                modeHint: \'Modify selected. Review the saved participant files and update their metadata in place.\',\n                caseGuideHint: \'Modify works directly on the current project files. Use Merge if you need to bring back a removed variable from another source file.\',\n                checklist: [\n                    \'Review the current participants.tsv and participants.json from the active project.\',\n                    \'Optional: adjust metadata or normalize the saved files in place.\',\n                    \'Save the existing participant files when the preview matches your intent.\',\n                ],\n            };\n        }\n\n        if (activeCase.caseId === \'3\') {\n            return {\n                introTitle: \'Merge workflow selected.\',\n                introBody: \'PRISM will preview a safe merge from an imported table into the current participants.tsv. Conflicts must be resolved before apply.\',\n                modeHint: \'Merge selected. Choose the participant source file and confirm the detected ID column before previewing the merge.\',\n                caseGuideHint: \'Merge only fills missing values, adds new participants, and adds new columns. Conflicting non-empty overlaps block apply.\',\n                checklist: [\n                    \'Choose the incoming participant source file and confirm the detected ID column.\',\n                    \'Preview the merge to inspect matches, fills, new participants, and conflicts.\',\n                    \'Optional: adjust metadata for newly included columns.\',\n                    \'Apply the merge only after the preview is conflict-free.\',\n                ],\n            };\n        }\n\n        return {\n            introTitle: hasAnyParticipantFile ? \'Replace workflow selected.\' : \'Create participant files from an imported source.\',\n            introBody: hasAnyParticipantFile\n                ? \'PRISM will use one imported table as the new source of truth and replace the current participant files.\'\n                : \'PRISM will use one imported table as the source of truth to create the first participant files for this project.\',\n            modeHint: \'Replace selected. Choose the participant source file and confirm the detected ID column before review.\',\n            caseGuideHint: \'Replace uses one imported table as the source of truth.\',\n            checklist: [\n                \'Choose the participant source file and confirm the detected ID column.\',\n                \'Run the review step to confirm sample values and output columns.\',\n                \'Optional: add more columns or adjust metadata.\',\n                hasAnyParticipantFile\n                    ? \'Replace the current participant files with the imported source of truth.\'\n                    : \'Create participants.tsv and participants.json in the current project.\',\n            ],\n        };\n    }\n\n    function renderParticipantsQuickChecklist(items) {\n        const quickChecklist = document.getElementById(\'participantsQuickChecklist\');\n        if (!quickChecklist) {\n            return;\n        }\n\n        if (!Array.isArray(items) || items.length === 0) {\n            quickChecklist.textContent = \'No checklist is available yet.\';\n            return;\n        }\n\n        quickChecklist.innerHTML = items.map((item, index) => `\n            <div class="small d-flex align-items-start${index < items.length - 1 ? \' mb-2\' : \'\'}">\n                <i class="fas fa-check-circle text-success me-2 mt-1"></i>\n                <span>${escapeHtml(String(item || \'\'))}</span>\n            </div>\n        `).join(\'\');\n    }\n\n    function updateParticipantsIntroUi() {\n        const introTitle = document.getElementById(\'participantsIntroTitle\');\n        const introBody = document.getElementById(\'participantsIntroBody\');\n        const guidanceCopy = getParticipantsGuidanceCopy();\n\n        if (introTitle) {\n            introTitle.textContent = guidanceCopy.introTitle;\n        }\n        if (introBody) {\n            introBody.textContent = guidanceCopy.introBody;\n        }\n\n        renderParticipantsQuickChecklist(guidanceCopy.checklist);\n    }\n\n    function getParticipantsActiveCaseState() {\n        if (!hasParticipantsSelectedCase()) {\n            return null;\n        }\n\n        const activeCaseId = normalizeParticipantsCaseId(participantsSelectedCaseId)\n            || normalizeParticipantsCaseId(getParticipantsWorkflowState().default_case)\n            || \'1\';\n\n        return getParticipantsCaseDetails(activeCaseId);\n    }\n\n    function updateParticipantsCaseGuideUi() {\n        const caseGuide = document.getElementById(\'participantsCaseGuide\');\n        const caseGuideHint = document.getElementById(\'participantsCaseGuideHint\');\n        const activeBadge = document.getElementById(\'participantsActiveCaseBadge\');\n        const activeDescription = document.getElementById(\'participantsActiveCaseDescription\');\n        const cardsContainer = document.getElementById(\'participantsCaseGuideCards\');\n        if (!caseGuide || !caseGuideHint || !activeBadge || !activeDescription || !cardsContainer) {\n            return;\n        }\n\n        const workflowState = getParticipantsWorkflowState();\n        const guidanceCopy = getParticipantsGuidanceCopy();\n        const availableCases = getAvailableParticipantsCases();\n        const activeCase = getParticipantsActiveCaseState();\n\n        if (!workflowState.show_case_guide || availableCases.length === 0) {\n            caseGuide.classList.add(\'d-none\');\n            caseGuideHint.textContent = \'\';\n            activeBadge.textContent = \'Choose a workflow\';\n            activeBadge.className = \'badge bg-secondary\';\n            activeDescription.textContent = \'\';\n            activeDescription.classList.add(\'d-none\');\n            cardsContainer.innerHTML = \'\';\n            return;\n        }\n\n        caseGuide.classList.remove(\'d-none\');\n        caseGuideHint.textContent = guidanceCopy.caseGuideHint || \'Choose the workflow that matches your goal before preview or save.\';\n\n        if (activeCase) {\n            activeBadge.innerHTML = `\n                <i class="${escapeHtml(activeCase.iconClass)}" aria-hidden="true"></i>\n                <span>Current: ${escapeHtml(activeCase.actionLabel)}</span>\n            `;\n            activeBadge.className = `badge ${activeCase.badgeClass} d-inline-flex align-items-center gap-1`;\n            activeDescription.textContent = \'\';\n            activeDescription.classList.add(\'d-none\');\n        } else {\n            activeBadge.textContent = \'Choose a workflow\';\n            activeBadge.className = \'badge bg-secondary\';\n            activeDescription.textContent = \'Pick the workflow that matches your goal. Review and save stay disabled until you choose.\';\n            activeDescription.classList.remove(\'d-none\');\n        }\n\n        cardsContainer.innerHTML = availableCases.map((caseId) => {\n            const caseDetails = getParticipantsCaseDetails(caseId);\n            const isSelected = Boolean(activeCase && activeCase.caseId === caseId);\n            const cardClasses = isSelected\n                ? `${caseDetails.borderClass} bg-light shadow-sm`\n                : \'border-secondary\';\n            const badgeClass = isSelected ? caseDetails.badgeClass : \'bg-secondary\';\n            const badgeText = isSelected ? \'Current\' : \'Select\';\n\n            return `\n                <div class="col-md-4">\n                    <button\n                        type="button"\n                        class="btn p-0 text-start border-0 bg-transparent w-100 h-100 participants-case-select"\n                        data-participants-case-id="${escapeHtml(caseId)}"\n                        aria-pressed="${isSelected ? \'true\' : \'false\'}"\n                    >\n                        <div class="participants-case-card border rounded p-3 h-100 text-dark ${cardClasses}">\n                            <div class="d-flex justify-content-between align-items-start gap-2">\n                                <div class="d-flex align-items-start gap-3">\n                                    <span class="participants-case-card-icon ${escapeHtml(caseDetails.iconToneClass)}" aria-hidden="true">\n                                        <i class="${escapeHtml(caseDetails.iconClass)}"></i>\n                                    </span>\n                                    <div>\n                                        <div class="participants-case-card-title">${escapeHtml(caseDetails.title)}</div>\n                                        <div class="participants-case-card-label small text-muted">${escapeHtml(caseDetails.subtitle)}</div>\n                                        <div class="participants-case-card-hint small">${escapeHtml(caseDetails.useCaseHint)}</div>\n                                    </div>\n                                </div>\n                                <span class="badge ${badgeClass}">${escapeHtml(badgeText)}</span>\n                            </div>\n                            <div class="participants-case-card-detail small mt-3">${escapeHtml(caseDetails.description)}</div>\n                        </div>\n                    </button>\n                </div>\n            `;\n        }).join(\'\');\n    }\n\n    function updateParticipantsWorkflowModeUi() {\n        const fileSection = document.getElementById(\'participantsFileInputSection\');\n        const previewActionCol = document.getElementById(\'participantsPreviewActionCol\');\n        const mappingActionCol = document.getElementById(\'participantsMappingActionCol\');\n        const convertActionCol = document.getElementById(\'participantsConvertActionCol\');\n        const previewBtnLabel = document.getElementById(\'participantsPreviewBtnLabel\');\n        const previewHint = document.getElementById(\'participantsPreviewHint\');\n        const mappingHint = document.getElementById(\'participantsMappingHint\');\n        const convertBtnLabel = document.getElementById(\'participantsConvertBtnLabel\');\n        const convertHint = document.getElementById(\'convertBtnHint\');\n        const summaryOutput = document.getElementById(\'participantsWorkflowSummaryOutput\');\n\n        const mode = getParticipantsWorkflowMode();\n        const hasSelectedCase = hasParticipantsSelectedCase();\n        const showMappingAction = mode === \'file\' && hasSelectedCase;\n        if (fileSection) {\n            fileSection.classList.toggle(\'d-none\', mode !== \'file\' || !hasSelectedCase);\n        }\n\n        if (mappingActionCol) {\n            mappingActionCol.classList.toggle(\'d-none\', !showMappingAction);\n        }\n\n        [previewActionCol, convertActionCol].forEach((column) => {\n            if (!column) {\n                return;\n            }\n            column.classList.remove(\'col-md-4\', \'col-md-6\');\n            column.classList.add(showMappingAction ? \'col-md-4\' : \'col-md-6\');\n        });\n\n        if (!showMappingAction) {\n            setParticipantsAdditionalVariablesEnabled(false);\n        }\n\n        const workflowUiCopy = getParticipantsWorkflowUiCopy();\n\n        if (previewBtnLabel) {\n            previewBtnLabel.textContent = workflowUiCopy.previewLabel;\n        }\n        if (previewHint) {\n            previewHint.textContent = workflowUiCopy.previewHint;\n        }\n        if (convertBtnLabel) {\n            convertBtnLabel.textContent = workflowUiCopy.convertLabel;\n        }\n        if (mappingHint) {\n            mappingHint.textContent = workflowUiCopy.mappingHint;\n        }\n        if (convertHint && !participantsPreviewCompleted) {\n            convertHint.textContent = workflowUiCopy.convertPendingHint;\n        }\n        if (summaryOutput) {\n            summaryOutput.textContent = workflowUiCopy.workflowSummaryOutput;\n        }\n\n        updateParticipantsIntroUi();\n        updateParticipantsCaseGuideUi();\n    }\n    \n    function updateParticipantsSelectedFileName() {\n        const fileNameField = document.getElementById(\'participantsSelectedFileName\');\n        if (!fileNameField) return;\n\n        const selected = getParticipantsSelectedFilename();\n        fileNameField.value = selected || \'No file selected\';\n    }\n    \n    function resetParticipantsPanelState({ preserveImportConfig = false } = {}) {\n        participantsPreviewCompleted = false;\n        if (!preserveImportConfig) {\n            participantsExcelSheetCount = null;\n            participantsShowSheetSelector = null;\n            participantsSheetMetadataPending = false;\n        }\n    \n        const previewResults = document.getElementById(\'participantsPreviewResults\');\n        const schemaPreview = document.getElementById(\'neurobagelSchemaPreview\');\n        const conversionProgress = document.getElementById(\'participantsConversionProgress\');\n        const conversionLog = document.getElementById(\'participantsConversionLog\');\n        const errorDiv = document.getElementById(\'participantsError\');\n        const infoDiv = document.getElementById(\'participantsInfo\');\n        const successDiv = document.getElementById(\'participantsSuccess\');\n        const availabilityInfo = document.getElementById(\'participantsPreviewAvailabilityInfo\');\n        const warningDiv = document.getElementById(\'participantsExistingFilesWarning\');\n        const workflowSummary = document.getElementById(\'participantsWorkflowSummary\');\n        const mergeSummary = document.getElementById(\'participantsMergeSummary\');\n        const forceOverwrite = document.getElementById(\'participantsForceOverwrite\');\n        const convertBtn = document.getElementById(\'participantsConvertBtn\');\n        const convertHint = document.getElementById(\'convertBtnHint\');\n        const applyStatusBadge = document.getElementById(\'participantsMergeApplyStatusBadge\');\n        const saveAnnotBtn = document.getElementById(\'saveNeurobagelBtn\');\n        const previewTableHead = document.querySelector(\'#participantsPreviewTable thead\');\n        const previewTableBody = document.querySelector(\'#participantsPreviewTable tbody\');\n        const previewCount = document.getElementById(\'participantsPreviewCount\');\n        const schemaJsonCode = document.getElementById(\'schemaJsonCode\');\n        const sheetInput = document.getElementById(\'participantsSheet\');\n        const separator = document.getElementById(\'participantsSeparator\');\n        const idGroup = document.getElementById(\'participantsIdColumnGroup\');\n    \n        if (previewResults) previewResults.classList.add(\'d-none\');\n        if (schemaPreview) schemaPreview.classList.add(\'d-none\');\n        if (conversionProgress) conversionProgress.classList.add(\'d-none\');\n        if (conversionLog) conversionLog.innerHTML = \'\';\n        if (errorDiv) {\n            errorDiv.classList.add(\'d-none\');\n            errorDiv.textContent = \'\';\n        }\n        if (infoDiv) {\n            infoDiv.classList.add(\'d-none\');\n            infoDiv.innerHTML = \'\';\n        }\n        if (successDiv) {\n            successDiv.classList.add(\'d-none\');\n            successDiv.innerHTML = \'\';\n        }\n        if (availabilityInfo) availabilityInfo.classList.add(\'d-none\');\n        if (warningDiv) warningDiv.classList.add(\'d-none\');\n        if (workflowSummary) workflowSummary.classList.add(\'d-none\');\n        if (mergeSummary) mergeSummary.classList.add(\'d-none\');\n        if (forceOverwrite) forceOverwrite.checked = false;\n    \n        if (convertBtn) {\n            convertBtn.disabled = true;\n            convertBtn.classList.remove(\'btn-success\');\n            convertBtn.classList.add(\'btn-outline-secondary\');\n        }\n        if (convertHint) convertHint.textContent = getParticipantsWorkflowUiCopy().convertPendingHint;\n        if (applyStatusBadge) {\n            applyStatusBadge.className = \'badge d-none\';\n            applyStatusBadge.textContent = \'\';\n        }\n        if (saveAnnotBtn) saveAnnotBtn.disabled = true;\n    \n        if (previewTableHead) previewTableHead.innerHTML = \'\';\n        if (previewTableBody) previewTableBody.innerHTML = \'\';\n        if (previewCount) previewCount.textContent = \'0 participants\';\n        if (schemaJsonCode) schemaJsonCode.textContent = \'\';\n    \n        if (!preserveImportConfig) {\n            if (sheetInput) sheetInput.value = \'\';\n            if (separator) separator.value = \'auto\';\n            clearRememberedParticipantsIdColumn();\n            setParticipantsIdColumnOptions([], \'auto\', true);\n            setParticipantsIdSelectionRequired(false);\n            if (idGroup) idGroup.classList.add(\'d-none\');\n        }\n    \n        window.lastParticipantsPreviewData = null;\n        window.neurobagelSchema = null;\n        window.existingParticipantsData = null;\n        window.participantsTsvData = null;\n        window.pendingAdditionalParticipantColumns = [];\n        window.currentAdditionalParticipantColumns = [];\n        window.excludedParticipantColumns = [];\n        window.participantsMergeHarmonizationDecisions = {};\n        window.participantsMergeSessionResolutionDecisions = {};\n        setParticipantsAdditionalVariablesEnabled(false);\n    \n        const widgetContainer = document.getElementById(\'neurobagelWidgetContainer\');\n        if (widgetContainer) widgetContainer.innerHTML = \'\';\n    }\n    \n    async function parseParticipantsJsonResponse(response) {\n        const rawText = await response.text();\n    \n        try {\n            return JSON.parse(rawText);\n        } catch (strictErr) {\n            // Some backends may emit non-standard JSON tokens like NaN/Infinity.\n            // Normalize them to null so the preview flow can continue.\n            const normalized = rawText\n                .replace(/\\bNaN\\b/g, \'null\')\n                .replace(/\\b-Infinity\\b/g, \'null\')\n                .replace(/\\bInfinity\\b/g, \'null\');\n    \n            try {\n                return JSON.parse(normalized);\n            } catch (lenientErr) {\n                throw strictErr;\n            }\n        }\n    }\n    \n    function isExcelParticipantsFile(fileOrPath) {\n        const name = resolveParticipantsFileName(fileOrPath).toLowerCase();\n        return Boolean(name && name.endsWith(\'.xlsx\'));\n    }\n\n    function isDelimitedParticipantsFile(fileOrPath) {\n        const name = resolveParticipantsFileName(fileOrPath).toLowerCase();\n        return name.endsWith(\'.csv\') || name.endsWith(\'.tsv\');\n    }\n\n    function isSupportedParticipantsImportFile(fileOrPath) {\n        const name = resolveParticipantsFileName(fileOrPath).toLowerCase();\n        if (!name) {\n            return false;\n        }\n        return (\n            name.endsWith(\'.xlsx\')\n            || name.endsWith(\'.csv\')\n            || name.endsWith(\'.tsv\')\n            || name.endsWith(\'.sav\')\n            || name.endsWith(\'.rds\')\n            || name.endsWith(\'.rdata\')\n            || name.endsWith(\'.rda\')\n            || name.endsWith(\'.lsa\')\n        );\n    }\n    \n    function updateParticipantsSheetMetadata(metadata = null) {\n        const sheetInput = document.getElementById(\'participantsSheet\');\n        const parsedCount = metadata && metadata.non_empty_sheet_count !== undefined && metadata.non_empty_sheet_count !== null\n            ? Number(metadata.non_empty_sheet_count)\n            : metadata && metadata.sheet_count !== undefined && metadata.sheet_count !== null\n                ? Number(metadata.sheet_count)\n            : Number.NaN;\n        const hasExplicitShowValue = metadata && typeof metadata.show_sheet_selector === \'boolean\';\n    \n        participantsExcelSheetCount = Number.isFinite(parsedCount) ? parsedCount : null;\n        participantsShowSheetSelector = hasExplicitShowValue ? Boolean(metadata.show_sheet_selector) : null;\n        participantsSheetMetadataPending = false;\n    \n        if (sheetInput && participantsShowSheetSelector === false) {\n            sheetInput.value = \'\';\n        }\n    \n        updateParticipantsInputVisibility();\n    }\n    \n    function updateParticipantsInputVisibility() {\n        const mode = getParticipantsWorkflowMode();\n        const hasSelectedCase = hasParticipantsSelectedCase();\n        const fileSection = document.getElementById(\'participantsFileInputSection\');\n        const sheetGroup = document.getElementById(\'participantsSheetGroup\');\n        const idGroup = document.getElementById(\'participantsIdColumnGroup\');\n        const separatorGroup = document.getElementById(\'participantsSeparatorGroup\');\n        const separatorSelect = document.getElementById(\'participantsSeparator\');\n\n        if (fileSection) {\n            fileSection.classList.toggle(\'d-none\', mode !== \'file\' || !hasSelectedCase);\n        }\n\n        if (mode !== \'file\' || !hasSelectedCase) {\n            if (sheetGroup) sheetGroup.classList.add(\'d-none\');\n            if (separatorGroup) separatorGroup.classList.add(\'d-none\');\n            if (idGroup) idGroup.classList.add(\'d-none\');\n            if (separatorSelect) separatorSelect.value = \'auto\';\n            return;\n        }\n    \n        const selectedSource = getParticipantsSelectedLocalFile() || getParticipantsSelectedServerFilePath();\n        const isExcel = isExcelParticipantsFile(selectedSource);\n        const isDelimited = isDelimitedParticipantsFile(selectedSource);\n        const showSheetGroup = isExcel\n            && !participantsSheetMetadataPending\n            && (\n                participantsShowSheetSelector !== null\n                    ? participantsShowSheetSelector\n                    : (participantsExcelSheetCount === null || participantsExcelSheetCount > 1)\n            );\n    \n        if (sheetGroup) {\n            sheetGroup.classList.toggle(\'d-none\', !showSheetGroup);\n        }\n    \n        if (separatorGroup) {\n            separatorGroup.classList.toggle(\'d-none\', !isDelimited);\n        }\n        if (!isDelimited && separatorSelect) {\n            separatorSelect.value = \'auto\';\n        }\n    \n        if (!selectedSource && idGroup) {\n            idGroup.classList.add(\'d-none\');\n        }\n    }\n    \n    function setParticipantsIdSelectionRequired(isRequired) {\n        participantsIdSelectionRequired = Boolean(isRequired);\n        const idLabel = document.getElementById(\'participantsIdColumnLabel\');\n        const idHint = document.getElementById(\'participantsIdColumnHint\');\n\n        if (idLabel) {\n            idLabel.innerHTML = isRequired\n                ? \'ID Column <span class="text-danger">*</span>\'\n                : \'ID Column\';\n        }\n\n        if (idHint) {\n            idHint.textContent = isRequired\n                ? \'Select the source ID column. It will be renamed to participant_id.\'\n                : \'Detected source ID column. It will be renamed to participant_id in output.\';\n        }\n    }\n\n    function clearRememberedParticipantsIdColumn() {\n        participantsRememberedIdColumn = \'\';\n    }\n\n    function rememberParticipantsIdColumn(value) {\n        const cleanedValue = String(value || \'\').trim();\n        participantsRememberedIdColumn = cleanedValue && cleanedValue !== \'auto\'\n            ? cleanedValue\n            : \'\';\n        return participantsRememberedIdColumn;\n    }\n\n    function getRememberedParticipantsIdColumn(columns = null) {\n        const cleanedValue = String(participantsRememberedIdColumn || \'\').trim();\n        if (!cleanedValue) {\n            return \'\';\n        }\n\n        if (!Array.isArray(columns) || columns.length === 0) {\n            return cleanedValue;\n        }\n\n        return columns.some((columnName) => String(columnName || \'\').trim() === cleanedValue)\n            ? cleanedValue\n            : \'\';\n    }\n\n    function getCurrentParticipantsIdColumnValue(columns = null) {\n        const currentValue = String(document.getElementById(\'participantsIdColumn\')?.value || \'\').trim();\n        if (currentValue && currentValue !== \'auto\') {\n            rememberParticipantsIdColumn(currentValue);\n            return currentValue;\n        }\n\n        return getRememberedParticipantsIdColumn(columns);\n    }\n\n    function hasParticipantsResolvedIdSelection() {\n        if (getParticipantsWorkflowMode() !== \'file\') {\n            return true;\n        }\n\n        if (!hasParticipantsFileSelection()) {\n            return false;\n        }\n\n        if (!participantsIdSelectionRequired) {\n            return true;\n        }\n\n        const idColumn = getCurrentParticipantsIdColumnValue();\n        return Boolean(idColumn && idColumn !== \'auto\');\n    }\n\n    function setParticipantsIdColumnOptions(columns, selectedValue = \'auto\', allowAutoOption = true) {\n        const idSelect = document.getElementById(\'participantsIdColumn\');\n        if (!idSelect) return;\n    \n        idSelect.innerHTML = \'\';\n    \n        if (allowAutoOption) {\n            const autoOpt = document.createElement(\'option\');\n            autoOpt.value = \'auto\';\n            autoOpt.textContent = \'Auto-detect\';\n            idSelect.appendChild(autoOpt);\n        } else {\n            const placeholderOpt = document.createElement(\'option\');\n            placeholderOpt.value = \'\';\n            placeholderOpt.textContent = \'Select ID column...\';\n            placeholderOpt.disabled = true;\n            placeholderOpt.selected = true;\n            idSelect.appendChild(placeholderOpt);\n        }\n    \n        if (Array.isArray(columns)) {\n            columns.forEach((col) => {\n                const colName = String(col || \'\').trim();\n                if (!colName) return;\n                const opt = document.createElement(\'option\');\n                opt.value = colName;\n                opt.textContent = colName;\n                idSelect.appendChild(opt);\n            });\n        }\n    \n        const normalized = String(selectedValue || \'\').trim();\n        if (normalized && [...idSelect.options].some((opt) => opt.value === normalized)) {\n            idSelect.value = normalized;\n        } else if (allowAutoOption && [...idSelect.options].some((opt) => opt.value === \'auto\')) {\n            idSelect.value = \'auto\';\n        } else if (!allowAutoOption && [...idSelect.options].some((opt) => opt.value === \'\')) {\n            idSelect.value = \'\';\n        } else if (idSelect.options.length > 0) {\n            idSelect.value = idSelect.options[0].value;\n        } else {\n            idSelect.value = \'\';\n        }\n\n        const resolvedValue = String(idSelect.value || \'\').trim();\n        if (resolvedValue && resolvedValue !== \'auto\') {\n            rememberParticipantsIdColumn(resolvedValue);\n        }\n    }\n    \n    async function autoDetectParticipantsIdColumn() {\n        const idGroup = document.getElementById(\'participantsIdColumnGroup\');\n        const idSelect = document.getElementById(\'participantsIdColumn\');\n        const idHint = document.getElementById(\'participantsIdColumnHint\');\n        const sheetInput = document.getElementById(\'participantsSheet\');\n\n        const selectedFile = getParticipantsSelectedLocalFile();\n        const selectedServerPath = getParticipantsSelectedServerFilePath();\n        const selectedSource = selectedFile || selectedServerPath;\n        if (!selectedSource) {\n            participantsExcelSheetCount = null;\n            participantsShowSheetSelector = null;\n            participantsSheetMetadataPending = false;\n            clearRememberedParticipantsIdColumn();\n            setParticipantsIdColumnOptions([], \'auto\', true);\n            setParticipantsIdSelectionRequired(false);\n            updateParticipantsInputVisibility();\n            if (idGroup) idGroup.classList.add(\'d-none\');\n            return;\n        }\n\n        if (!isSupportedParticipantsImportFile(selectedSource)) {\n            participantsExcelSheetCount = null;\n            participantsShowSheetSelector = null;\n            participantsSheetMetadataPending = false;\n            clearRememberedParticipantsIdColumn();\n            updateParticipantsInputVisibility();\n            setParticipantsIdColumnOptions([], \'\', false);\n            setParticipantsIdSelectionRequired(true);\n            if (idHint) {\n                idHint.textContent = \'Unsupported file format. Use .xlsx, .csv, .tsv, .sav, .rds, .rdata, .rda, or .lsa.\';\n            }\n            if (idGroup) idGroup.classList.remove(\'d-none\');\n            return;\n        }\n    \n        try {\n            const formData = new FormData();\n            if (selectedFile) {\n                formData.append(\'file\', selectedFile);\n            } else {\n                formData.append(\'source_file_path\', selectedServerPath);\n            }\n\n            if (isExcelParticipantsFile(selectedSource) && sheetInput && sheetInput.value) {\n                formData.append(\'sheet\', sheetInput.value);\n            }\n            const separator = document.getElementById(\'participantsSeparator\')?.value || \'auto\';\n            formData.append(\'separator\', separator);\n    \n            const response = await fetchWithApiFallback(\'/api/participants-detect-id\', {\n                method: \'POST\',\n                body: formData\n            });\n            const data = await parseParticipantsJsonResponse(response);\n    \n            if (!response.ok) {\n                throw new Error(data.error || \'ID detection failed\');\n            }\n    \n            updateParticipantsSheetMetadata(data);\n\n                const availableSourceColumns = Array.isArray(data.columns) ? data.columns : [];\n                const preservedId = getCurrentParticipantsIdColumnValue(availableSourceColumns);\n                const idSelectionRequired = Boolean(data.id_selection_required);\n                const detectedId = String(data.source_id_column || data.suggested_id_column || data.id_column || \'\').trim();\n                const selectedId = preservedId || detectedId;\n\n            setParticipantsIdSelectionRequired(idSelectionRequired);\n            setParticipantsIdColumnOptions(\n                    availableSourceColumns,\n                selectedId,\n                false\n            );\n\n            if (idSelectionRequired) {\n                if (idHint) idHint.textContent = \'Select the source ID column manually. It will be renamed to participant_id.\';\n            } else {\n                if (idSelect && selectedId) idSelect.value = selectedId;\n                if (idHint) idHint.textContent = \'Confirm or change the detected source ID column. It will be renamed to participant_id in output.\';\n            }\n            if (selectedId) {\n                rememberParticipantsIdColumn(selectedId);\n            } else if (idSelectionRequired) {\n                clearRememberedParticipantsIdColumn();\n            }\n            if (idGroup) idGroup.classList.remove(\'d-none\');\n        } catch (error) {\n            participantsExcelSheetCount = null;\n            participantsShowSheetSelector = null;\n            participantsSheetMetadataPending = false;\n            updateParticipantsInputVisibility();\n            console.warn(\'Participants ID auto-detection failed:\', error);\n            clearRememberedParticipantsIdColumn();\n            setParticipantsIdColumnOptions([], \'\', false);\n            setParticipantsIdSelectionRequired(true);\n            if (idHint) idHint.textContent = \'Automatic detection unavailable. Select the source ID column manually.\';\n            if (idGroup) idGroup.classList.remove(\'d-none\');\n        }\n    }\n    \n    // Enable/disable buttons based on file selection and preview state\n    function updateParticipantsButtonState({ skipIdAutoDetect = false } = {}) {\n        const mode = getParticipantsWorkflowMode();\n        const hasSelectedCase = hasParticipantsSelectedCase();\n        const selectedSource = getParticipantsSelectedLocalFile() || getParticipantsSelectedServerFilePath();\n        const hasFile = Boolean(selectedSource);\n        \n        const previewBtn = document.getElementById(\'participantsPreviewBtn\');\n        const convertBtn = document.getElementById(\'participantsConvertBtn\');\n        const saveAnnotBtn = document.getElementById(\'saveNeurobagelBtn\');\n        const warningDiv = document.getElementById(\'participantsExistingFilesWarning\');\n\n        if (!hasSelectedCase) {\n            participantsExcelSheetCount = null;\n            participantsShowSheetSelector = null;\n            participantsSheetMetadataPending = false;\n\n            if (previewBtn) previewBtn.disabled = true;\n            if (convertBtn) convertBtn.disabled = true;\n            if (saveAnnotBtn) saveAnnotBtn.disabled = true;\n            if (warningDiv) warningDiv.classList.add(\'d-none\');\n            updateParticipantsInputVisibility();\n            updateParticipantsSelectedFileName();\n            updateParticipantsMergeApplyStatusBadge();\n            return;\n        }\n\n        if (mode === \'existing\') {\n            participantsExcelSheetCount = null;\n            participantsShowSheetSelector = null;\n            participantsSheetMetadataPending = false;\n\n            if (previewBtn) previewBtn.disabled = !canModifyExistingParticipants();\n            if (convertBtn) convertBtn.disabled = !canApplyParticipantsConversion();\n            if (saveAnnotBtn) saveAnnotBtn.disabled = !participantsPreviewCompleted;\n            if (warningDiv) warningDiv.classList.add(\'d-none\');\n            updateParticipantsInputVisibility();\n            updateParticipantsSelectedFileName();\n            updateParticipantsMergeApplyStatusBadge();\n            return;\n        }\n        \n        if (hasFile) {\n            if (!skipIdAutoDetect) {\n                participantsExcelSheetCount = null;\n                participantsShowSheetSelector = null;\n                participantsSheetMetadataPending = isExcelParticipantsFile(selectedSource);\n            }\n            if (previewBtn) previewBtn.disabled = false;\n            // Convert is only enabled if preview has been completed\n            if (convertBtn) convertBtn.disabled = !canApplyParticipantsConversion();\n            if (saveAnnotBtn) saveAnnotBtn.disabled = !participantsPreviewCompleted;\n            if (warningDiv) warningDiv.classList.add(\'d-none\');\n            updateParticipantsInputVisibility();\n            if (!skipIdAutoDetect) {\n                autoDetectParticipantsIdColumn();\n            }\n        } else {\n            participantsExcelSheetCount = null;\n            participantsShowSheetSelector = null;\n            participantsSheetMetadataPending = false;\n            if (previewBtn) previewBtn.disabled = true;\n            if (convertBtn) convertBtn.disabled = true;\n            if (saveAnnotBtn) saveAnnotBtn.disabled = true;\n            participantsPreviewCompleted = false;\n            updateParticipantsInputVisibility();\n        }\n    \n        updateParticipantsSelectedFileName();\n        updateParticipantsMergeApplyStatusBadge();\n    }\n\n    function setParticipantsPrimaryActionButtonsDisabled(disabled) {\n        const previewBtn = document.getElementById(\'participantsPreviewBtn\');\n        const convertBtn = document.getElementById(\'participantsConvertBtn\');\n        if (previewBtn) previewBtn.disabled = disabled;\n        if (convertBtn) convertBtn.disabled = disabled;\n    }\n    \n    // Attach event listener\n    const fileInput = document.getElementById(\'participantsDataFile\');\n    if (fileInput) {\n        fileInput.addEventListener(\'change\', function() {\n            participantsServerFilePath = \'\';\n            resetParticipantsPanelState();\n            updateParticipantsButtonState();\n        });\n    }\n\n    if (fileInput) {\n        participantsSourcedataQuickSelectController.initialize();\n    }\n    \n    const participantsChooseFileBtn = document.getElementById(\'participantsChooseFileBtn\');\n    if (participantsChooseFileBtn && fileInput) {\n        participantsChooseFileBtn.addEventListener(\'click\', function() {\n            fileInput.click();\n        });\n    }\n\n    const participantsBrowseServerFileBtn = document.getElementById(\'participantsBrowseServerFileBtn\');\n    if (participantsBrowseServerFileBtn) {\n        participantsBrowseServerFileBtn.addEventListener(\'click\', async function() {\n            const pickedPath = await pickServerFile({\n                title: \'Select Participants File on Server\',\n                confirmLabel: \'Use This File\',\n                extensions: \'.xlsx,.csv,.tsv,.sav,.rds,.rdata,.rda,.lsa\',\n                startPath: getParticipantsSelectedServerFilePath(),\n            });\n            if (!pickedPath) {\n                return;\n            }\n\n            participantsServerFilePath = String(pickedPath || \'\').trim();\n            if (fileInput) {\n                fileInput.value = \'\';\n            }\n\n            resetParticipantsPanelState();\n            updateParticipantsButtonState();\n        });\n    }\n    \n    const participantsClearFileBtn = document.getElementById(\'participantsClearFileBtn\');\n    if (participantsClearFileBtn && fileInput) {\n        participantsClearFileBtn.addEventListener(\'click\', function() {\n            clearParticipantsSelectedFile({ resetSourcedataSelection: true });\n            resetParticipantsPanelState();\n            updateParticipantsButtonState();\n        });\n    }\n\n    const participantsIdColumn = document.getElementById(\'participantsIdColumn\');\n    if (participantsIdColumn) {\n        participantsIdColumn.addEventListener(\'change\', function() {\n            rememberParticipantsIdColumn(this.value);\n            resetParticipantsPanelState({ preserveImportConfig: true });\n            updateParticipantsButtonState({ skipIdAutoDetect: true });\n        });\n    }\n    \n    const sheetInput = document.getElementById(\'participantsSheet\');\n    if (sheetInput) {\n        sheetInput.addEventListener(\'change\', function() {\n            const selectedSource = getParticipantsSelectedLocalFile() || getParticipantsSelectedServerFilePath();\n            if (isExcelParticipantsFile(selectedSource)) {\n                autoDetectParticipantsIdColumn();\n            }\n        });\n    }\n    \n    const participantsSeparator = document.getElementById(\'participantsSeparator\');\n    if (participantsSeparator) {\n        participantsSeparator.addEventListener(\'change\', function() {\n            const selectedSource = getParticipantsSelectedLocalFile() || getParticipantsSelectedServerFilePath();\n            if (isDelimitedParticipantsFile(selectedSource)) {\n                autoDetectParticipantsIdColumn();\n            }\n        });\n    }\n\n    window.addEventListener(\'prism-library-settings-changed\', function() {\n        applyParticipantsPickerUiState();\n    });\n\n    if (!window.__participantsProjectChangeListenerBound) {\n        window.addEventListener(\'prism-project-changed\', function() {\n            resetParticipantsPanelState();\n            updateParticipantsButtonState();\n            participantsSourcedataQuickSelectController.refresh(resolveCurrentProjectPath());\n        });\n        window.__participantsProjectChangeListenerBound = true;\n    }\n\n    if (window.PrismFileSystemMode && typeof window.PrismFileSystemMode.init === \'function\') {\n        window.PrismFileSystemMode.init().then(() => {\n            applyParticipantsPickerUiState();\n        }).catch(() => {\n            // Keep host picker behavior on init failure.\n        });\n    }\n\n    const participantsCaseGuideCards = document.getElementById(\'participantsCaseGuideCards\');\n    if (participantsCaseGuideCards) {\n        participantsCaseGuideCards.addEventListener(\'click\', function(event) {\n            const trigger = event.target.closest(\'[data-participants-case-id]\');\n            if (!trigger) {\n                return;\n            }\n\n            const caseId = trigger.getAttribute(\'data-participants-case-id\');\n            if (!caseId || participantsSelectedCaseId === caseId) {\n                return;\n            }\n\n            applyParticipantsWorkflowCase(caseId);\n            resetParticipantsPanelState();\n            updateParticipantsWorkflowModeUi();\n            updateParticipantsButtonState();\n            renderParticipantsOverwriteWarning(false);\n        });\n    }\n    \n    // Run immediately\n    updateParticipantsInputVisibility();\n    updateParticipantsButtonState();\n    applyParticipantsPickerUiState();\n    setParticipantsAdditionalVariablesEnabled(false);\n\n    function renderParticipantsOverwriteWarning(showWarning = false) {\n        const warningDiv = document.getElementById(\'participantsExistingFilesWarning\');\n        const messageSpan = document.getElementById(\'participantsExistingFilesMessage\');\n        if (!warningDiv || !messageSpan) {\n            return;\n        }\n\n        const mode = getParticipantsWorkflowMode();\n        const show = Boolean(showWarning)\n            && mode === \'file\'\n            && getParticipantsFileAction() === \'replace\'\n            && participantsExistingFilesInfo\n            && participantsExistingFilesInfo.exists;\n\n        if (!show) {\n            warningDiv.classList.add(\'d-none\');\n            return;\n        }\n\n        const files = getExistingParticipantFileNames();\n        messageSpan.textContent = files.length > 0\n            ? `Found existing files: ${files.join(\', \')}`\n            : \'Existing participant files will be overwritten.\';\n        warningDiv.classList.remove(\'d-none\');\n    }\n    \n    // Check for existing participant files\n    async function checkExistingParticipantFiles(options = {}) {\n        const showOverwriteWarning = Boolean(options && options.showOverwriteWarning);\n        try {\n            const response = await fetchWithApiFallback(\'/api/participants-check\');\n            const data = await response.json();\n            const canModify = Boolean(data && (data.can_modify_existing || data.has_participants_tsv));\n\n            participantsExistingFilesInfo = {\n                exists: Boolean(data && data.exists),\n                files: (data && typeof data.files === \'object\' && data.files) ? data.files : {},\n                has_participants_tsv: Boolean(data && data.has_participants_tsv),\n                has_participants_json: Boolean(data && data.has_participants_json),\n                can_modify_existing: canModify,\n                workflow: (data && typeof data.workflow === \'object\' && data.workflow)\n                    ? data.workflow\n                    : {\n                        state: canModify ? \'case_selection_required\' : \'import_required\',\n                        available_cases: canModify ? [\'1\', \'2\', \'3\'] : [\'1\'],\n                        requires_case_selection: canModify,\n                        default_case: canModify ? null : \'1\',\n                        show_case_guide: canModify,\n                        mode_options: canModify ? [\'file\', \'existing\'] : [\'file\'],\n                        file_actions: canModify ? [\'replace\', \'merge\'] : [\'replace\'],\n                        metadata_without_tsv: Boolean(data && data.has_participants_json && !data.has_participants_tsv),\n                    },\n            };\n\n            syncParticipantsWorkflowSelection();\n            updateParticipantsWorkflowModeUi();\n            updateParticipantsButtonState();\n            renderParticipantsOverwriteWarning(showOverwriteWarning);\n            return participantsExistingFilesInfo;\n        } catch (error) {\n            console.error(\'Error checking existing files:\', error);\n            participantsExistingFilesInfo = {\n                exists: false,\n                files: {},\n                has_participants_tsv: false,\n                has_participants_json: false,\n                can_modify_existing: false,\n                workflow: {\n                    state: \'import_required\',\n                    available_cases: [\'1\'],\n                    requires_case_selection: false,\n                    default_case: \'1\',\n                    show_case_guide: false,\n                    mode_options: [\'file\'],\n                    file_actions: [\'replace\'],\n                    metadata_without_tsv: false,\n                },\n            };\n            syncParticipantsWorkflowSelection();\n            updateParticipantsWorkflowModeUi();\n            updateParticipantsButtonState();\n            renderParticipantsOverwriteWarning(false);\n            return participantsExistingFilesInfo;\n        }\n    }\n\n    checkExistingParticipantFiles({ showOverwriteWarning: false });\n\n    function normalizeParticipantAdditionalColumn(value) {\n        return String(value || \'\').trim().toLowerCase().replace(/[^a-z0-9]+/g, \'\');\n    }\n\n    function ensureExcludedParticipantColumnsState() {\n        if (!Array.isArray(window.excludedParticipantColumns)) {\n            window.excludedParticipantColumns = [];\n        }\n        return window.excludedParticipantColumns;\n    }\n\n    function getUniqueExcludedParticipantColumns() {\n        return Array.isArray(window.excludedParticipantColumns)\n            ? [...new Set(window.excludedParticipantColumns.map((columnName) => String(columnName || \'\').trim()).filter(Boolean))]\n            : [];\n    }\n\n    function appendExcludedParticipantColumns(formData) {\n        const excludedColumns = getUniqueExcludedParticipantColumns();\n        if (excludedColumns.length > 0) {\n            formData.append(\'excluded_columns\', JSON.stringify(excludedColumns));\n        }\n    }\n\n    function collectExcludedParticipantAdditionalColumns(previewColumns = []) {\n        const excluded = new Set(\n            (Array.isArray(previewColumns) ? previewColumns : [])\n                .map(normalizeParticipantAdditionalColumn)\n                .filter(Boolean)\n        );\n\n        const liveColumns = [\n            ...(Array.isArray(window.currentAdditionalParticipantColumns) ? window.currentAdditionalParticipantColumns : []),\n            ...(Array.isArray(window.pendingAdditionalParticipantColumns) ? window.pendingAdditionalParticipantColumns : []),\n        ];\n\n        liveColumns.forEach((columnName) => {\n            const normalized = normalizeParticipantAdditionalColumn(columnName);\n            if (normalized) {\n                excluded.add(normalized);\n            }\n        });\n\n        return excluded;\n    }\n\n    function setParticipantsAdditionalVariablesEnabled(hasAdditionalVariables) {\n        const createParticipantMappingBtn = document.getElementById(\'createParticipantMappingBtn\');\n        if (!createParticipantMappingBtn) {\n            return;\n        }\n        createParticipantMappingBtn.disabled = !Boolean(hasAdditionalVariables);\n    }\n\n    window.setParticipantsAdditionalVariablesEnabled = setParticipantsAdditionalVariablesEnabled;\n\n    function getProtectedParticipantVariableColumns(previewData = window.lastParticipantsPreviewData) {\n        const protectedColumns = new Set([\'participantid\']);\n        const selectedSourceId = String(\n            getCurrentParticipantsIdColumnValue(\n                Array.isArray(previewData?.source_columns) ? previewData.source_columns : null\n            )\n            || previewData?.source_id_column\n            || \'\'\n        ).trim();\n        const normalizedSourceId = normalizeParticipantAdditionalColumn(selectedSourceId);\n        if (normalizedSourceId) {\n            protectedColumns.add(normalizedSourceId);\n        }\n        return protectedColumns;\n    }\n\n    window.canRemoveParticipantVariable = function(variableName) {\n        const normalizedTarget = normalizeParticipantAdditionalColumn(variableName);\n        if (!normalizedTarget) {\n            return false;\n        }\n\n        // Never allow deleting the required participant ID column or its active source alias.\n        const protectedColumns = getProtectedParticipantVariableColumns();\n        if (protectedColumns.has(normalizedTarget)) {\n            return false;\n        }\n\n        const previewColumns = Array.isArray(window.lastParticipantsPreviewData?.columns)\n            ? window.lastParticipantsPreviewData.columns\n            : [];\n        const participantsColumnMap =\n            window.participantsTsvData && typeof window.participantsTsvData === \'object\'\n                ? window.participantsTsvData\n                : {};\n        const knownTsvColumns = previewColumns.length > 0\n            ? previewColumns\n            : Object.keys(participantsColumnMap);\n        const knownWidgetColumns =\n            window.neurobagelWidgetState\n                && typeof window.neurobagelWidgetState === \'object\'\n                && window.neurobagelWidgetState.allColumns\n                && typeof window.neurobagelWidgetState.allColumns === \'object\'\n                ? Object.keys(window.neurobagelWidgetState.allColumns)\n                : [];\n        return [...knownTsvColumns, ...knownWidgetColumns].some((columnName) => (\n            normalizeParticipantAdditionalColumn(columnName) === normalizedTarget\n        ));\n    };\n\n    function applyExcludedColumnsToParticipantsPreviewData(previewData) {\n        if (!previewData || typeof previewData !== \'object\') {\n            return previewData;\n        }\n\n        const excludedColumns = getUniqueExcludedParticipantColumns()\n            .map(normalizeParticipantAdditionalColumn)\n            .filter(Boolean);\n        if (excludedColumns.length === 0) {\n            return previewData;\n        }\n\n        const protectedColumns = getProtectedParticipantVariableColumns(previewData);\n        const excludedColumnSet = new Set(\n            excludedColumns.filter((columnName) => !protectedColumns.has(columnName))\n        );\n        if (excludedColumnSet.size === 0) {\n            return previewData;\n        }\n\n        const previewColumns = Array.isArray(previewData.columns)\n            ? previewData.columns.filter((columnName) => {\n                const normalized = normalizeParticipantAdditionalColumn(columnName);\n                return !normalized || !excludedColumnSet.has(normalized);\n            })\n            : [];\n        const allowedColumns = new Set(\n            previewColumns.map(normalizeParticipantAdditionalColumn).filter(Boolean)\n        );\n\n        previewData.columns = previewColumns;\n        previewData.extracted_columns = previewColumns.length;\n\n        if (previewData.column_values && typeof previewData.column_values === \'object\') {\n            previewData.column_values = Object.fromEntries(\n                Object.entries(previewData.column_values).filter(([columnName]) => {\n                    const normalized = normalizeParticipantAdditionalColumn(columnName);\n                    return !normalized || allowedColumns.has(normalized);\n                })\n            );\n        }\n\n        if (Array.isArray(previewData.preview_rows)) {\n            previewData.preview_rows = previewData.preview_rows.map((row) => {\n                if (!row || typeof row !== \'object\') {\n                    return row;\n                }\n\n                const filteredRow = {};\n                previewColumns.forEach((columnName) => {\n                    filteredRow[columnName] = row[columnName];\n                });\n                return filteredRow;\n            });\n        }\n\n        if (previewData.neurobagel_schema && typeof previewData.neurobagel_schema === \'object\') {\n            previewData.neurobagel_schema = Object.fromEntries(\n                Object.entries(previewData.neurobagel_schema).filter(([columnName]) => {\n                    const normalized = normalizeParticipantAdditionalColumn(columnName);\n                    return !normalized || allowedColumns.has(normalized);\n                })\n            );\n        }\n\n        return previewData;\n    }\n\n    function refreshParticipantsPreviewAfterAdditionalVariableChange() {\n        const previewBtn = document.getElementById(\'participantsPreviewBtn\');\n        if (!previewBtn || previewBtn.disabled) {\n            return false;\n        }\n\n        const mode = getParticipantsWorkflowMode();\n        if (mode === \'file\' && !hasParticipantsFileSelection()) {\n            return false;\n        }\n        if (mode === \'existing\' && !canModifyExistingParticipants()) {\n            return false;\n        }\n        if (!window.lastParticipantsPreviewData) {\n            return false;\n        }\n\n        window.setTimeout(() => {\n            try {\n                previewBtn.click();\n            } catch (error) {\n                console.warn(\'Could not refresh participants preview after additional variable change:\', error);\n            }\n        }, 0);\n\n        return true;\n    }\n\n    window.refreshParticipantsPreviewAfterAdditionalVariableChange = refreshParticipantsPreviewAfterAdditionalVariableChange;\n\n    const createParticipantMappingBtn = document.getElementById(\'createParticipantMappingBtn\');\n    if (createParticipantMappingBtn) {\n        createParticipantMappingBtn.addEventListener(\'click\', function() {\n            const currentProjectPath = resolveCurrentProjectPath();\n            if (!currentProjectPath) {\n                alert(\'Please load a project first to add additional variables. Projects are managed in the Projects page.\');\n                return;\n            }\n\n            document.getElementById(\'mappingColumnsContainer\').classList.remove(\'d-none\');\n            document.getElementById(\'mappingSuccess\').classList.add(\'d-none\');\n            document.getElementById(\'mappingError\').classList.add(\'d-none\');\n            document.getElementById(\'saveMappingBtn\').classList.remove(\'d-none\');\n            document.getElementById(\'cancelMappingBtn\').classList.remove(\'d-none\');\n            document.getElementById(\'closeMappingBtn\').classList.add(\'d-none\');\n\n            const modal = new bootstrap.Modal(document.getElementById(\'participantMappingModal\'));\n            let mappingCandidates = [];\n\n            if (window.lastParticipantsPreviewData && Array.isArray(window.lastParticipantsPreviewData.columns)) {\n                const p = window.lastParticipantsPreviewData;\n                const idCol = p.source_id_column || p.id_column;\n                const idColNormalized = normalizeParticipantAdditionalColumn(idCol);\n                const schema = p.neurobagel_schema || {};\n                const defaultPreviewCols = Array.isArray(p.columns) ? p.columns : [];\n                const excludedColumns = collectExcludedParticipantAdditionalColumns(defaultPreviewCols);\n                const participantColumns = Array.isArray(p.source_columns) && p.source_columns.length > 0\n                    ? p.source_columns\n                    : p.columns;\n                const previewRows = Array.isArray(p.preview_rows) ? p.preview_rows : [];\n\n                function inferReason(colName, values) {\n                    const lower = String(colName || \'\').toLowerCase();\n                    const cleaned = (values || [])\n                        .map(v => String(v ?? \'\').trim())\n                        .filter(v => v.length > 0);\n\n                    if ([\'date\', \'time\', \'timestamp\', \'datetime\'].some(t => lower.includes(t))) {\n                        return \'Inferred as date/time from column name\';\n                    }\n\n                    const dateLikeRegex = /^(\\d{1,2}[./-]\\d{1,2}[./-]\\d{2,4}|\\d{4}[./-]\\d{1,2}[./-]\\d{1,2})(\\s+\\d{1,2}:\\d{2}(:\\d{2})?)?$/;\n                    const dateLikeCount = cleaned.filter(v => dateLikeRegex.test(v) || !Number.isNaN(Date.parse(v))).length;\n                    if (cleaned.length > 0 && (dateLikeCount / cleaned.length) >= 0.6) {\n                        return \'Inferred as date/time from values\';\n                    }\n\n                    const uniqueCount = new Set(cleaned).size;\n                    const numericValues = cleaned.map(v => Number(v)).filter(v => !Number.isNaN(v));\n                    const numericRatio = cleaned.length ? (numericValues.length / cleaned.length) : 0;\n\n                    if (numericRatio > 0.8 && uniqueCount > 10) {\n                        return \'Inferred as continuous (mostly numeric with many unique values)\';\n                    }\n                    if (uniqueCount <= 10) {\n                        return \'Inferred as categorical (few unique values)\';\n                    }\n                    return \'Inferred as text/string (default)\';\n                }\n\n                const questionnaireColSet = new Set(Array.isArray(p.questionnaire_like_columns) ? p.questionnaire_like_columns : []);\n                mappingCandidates = participantColumns\n                    .filter(col => {\n                        const normalized = normalizeParticipantAdditionalColumn(col);\n                        return normalized !== idColNormalized\n                            && !questionnaireColSet.has(col)\n                            && normalized\n                            && !excludedColumns.has(normalized);\n                    })\n                    .map(col => ({\n                        field_code: col,\n                        description: schema[col]?.Description || \'\',\n                        infer_reason: inferReason(\n                            col,\n                            previewRows\n                                .map(row => row ? row[col] : null)\n                                .filter(v => v !== null && v !== undefined && String(v).trim() !== \'\')\n                        )\n                    }));\n            } else if (window.lastPreviewData && window.lastPreviewData.participants_tsv) {\n                const tsv = window.lastPreviewData.participants_tsv;\n                mappingCandidates = tsv.unused_columns || [];\n            }\n\n            if (mappingCandidates.length > 0) {\n                renderParticipantMappingForm(mappingCandidates);\n            } else {\n                document.getElementById(\'saveMappingBtn\').disabled = true;\n                document.getElementById(\'mappingColumnsContainer\').innerHTML =\n                    \'<div class="alert alert-warning"><i class="fas fa-exclamation-triangle me-2"></i>No preview data available. Please run a preview first.</div>\';\n            }\n\n            modal.show();\n        });\n    }\n\n    function renderParticipantMappingForm(unusedCols) {\n        const container = document.getElementById(\'mappingColumnsContainer\');\n\n        if (!unusedCols || unusedCols.length === 0) {\n            container.innerHTML = \'<div class="alert alert-info"><i class="fas fa-info-circle me-2"></i>No additional variables available to add.</div>\';\n            document.getElementById(\'saveMappingBtn\').disabled = true;\n            return;\n        }\n\n        let html = `\n            <div class="mb-3">\n                <h6>Select columns to include in participants.tsv (on next Extract & Convert):</h6>\n                <div class="form-check-list" style="max-height: 300px; overflow-y: auto;">\n        `;\n\n        unusedCols.forEach((item, idx) => {\n            const fieldCode = typeof item === \'object\' ? item.field_code : item;\n            const description = typeof item === \'object\' ? (item.description || \'\') : \'\';\n            const inferReason = typeof item === \'object\' ? (item.infer_reason || \'\') : \'\';\n            const safeFieldCode = escapeHtml(fieldCode || \'\');\n            const safeDescription = escapeHtml(description || \'\');\n            const safeInferReason = escapeHtml(String(inferReason || \'\'));\n            const inferIcon = inferReason\n                ? `<i class="fas fa-circle-info text-muted ms-1" title="${safeInferReason}"></i>`\n                : \'\';\n\n            html += `\n                <div class="form-check mb-2">\n                    <input class="form-check-input col-selector" type="checkbox" id="col_${idx}" value="${safeFieldCode}" data-description="${safeDescription}">\n                    <label class="form-check-label" for="col_${idx}">\n                        <strong>${safeFieldCode}</strong>${inferIcon}\n                        ${safeDescription ? `<br><small class="text-muted">→ ${safeDescription}</small>` : \'\'}\n                    </label>\n                </div>\n            `;\n        });\n\n        html += `\n                </div>\n            </div>\n        `;\n\n        container.innerHTML = html;\n\n        const checkboxes = document.querySelectorAll(\'.col-selector\');\n        const updateSaveBtn = () => {\n            const hasSelection = Array.from(checkboxes).some(cb => cb.checked);\n            document.getElementById(\'saveMappingBtn\').disabled = !hasSelection;\n        };\n\n        checkboxes.forEach(cb => {\n            cb.addEventListener(\'change\', updateSaveBtn);\n        });\n    }\n\n    const saveMappingBtn = document.getElementById(\'saveMappingBtn\');\n    if (saveMappingBtn) {\n        saveMappingBtn.addEventListener(\'click\', async function() {\n            const selected = Array.from(document.querySelectorAll(\'.col-selector:checked\'));\n\n            if (selected.length === 0) {\n                alert(\'Please select at least one column\');\n                return;\n            }\n\n            const mapping = {\n                version: \'1.0\',\n                description: \'Additional variables mapping created from PRISM web UI\',\n                mappings: {}\n            };\n            const selectedColumnsForNeurobagel = [];\n            selected.forEach(checkbox => {\n                const fieldCode = String(checkbox.value || \'\').trim();\n                if (!fieldCode) return;\n\n                const description = String(checkbox.getAttribute(\'data-description\') || \'\').trim();\n                mapping.mappings[fieldCode] = {\n                    source_column: fieldCode,\n                    standard_variable: fieldCode,\n                    type: \'string\'\n                };\n                if (description) {\n                    mapping.mappings[fieldCode].description = description;\n                }\n\n                selectedColumnsForNeurobagel.push({\n                    name: fieldCode,\n                    description: description,\n                });\n            });\n\n            const libraryPath = document.getElementById(\'convertLibraryPath\')?.value || \'\';\n\n            try {\n                const response = await fetchWithApiFallback(\'/api/save-participant-mapping\', {\n                    method: \'POST\',\n                    headers: {\n                        \'Content-Type\': \'application/json\'\n                    },\n                    body: JSON.stringify({\n                        mapping: mapping,\n                        library_path: libraryPath\n                    })\n                });\n\n                const result = await response.json();\n\n                if (!response.ok) {\n                    throw new Error(result.error || \'Failed to save additional variables selection\');\n                }\n\n                exposeAdditionalVariablesToNeurobagel(selectedColumnsForNeurobagel);\n                showMappingSuccess();\n            } catch (err) {\n                showMappingError(err.message);\n            }\n        });\n    }\n\n    function exposeAdditionalVariablesToNeurobagel(selectedColumns) {\n        if (!Array.isArray(selectedColumns) || selectedColumns.length === 0) {\n            return;\n        }\n\n        const pendingNames = new Set(\n            Array.isArray(window.pendingAdditionalParticipantColumns)\n                ? window.pendingAdditionalParticipantColumns.map(v => String(v || \'\').trim()).filter(Boolean)\n                : []\n        );\n\n        if (!window.currentAdditionalParticipantColumns || !Array.isArray(window.currentAdditionalParticipantColumns)) {\n            window.currentAdditionalParticipantColumns = [];\n        }\n        if (!window.currentAdditionalParticipantDescriptions || typeof window.currentAdditionalParticipantDescriptions !== \'object\') {\n            window.currentAdditionalParticipantDescriptions = {};\n        }\n\n        selectedColumns.forEach(({ name }) => {\n            const cleanedName = String(name || \'\').trim();\n            if (cleanedName) {\n                pendingNames.add(cleanedName);\n                if (!window.currentAdditionalParticipantColumns.includes(cleanedName)) {\n                    window.currentAdditionalParticipantColumns.push(cleanedName);\n                }\n            }\n        });\n\n        const excludedColumns = ensureExcludedParticipantColumnsState();\n        window.excludedParticipantColumns = excludedColumns.filter((columnName) => {\n            const normalizedColumn = normalizeParticipantAdditionalColumn(columnName);\n            return !selectedColumns.some(({ name }) => normalizeParticipantAdditionalColumn(name) === normalizedColumn);\n        });\n\n        selectedColumns.forEach(({ name, description }) => {\n            const cleanedName = String(name || \'\').trim();\n            if (!cleanedName) return;\n            window.currentAdditionalParticipantDescriptions[cleanedName] = String(description || \'\').trim();\n        });\n\n        window.pendingAdditionalParticipantColumns = Array.from(pendingNames);\n\n        const participantsTsvData = (window.participantsTsvData && typeof window.participantsTsvData === \'object\')\n            ? window.participantsTsvData\n            : {};\n\n        selectedColumns.forEach(({ name }) => {\n            const cleanedName = String(name || \'\').trim();\n            if (cleanedName && !Object.prototype.hasOwnProperty.call(participantsTsvData, cleanedName)) {\n                participantsTsvData[cleanedName] = [];\n            }\n        });\n        window.participantsTsvData = participantsTsvData;\n\n        if (!window.existingParticipantsData || typeof window.existingParticipantsData !== \'object\') {\n            window.existingParticipantsData = {};\n        }\n        selectedColumns.forEach(({ name, description }) => {\n            const cleanedName = String(name || \'\').trim();\n            if (!cleanedName) return;\n\n            const existingDef = window.existingParticipantsData[cleanedName];\n            if (!existingDef || typeof existingDef !== \'object\') {\n                window.existingParticipantsData[cleanedName] = {\n                    Description: description || \'\'\n                };\n            } else if (!existingDef.Description && description) {\n                existingDef.Description = description;\n            }\n        });\n\n        if (typeof window.renderNeurobagelWidget === \'function\') {\n            window.renderNeurobagelWidget().catch((error) => {\n                console.warn(\'Could not re-render NeuroBagel widget after adding variables:\', error);\n            });\n        }\n    }\n\n    window.removeAdditionalParticipantVariable = async function(variableName) {\n        const cleanedName = String(variableName || \'\').trim();\n        if (!cleanedName) return;\n\n        const normalizedTarget = normalizeParticipantAdditionalColumn(cleanedName);\n        const protectedColumns = getProtectedParticipantVariableColumns();\n        if (normalizedTarget && protectedColumns.has(normalizedTarget)) {\n            return;\n        }\n\n        if (Array.isArray(window.pendingAdditionalParticipantColumns)) {\n            window.pendingAdditionalParticipantColumns = window.pendingAdditionalParticipantColumns\n                .map(v => String(v || \'\').trim())\n                .filter(v => v && v !== cleanedName);\n        }\n\n        if (Array.isArray(window.currentAdditionalParticipantColumns)) {\n            window.currentAdditionalParticipantColumns = window.currentAdditionalParticipantColumns\n                .map(v => String(v || \'\').trim())\n                .filter(v => v && v !== cleanedName);\n        }\n\n        if (window.currentAdditionalParticipantDescriptions && typeof window.currentAdditionalParticipantDescriptions === \'object\') {\n            delete window.currentAdditionalParticipantDescriptions[cleanedName];\n        }\n\n        const excludedColumns = ensureExcludedParticipantColumnsState()\n            .map(v => String(v || \'\').trim())\n            .filter(Boolean);\n        if (!excludedColumns.includes(cleanedName)) {\n            excludedColumns.push(cleanedName);\n        }\n        window.excludedParticipantColumns = excludedColumns;\n\n        const mapping = {\n            version: \'1.0\',\n            description: \'Additional variables mapping created from PRISM web UI\',\n            mappings: {}\n        };\n\n        const allAdditional = Array.isArray(window.currentAdditionalParticipantColumns)\n            ? window.currentAdditionalParticipantColumns\n            : [];\n\n        allAdditional.forEach((columnName) => {\n            const normalized = String(columnName || \'\').trim();\n            if (!normalized) return;\n            const desc = window.currentAdditionalParticipantDescriptions\n                ? String(window.currentAdditionalParticipantDescriptions[normalized] || \'\').trim()\n                : \'\';\n\n            mapping.mappings[normalized] = {\n                source_column: normalized,\n                standard_variable: normalized,\n                type: \'string\'\n            };\n            if (desc) {\n                mapping.mappings[normalized].description = desc;\n            }\n        });\n\n        const libraryPath = document.getElementById(\'convertLibraryPath\')?.value || \'\';\n        const response = await fetchWithApiFallback(\'/api/save-participant-mapping\', {\n            method: \'POST\',\n            headers: {\n                \'Content-Type\': \'application/json\'\n            },\n            body: JSON.stringify({\n                mapping,\n                library_path: libraryPath\n            })\n        });\n\n        if (!response.ok) {\n            const payload = await response.json().catch(() => ({}));\n            throw new Error(payload.error || \'Failed to update additional variables mapping\');\n        }\n    };\n\n    function showMappingSuccess() {\n        document.getElementById(\'mappingColumnsContainer\').classList.add(\'d-none\');\n        document.getElementById(\'mappingSuccess\').classList.remove(\'d-none\');\n        document.getElementById(\'mappingError\').classList.add(\'d-none\');\n\n        document.getElementById(\'saveMappingBtn\').classList.add(\'d-none\');\n        document.getElementById(\'cancelMappingBtn\').classList.add(\'d-none\');\n        document.getElementById(\'closeMappingBtn\').classList.remove(\'d-none\');\n\n        const mappingModalEl = document.getElementById(\'participantMappingModal\');\n        const mappingModal = mappingModalEl ? bootstrap.Modal.getInstance(mappingModalEl) : null;\n        if (mappingModal) {\n            setTimeout(() => {\n                mappingModal.hide();\n\n                refreshParticipantsPreviewAfterAdditionalVariableChange();\n                // loadNeurobagelWidget() is intentionally not called here –\n                // refreshParticipantsPreviewAfterAdditionalVariableChange() triggers a\n                // full preview which ends with displayNeurobagelSchema() →\n                // loadNeurobagelWidget().  Calling it twice here causes a race\n                // condition that wipes in-session NeuroBagel enrichments before the\n                // user\'s Map click is reflected in the sidebar.\n\n                const neurobagelSection = document.getElementById(\'neurobagelSection\');\n                if (neurobagelSection) {\n                    neurobagelSection.scrollIntoView({ behavior: \'smooth\', block: \'start\' });\n                }\n            }, 350);\n        }\n    }\n\n    function showMappingError(message) {\n        document.getElementById(\'mappingError\').classList.remove(\'d-none\');\n        document.getElementById(\'mappingErrorText\').textContent = message;\n        document.getElementById(\'mappingSuccess\').classList.add(\'d-none\');\n    }\n    \n    function renderParticipantsPreviewTable(previewData, schemaOverride = null) {\n        if (!previewData) return;\n    \n        const table = document.getElementById(\'participantsPreviewTable\');\n        if (!table) return;\n        const thead = table.querySelector(\'thead\');\n        const tbody = table.querySelector(\'tbody\');\n        if (!thead || !tbody) return;\n    \n        const tsvColumns = Array.isArray(previewData.columns) ? previewData.columns : [];\n        const tsvColumnSet = new Set(tsvColumns.map(c => String(c).toLowerCase()));\n    \n        // Only show columns explicitly added by the user in this session via the\n        // "Additional Variables" modal. Avoid pulling in columns from a previously\n        // saved participants.tsv (which get merged into window.participantsTsvData\n        // when the widget opens and would falsely appear as CUSTOM).\n        const userAdded = [\n            ...(window.pendingAdditionalParticipantColumns || []),\n            ...(window.currentAdditionalParticipantColumns || [])\n        ];\n        const seen = new Set();\n        const extraColumns = userAdded\n            .map(c => String(c || \'\').trim())\n            .filter(c => c && !tsvColumnSet.has(c.toLowerCase()) && !seen.has(c.toLowerCase()) && seen.add(c.toLowerCase()));\n    \n        const columns = [...tsvColumns, ...extraColumns];\n        const previewRows = Array.isArray(previewData.preview_rows) ? previewData.preview_rows : [];\n        const idColumn = previewData.id_column;\n        const schema = schemaOverride || previewData.neurobagel_schema || {};\n    \n        // Returns the HTML-escaped raw source value for display in the preview.\n        function formatPreviewCell(colName, rawValue) {\n            if (rawValue === null || rawValue === undefined) {\n                return \'\';\n            }\n            const rawText = String(rawValue).trim();\n            return rawText.replace(/&/g,\'&amp;\').replace(/</g,\'&lt;\').replace(/>/g,\'&gt;\');\n        }\n    \n        thead.innerHTML = \'\';\n        tbody.innerHTML = \'\';\n    \n        const headerRow = document.createElement(\'tr\');\n        columns.forEach(col => {\n            const th = document.createElement(\'th\');\n            th.textContent = col;\n    \n            const nbField = schema?.[col];\n            // Use live widget state as the authoritative source for NeuroBagel mapping\n            // to avoid showing stale badges from a previously saved participants.json.\n            // Only flag as NeuroBagel if the term/variable matches a known concept.\n            const widgetColState = window.neurobagelWidgetState?.allColumns?.[col];\n            const knownMappings = Object.values(window.neurobagelCommonMappings || {});\n            const isKnownNBConcept = (colState) => {\n                if (!colState) return false;\n                const sv = String(colState.standardized_variable || \'\').trim().toLowerCase();\n                const tu = String(colState.term_url || \'\').trim().toLowerCase();\n                if (!sv && !tu) return false;\n                return knownMappings.some(m => m && (\n                    (sv && String(m.standardized_variable || \'\').trim().toLowerCase() === sv) ||\n                    (tu && String(m.term_url || \'\').trim().toLowerCase() === tu)\n                ));\n            };\n            const hasNeurobagelMapping = widgetColState\n                ? isKnownNBConcept(widgetColState)\n                : !!nbField?.Annotations?.IsAbout;\n            const variableType = widgetColState?.data_type || nbField?.Annotations?.VariableType;\n    \n            if (col === idColumn) {\n                th.innerHTML += \' <span class="badge bg-primary">ID</span>\';\n            }\n            if (extraColumns.includes(col)) {\n                th.innerHTML += \' <span class="badge bg-secondary" title="Custom column (not in source file)">CUSTOM</span>\';\n            }\n            if (hasNeurobagelMapping) {\n                th.innerHTML += \' <span class="badge bg-info">NB</span>\';\n            }\n            if (variableType) {\n                const normalizedType = String(variableType).toLowerCase();\n                const typeLabel = normalizedType === \'continuous\'\n                    ? \'CONT\'\n                    : (normalizedType === \'categorical\' ? \'CAT\' : String(variableType).toUpperCase());\n                const typeClass = normalizedType === \'continuous\'\n                    ? \'bg-success\'\n                    : (normalizedType === \'categorical\' ? \'bg-warning text-dark\' : \'bg-secondary\');\n                th.innerHTML += ` <span class="badge ${typeClass}">${typeLabel}</span>`;\n            }\n            headerRow.appendChild(th);\n        });\n        thead.appendChild(headerRow);\n    \n        previewRows.forEach(row => {\n            const tr = document.createElement(\'tr\');\n            columns.forEach(col => {\n                const td = document.createElement(\'td\');\n                const rawVal = row[col];\n                const hasData = rawVal !== null && rawVal !== undefined && String(rawVal).trim() !== \'\';\n                if (extraColumns.includes(col) && !hasData) {\n                    // Custom column with no data in this preview row\n                    td.innerHTML = \'<span class="text-muted" style="font-size:.8em">—</span>\';\n                    td.title = \'Not present in source file for this row\';\n                } else {\n                    td.innerHTML = formatPreviewCell(col, rawVal);\n                }\n                tr.appendChild(td);\n            });\n            tbody.appendChild(tr);\n        });\n    \n        refreshParticipantsWorkflowSummary();\n    }\n    \n    function countAvailableAdditionalParticipantColumns(previewData) {\n        if (!previewData || typeof previewData !== \'object\') {\n            return 0;\n        }\n    \n        const sourceColumns = Array.isArray(previewData.source_columns)\n            ? previewData.source_columns.map(col => String(col || \'\').trim()).filter(Boolean)\n            : [];\n        const defaultPreviewCols = new Set(\n            (Array.isArray(previewData.columns) ? previewData.columns : [])\n                .map(col => String(col || \'\').trim())\n                .filter(Boolean)\n        );\n        const questionnaireColSet = new Set(\n            (Array.isArray(previewData.questionnaire_like_columns) ? previewData.questionnaire_like_columns : [])\n                .map(col => String(col || \'\').trim())\n                .filter(Boolean)\n        );\n        const idCol = String(previewData.source_id_column || previewData.id_column || \'\').trim();\n    \n        if (sourceColumns.length > 0) {\n            const candidates = sourceColumns.filter(col => (\n                col\n                && col !== idCol\n                && !defaultPreviewCols.has(col)\n                && !questionnaireColSet.has(col)\n            ));\n            return new Set(candidates).size;\n        }\n    \n        // Fallback for legacy payloads that do not expose source/questionnaire columns.\n        const totalSourceColumns = Number(previewData.total_source_columns || 0);\n        const extractedColumns = Number(previewData.extracted_columns || 0);\n        return Math.max(0, totalSourceColumns - extractedColumns);\n    }\n    \n    function refreshParticipantsWorkflowSummary() {\n        const summary = document.getElementById(\'participantsWorkflowSummary\');\n        const columnsBadge = document.getElementById(\'participantsSummaryColumns\');\n        const mappedBadge = document.getElementById(\'participantsSummaryMapped\');\n        const recodesBadge = document.getElementById(\'participantsSummaryRecodes\');\n        const outputNote = document.getElementById(\'participantsWorkflowSummaryOutput\');\n    \n        if (!summary || !columnsBadge || !mappedBadge || !recodesBadge) {\n            return;\n        }\n\n        if (outputNote) {\n            outputNote.textContent = getParticipantsWorkflowUiCopy().workflowSummaryOutput;\n        }\n    \n        const previewData = window.lastParticipantsPreviewData;\n        const previewColumns = Array.isArray(previewData && previewData.columns)\n            ? previewData.columns.map(col => String(col || \'\').trim()).filter(Boolean)\n            : [];\n    \n        if (previewColumns.length === 0) {\n            summary.classList.add(\'d-none\');\n            return;\n        }\n    \n        const allColumns = window.neurobagelWidgetState?.allColumns || {};\n        const knownMappings = Object.values(window.neurobagelCommonMappings || {});\n    \n        function normalizeColName(value) {\n            return String(value || \'\').toLowerCase().replace(/_/g, \'\').trim();\n        }\n    \n        function findColumnState(colName) {\n            if (Object.prototype.hasOwnProperty.call(allColumns, colName)) {\n                return allColumns[colName];\n            }\n            const target = normalizeColName(colName);\n            const matchedKey = Object.keys(allColumns).find(key => normalizeColName(key) === target);\n            return matchedKey ? allColumns[matchedKey] : null;\n        }\n    \n        function isKnownNBConcept(colState) {\n            if (!colState) return false;\n            const sv = String(colState.standardized_variable || \'\').trim().toLowerCase();\n            const tu = String(colState.term_url || \'\').trim().toLowerCase();\n            if (!sv && !tu) return false;\n            return knownMappings.some(m => m && (\n                (sv && String(m.standardized_variable || \'\').trim().toLowerCase() === sv) ||\n                (tu && String(m.term_url || \'\').trim().toLowerCase() === tu)\n            ));\n        }\n    \n        let mappedCount = 0;\n        let recodeCount = 0;\n    \n        previewColumns.forEach(colName => {\n            const colState = findColumnState(colName);\n            if (!colState) return;\n    \n            if (isKnownNBConcept(colState)) {\n                mappedCount += 1;\n            }\n    \n            const rewriteMap = (colState && typeof colState.level_key_mappings === \'object\')\n                ? colState.level_key_mappings\n                : null;\n            if (!rewriteMap) return;\n    \n            Object.entries(rewriteMap).forEach(([sourceValue, targetValue]) => {\n                const src = String(sourceValue || \'\').trim();\n                const dst = String(targetValue || \'\').trim();\n                if (src && dst && src !== dst) {\n                    recodeCount += 1;\n                }\n            });\n        });\n    \n        columnsBadge.textContent = `${previewColumns.length} column${previewColumns.length === 1 ? \'\' : \'s\'}`;\n        mappedBadge.textContent = `${mappedCount} mapped`;\n        recodesBadge.textContent = `${recodeCount} value recode${recodeCount === 1 ? \'\' : \'s\'}`;\n        summary.classList.remove(\'d-none\');\n    }\n\n    function renderParticipantsMergeSummary(previewData) {\n        participantsMergeSummaryController.render(previewData);\n    }\n\n    function appendParticipantsFileImportFields(formData) {\n        const localFile = getParticipantsSelectedLocalFile();\n        const sourceFilePath = getParticipantsSelectedServerFilePath();\n        if (!localFile && !sourceFilePath) {\n            throw new Error(\'Please select a file.\');\n        }\n        if (localFile) {\n            formData.append(\'file\', localFile);\n        } else {\n            formData.append(\'source_file_path\', sourceFilePath);\n        }\n\n        const selectedSource = localFile || sourceFilePath;\n\n        const sheet = document.getElementById(\'participantsSheet\')?.value || \'\';\n        const idColumn = getCurrentParticipantsIdColumnValue(\n            Array.isArray(window.lastParticipantsPreviewData?.source_columns)\n                ? window.lastParticipantsPreviewData.source_columns\n                : null\n        );\n        const separator = document.getElementById(\'participantsSeparator\')?.value || \'auto\';\n        const idSelectionRequired = participantsIdSelectionRequired;\n\n        if (sheet && isExcelParticipantsFile(selectedSource)) {\n            formData.append(\'sheet\', sheet);\n        }\n        if (idSelectionRequired && (!idColumn || idColumn === \'auto\')) {\n            throw new Error(\'Please select the ID column. It will be renamed to participant_id.\');\n        }\n        if (idColumn && (idColumn !== \'auto\' || idSelectionRequired)) {\n            formData.append(\'id_column\', idColumn);\n        }\n        formData.append(\'separator\', separator);\n\n        const allExtra = [\n            ...(window.pendingAdditionalParticipantColumns || []),\n            ...(window.currentAdditionalParticipantColumns || []),\n        ].map((columnName) => String(columnName || \'\').trim()).filter(Boolean);\n        if (allExtra.length > 0) {\n            formData.append(\'extra_columns\', JSON.stringify([...new Set(allExtra)]));\n        }\n\n        appendExcludedParticipantColumns(formData);\n\n        return selectedSource;\n    }\n\n    function getParticipantsMergeHarmonizationDecisions() {\n        return getParticipantsMergeHarmonizationDecisionsPayload(\n            window.participantsMergeHarmonizationDecisions\n        );\n    }\n\n    function appendParticipantsMergeHarmonizationDecisions(formData) {\n        appendParticipantsMergeHarmonizationDecisionsPayload(\n            formData,\n            window.participantsMergeHarmonizationDecisions\n        );\n    }\n\n    function getParticipantsMergeSessionResolutionDecisions() {\n        return getParticipantsMergeSessionResolutionDecisionsPayload(\n            window.participantsMergeSessionResolutionDecisions\n        );\n    }\n\n    function appendParticipantsMergeSessionResolutionDecisions(formData) {\n        appendParticipantsMergeSessionResolutionDecisionsPayload(\n            formData,\n            window.participantsMergeSessionResolutionDecisions\n        );\n    }\n\n    function scheduleParticipantsMergePreviewRefresh() {\n        participantsMergePreviewRefreshController.schedule();\n    }\n\n    function buildParticipantsMergeConflictFormData() {\n        const formData = new FormData();\n        appendParticipantsFileImportFields(formData);\n        appendParticipantsMergeHarmonizationDecisions(formData);\n        appendParticipantsMergeSessionResolutionDecisions(formData);\n        return formData;\n    }\n\n    function getParticipantsProjectSchemaUrl(projectPath = resolveCurrentProjectPath()) {\n        return projectPath\n            ? `/api/projects/participants?project_path=${encodeURIComponent(projectPath)}`\n            : \'/api/projects/participants\';\n    }\n    \n    async function buildEffectivePreviewSchema(previewData) {\n        const baseSchema = (previewData && previewData.neurobagel_schema && typeof previewData.neurobagel_schema === \'object\')\n            ? { ...previewData.neurobagel_schema }\n            : {};\n        const projectPath = resolveCurrentProjectPath();\n\n        if (!projectPath) {\n            return baseSchema;\n        }\n    \n        try {\n            const response = await fetchWithApiFallback(getParticipantsProjectSchemaUrl(projectPath));\n            const payload = await response.json();\n            if (response.ok && payload.success && payload.exists && payload.schema && typeof payload.schema === \'object\') {\n                const projectSchema = payload.schema;\n                const merged = { ...baseSchema };\n    \n                Object.entries(projectSchema).forEach(([fieldName, fieldSchema]) => {\n                    if (!fieldName || typeof fieldSchema !== \'object\') return;\n                    const current = (merged[fieldName] && typeof merged[fieldName] === \'object\') ? merged[fieldName] : {};\n                    merged[fieldName] = { ...current, ...fieldSchema };\n                });\n    \n                return merged;\n            }\n        } catch (error) {\n            console.warn(\'Could not load project participants schema for preview merge:\', error);\n        }\n    \n        return baseSchema;\n    }\n    \n    // Preview button handler\n    document.getElementById(\'participantsPreviewBtn\')?.addEventListener(\'click\', async function() {\n        const previewResults = document.getElementById(\'participantsPreviewResults\');\n        const errorDiv = document.getElementById(\'participantsError\');\n        let previewStage = \'starting preview\';\n        \n        errorDiv.classList.add(\'d-none\');\n        previewResults.classList.add(\'d-none\');\n\n        if (!runController.tryStartRun()) {\n            return;\n        }\n        setParticipantsPrimaryActionButtonsDisabled(true);\n        \n        try {\n            previewStage = \'syncing annotation editor\';\n            if (typeof window.syncNeurobagelActiveEditorToState === \'function\') {\n                window.syncNeurobagelActiveEditorToState();\n            }\n\n            if (!hasParticipantsSelectedCase()) {\n                throw new Error(\'Choose Replace, Modify, or Merge before previewing participant data.\');\n            }\n    \n            previewStage = \'validating participants workflow mode\';\n            const mode = getParticipantsWorkflowMode();\n            const fileAction = mode === \'file\' ? getParticipantsFileAction() : \'replace\';\n            const previewEndpoint = mode === \'file\' && fileAction === \'merge\' && canModifyExistingParticipants()\n                ? \'/api/participants-merge\'\n                : \'/api/participants-preview\';\n            const formData = new FormData();\n            formData.append(\'mode\', mode);\n\n            if (mode === \'file\') {\n                appendParticipantsFileImportFields(formData);\n                if (previewEndpoint === \'/api/participants-merge\') {\n                    appendParticipantsMergeHarmonizationDecisions(formData);\n                    appendParticipantsMergeSessionResolutionDecisions(formData);\n                }\n            } else {\n                if (!canModifyExistingParticipants()) {\n                    throw new Error(\'Modify existing mode requires an existing participants.tsv in the current project.\');\n                }\n                appendExcludedParticipantColumns(formData);\n            }\n    \n            previewStage = \'requesting participants preview\';\n            const response = await fetchWithApiFallback(previewEndpoint, {\n                method: \'POST\',\n                body: formData\n            });\n            \n            previewStage = \'parsing preview response\';\n            const data = await response.json();\n            \n            if (!response.ok) {\n                if (response.status === 409 && data.error === \'id_column_required\') {\n                    const idGroup = document.getElementById(\'participantsIdColumnGroup\');\n                    const idHint = document.getElementById(\'participantsIdColumnHint\');\n                    const currentIdValue = getCurrentParticipantsIdColumnValue(data.columns || []);\n                    const suggestedId = String(data.suggested_id_column || \'\').trim();\n                    setParticipantsIdSelectionRequired(true);\n                    setParticipantsIdColumnOptions(\n                        data.columns || [],\n                        currentIdValue || suggestedId,\n                        false\n                    );\n                    if (idHint) idHint.textContent = \'Select the source ID column manually. It will be renamed to participant_id.\';\n                    if (idGroup) idGroup.classList.remove(\'d-none\');\n                }\n                let errorMessage = data.error || \'Preview failed\';\n                if (String(errorMessage).trim().toLowerCase() === \'the string did not match the expected pattern.\') {\n                    const stageLabel = data.error_stage ? ` (${data.error_stage})` : \'\';\n                    errorMessage = `Preview failed due to invalid value patterns${stageLabel}. Please manually fix mixed timing formats in the source file (use one format per column, e.g. all HH:MM or all numeric minutes) and avoid ambiguous values like "4-6h" or "10 30".`;\n                }\n                if (data.error_stage || data.error_type) {\n                    const meta = [data.error_stage, data.error_type].filter(Boolean).join(\' | \');\n                    if (meta) {\n                        errorMessage += ` [${meta}]`;\n                    }\n                }\n                throw new Error(errorMessage);\n            }\n\n            applyExcludedColumnsToParticipantsPreviewData(data);\n    \n            if (data.id_column) {\n                const idSelect = document.getElementById(\'participantsIdColumn\');\n                const idGroup = document.getElementById(\'participantsIdColumnGroup\');\n                const idHint = document.getElementById(\'participantsIdColumnHint\');\n                const availableSourceColumns = Array.isArray(data.source_columns)\n                    ? data.source_columns\n                    : (Array.isArray(data.columns) ? data.columns : []);\n                const currentIdValue = getCurrentParticipantsIdColumnValue(availableSourceColumns);\n                const selectedSourceId = currentIdValue || data.source_id_column || data.suggested_id_column || data.id_column;\n                const idSelectionRequired = participantsIdSelectionRequired || Boolean(data.id_selection_required);\n                setParticipantsIdSelectionRequired(idSelectionRequired);\n                setParticipantsIdColumnOptions(\n                    availableSourceColumns,\n                    selectedSourceId || (idSelectionRequired ? \'\' : \'auto\'),\n                    !idSelectionRequired\n                );\n                if (idSelect && selectedSourceId) idSelect.value = selectedSourceId;\n                if (selectedSourceId && selectedSourceId !== \'participant_id\') {\n                    rememberParticipantsIdColumn(selectedSourceId);\n                }\n                if (idHint) {\n                    idHint.textContent = idSelectionRequired\n                        ? \'Confirm the source ID column. It will be renamed to participant_id in output.\'\n                        : \'ID column is already participant_id in source file.\';\n                }\n                if (idGroup) idGroup.classList.toggle(\'d-none\', !idSelectionRequired);\n            }\n    \n            previewStage = \'building effective schema\';\n            const effectiveSchema = await buildEffectivePreviewSchema(data);\n            data.neurobagel_schema = effectiveSchema;\n    \n            // Make participants preview available to shared mapping modal logic\n            window.lastParticipantsPreviewData = data;\n            // Keep NeuroBagel editor in sync with the latest preview schema/types\n            if (effectiveSchema) {\n                window.existingParticipantsData = effectiveSchema;\n            }\n\n            renderParticipantsMergeSummary(data);\n            \n            // Display preview\n            const countBadge = document.getElementById(\'participantsPreviewCount\');\n            countBadge.textContent = `${data.participant_count} participants`;\n    \n            const availabilityInfo = document.getElementById(\'participantsPreviewAvailabilityInfo\');\n            const availabilityText = document.getElementById(\'participantsPreviewAvailabilityText\');\n            const sourceLabel = mode === \'existing\' ? \'existing participants.tsv\' : \'source file\';\n            const hiddenColumns = mode === \'existing\'\n                ? 0\n                : countAvailableAdditionalParticipantColumns(data);\n            setParticipantsAdditionalVariablesEnabled(hiddenColumns > 0);\n    \n            if (hiddenColumns > 0 && availabilityInfo && availabilityText) {\n                availabilityText.textContent = `${hiddenColumns} additional variable(s) are available in ${sourceLabel} but not shown in this preview (survey/questionnaire columns are excluded). Use "Add Additional Variables" to select and include them.`;\n                availabilityInfo.classList.remove(\'d-none\');\n            } else if (availabilityInfo) {\n                availabilityInfo.classList.add(\'d-none\');\n            }\n            \n            const infoDiv = document.getElementById(\'participantsInfo\');\n            const formatWarnings = Array.isArray(data.format_warnings)\n                ? data.format_warnings.filter(Boolean)\n                : [];\n            const problemColumns = Array.isArray(data.problem_columns)\n                ? data.problem_columns\n                    .filter(entry => entry && entry.column)\n                    .map(entry => ({\n                        column: String(entry.column),\n                        examples: Array.isArray(entry.examples)\n                            ? entry.examples.map(v => String(v)).filter(Boolean).slice(0, 2)\n                            : []\n                    }))\n                : [];\n            if (formatWarnings.length > 0) {\n                const escapeHtml = (value) => String(value)\n                    .replace(/&/g, \'&amp;\')\n                    .replace(/</g, \'&lt;\')\n                    .replace(/>/g, \'&gt;\')\n                    .replace(/"/g, \'&quot;\')\n                    .replace(/\'/g, \'&#39;\');\n    \n                const columnListHtml = problemColumns.length > 0\n                    ? `\n                        <div class="mt-2"><strong>Affected columns:</strong></div>\n                        <ul class="mb-2 mt-1">\n                            ${problemColumns.map(item => {\n                                const examples = item.examples.length > 0\n                                    ? ` (examples: ${item.examples.map(ex => `\'${escapeHtml(ex)}\'`).join(\', \')})`\n                                    : \'\';\n                                return `<li><strong>${escapeHtml(item.column)}</strong>${examples}</li>`;\n                            }).join(\'\')}\n                        </ul>\n                    `\n                    : \'\';\n    \n                infoDiv.innerHTML = `\n                    <i class="fas fa-circle-info me-2"></i>\n                    <strong>Data format warning:</strong>\n                    ${columnListHtml}\n                    <div class="mb-0">\n                        Please fix the listed columns manually in the source file before import.\n                        Use one consistent format per column (recommended: all HH:MM or all numeric minutes).\n                    </div>\n                `;\n                infoDiv.classList.remove(\'d-none\');\n            } else {\n                infoDiv.classList.add(\'d-none\');\n            }\n            \n            previewStage = \'rendering preview table\';\n            try {\n                renderParticipantsPreviewTable(data, effectiveSchema || null);\n            } catch (renderError) {\n                console.error(\'Participants preview table rendering failed:\', renderError);\n                throw new Error(`Preview table rendering failed: ${renderError.message || renderError}`);\n            }\n    \n            // Make preview columns immediately available to the NeuroBagel quick editor\n            // so users can map uploaded TSV fields before conversion.\n            const previewColumnValues = {};\n            const responseColumnValues = (data && typeof data.column_values === \'object\' && data.column_values)\n                ? data.column_values\n                : null;\n\n            if (responseColumnValues) {\n                Object.entries(responseColumnValues).forEach(([col, rawValues]) => {\n                    const cleanedName = String(col || \'\').trim();\n                    if (!cleanedName) return;\n                    const cleanedValues = Array.isArray(rawValues)\n                        ? rawValues.map(v => String(v ?? \'\').trim()).filter(Boolean)\n                        : [];\n                    previewColumnValues[cleanedName] = [...new Set(cleanedValues)].slice(0, 50);\n                });\n            }\n\n            data.columns.forEach(col => {\n                const cleanedName = String(col || \'\').trim();\n                if (!cleanedName || Object.prototype.hasOwnProperty.call(previewColumnValues, cleanedName)) {\n                    return;\n                }\n\n                const values = [];\n                data.preview_rows.forEach(row => {\n                    const raw = row[col];\n                    if (raw !== null && raw !== undefined && String(raw).trim() !== \'\') {\n                        values.push(String(raw));\n                    }\n                });\n                previewColumnValues[cleanedName] = [...new Set(values)].slice(0, 50);\n            });\n            window.participantsTsvData = previewColumnValues;\n            if (Array.isArray(window.pendingAdditionalParticipantColumns) && window.pendingAdditionalParticipantColumns.length > 0) {\n                window.pendingAdditionalParticipantColumns.forEach((columnName) => {\n                    const cleanedName = String(columnName || \'\').trim();\n                    if (cleanedName && !Object.prototype.hasOwnProperty.call(window.participantsTsvData, cleanedName)) {\n                        window.participantsTsvData[cleanedName] = [];\n                    }\n                });\n            }\n            console.log(\'✅ Set window.participantsTsvData from preview:\', Object.keys(window.participantsTsvData));\n            \n            previewResults.classList.remove(\'d-none\');\n            \n            // Display NeuroBagel schema if available\n            if (effectiveSchema) {\n                previewStage = \'updating annotation widget\';\n                try {\n                    displayNeurobagelSchema(effectiveSchema);\n                } catch (widgetError) {\n                    // Non-fatal: preview is ready even if optional annotation widget fails to initialize.\n                    console.error(\'NeuroBagel widget update failed:\', widgetError);\n                    const infoDiv = document.getElementById(\'participantsInfo\');\n                    if (infoDiv) {\n                        infoDiv.innerHTML = `<i class="fas fa-circle-info me-2"></i>Preview loaded, but annotation widget could not be updated (${String(widgetError.message || widgetError)}). You can still review and convert data.`;\n                        infoDiv.classList.remove(\'d-none\');\n                    }\n                }\n            }\n            \n        } catch (error) {\n            const rawMessage = String(error && error.message ? error.message : error || \'Preview failed\');\n            const normalized = rawMessage.trim().toLowerCase();\n            const genericPatternMessage = normalized === \'the string did not match the expected pattern.\';\n            const nonUniqueSelectedIdMessage = normalized.includes(\'non-unique values for the selected id column\');\n    \n            if (genericPatternMessage) {\n                errorDiv.textContent = `Preview failed in UI stage "${previewStage}" due to an invalid value pattern. Please retry once, and if it persists, keep separator on Semicolon and use ID column "ID" manually.`;\n            } else if (nonUniqueSelectedIdMessage) {\n                errorDiv.textContent = rawMessage;\n            } else {\n                errorDiv.textContent = `${rawMessage} [${previewStage}]`;\n            }\n            errorDiv.classList.remove(\'d-none\');\n    \n            const availabilityInfo = document.getElementById(\'participantsPreviewAvailabilityInfo\');\n            if (availabilityInfo) availabilityInfo.classList.add(\'d-none\');\n\n            setParticipantsAdditionalVariablesEnabled(false);\n    \n            const workflowSummary = document.getElementById(\'participantsWorkflowSummary\');\n            if (workflowSummary) workflowSummary.classList.add(\'d-none\');\n            renderParticipantsMergeSummary(null);\n        } finally {\n            runController.finishRun();\n            updateParticipantsButtonState({ skipIdAutoDetect: true });\n        }\n    });\n\n    participantsMergeConflictDownloadController.bind();\n    \n    function displayNeurobagelSchema(schema, previewData = window.lastParticipantsPreviewData) {\n        const schemaPreview = document.getElementById(\'neurobagelSchemaPreview\');\n        const schemaJsonCode = document.getElementById(\'schemaJsonCode\');\n        \n        // Store schema globally for use during conversion\n        window.neurobagelSchema = schema;\n        \n        // Show JSON preview\n        schemaJsonCode.textContent = JSON.stringify(schema, null, 2);\n        schemaPreview.classList.remove(\'d-none\');\n        \n        // Mark preview as complete and enable Convert button\n        participantsPreviewCompleted = true;\n        const convertBtn = document.getElementById(\'participantsConvertBtn\');\n        const convertHint = document.getElementById(\'convertBtnHint\');\n        const canConvert = canApplyParticipantsConversion();\n        const workflowUiCopy = getParticipantsWorkflowUiCopy();\n        if (convertBtn) {\n            convertBtn.disabled = !canConvert;\n            convertBtn.classList.remove(\'btn-outline-secondary\', \'btn-success\');\n            convertBtn.classList.add(canConvert ? \'btn-success\' : \'btn-outline-secondary\');\n            if (previewData && previewData.merge_mode) {\n                const harmonizationState = assessParticipantsMergeHarmonizationState(previewData);\n                if (harmonizationState.hasInvalidKeepBoth) {\n                    convertHint.textContent = \'Fix Keep both column names before applying merge\';\n                } else if (Boolean(previewData.session_resolution_required) && Number(previewData.conflict_count || 0) === 0) {\n                    convertHint.textContent = \'Choose session resolution before applying merge\';\n                } else {\n                    convertHint.textContent = canConvert\n                        ? \'Ready to apply conflict-free merge\'\n                        : \'Resolve merge conflicts first\';\n                }\n            } else {\n                convertHint.textContent = workflowUiCopy.convertReadyHint;\n            }\n        }\n\n        updateParticipantsMergeApplyStatusBadge(previewData);\n    \n        const saveAnnotBtn = document.getElementById(\'saveNeurobagelBtn\');\n        if (saveAnnotBtn) {\n            saveAnnotBtn.disabled = false;\n        }\n    \n        refreshParticipantsWorkflowSummary();\n    \n        // Keep annotation view in sync with latest preview/schema as soon as step 1 completes.\n        loadNeurobagelWidget();\n    }\n    \n    function buildAnnotatedParticipantsSchemaFromWidgetState() {\n        const widgetState = window.neurobagelWidgetState || {};\n        const allColumns = widgetState.allColumns || {};\n    \n        const annotatedData = {};\n    \n        // Keep only columns present in current preview/local participants context.\n        const tsvColumnMap = window.participantsTsvData || {};\n        const tsvColumns = Object.keys(tsvColumnMap);\n    \n        function normalizeColName(value) {\n            return String(value || \'\').toLowerCase().replace(/_/g, \'\').trim();\n        }\n    \n        function normalizeSchemaToken(value) {\n            return String(value || \'\').toLowerCase().replace(/[^a-z0-9]+/g, \'\').trim();\n        }\n    \n        function isParticipantIdMappedColumn(colData) {\n            if (!colData || typeof colData !== \'object\') return false;\n    \n            const standardizedVariable = normalizeSchemaToken(colData.standardized_variable);\n            const termUrl = String(colData.term_url || \'\').trim().toLowerCase();\n            const label = normalizeSchemaToken(colData.label);\n    \n            return standardizedVariable === \'participantid\'\n                || termUrl === \'nb:participantid\'\n                || label === \'participantid\'\n                || label === \'subjectid\';\n        }\n    \n        function resolveCanonicalLevelKeyForSave(colData, rawKey, rawLevelData) {\n            // Preserve source keys as-is; keys must match TSV source values.\n            return String(rawKey || \'\').trim();\n        }\n\n        function isOpenClinicalField(colData, targetColumnName) {\n            const standardizedVariable = normalizeSchemaToken(colData?.standardized_variable);\n            const termUrl = String(colData?.term_url || \'\').trim().toLowerCase();\n            const label = normalizeSchemaToken(colData?.label);\n            const normalizedTargetColumn = normalizeSchemaToken(targetColumnName);\n\n            const openTokens = new Set([\'group\', \'participantgroup\', \'diagnosis\']);\n            return openTokens.has(standardizedVariable)\n                || openTokens.has(label)\n                || openTokens.has(normalizedTargetColumn)\n                || termUrl === \'nb:group\'\n                || termUrl === \'nb:participantgroup\'\n                || termUrl === \'nb:diagnosis\';\n        }\n\n        function getObservedLevelTokens(columnName) {\n            const rawValues = Array.isArray(tsvColumnMap[columnName])\n                ? tsvColumnMap[columnName]\n                : [];\n            return new Set(\n                rawValues\n                    .map((value) => normalizeSchemaToken(value))\n                    .filter(Boolean)\n            );\n        }\n    \n        for (const [colName, colData] of Object.entries(allColumns)) {\n            const colNameNormalized = normalizeColName(colName);\n            const matchedTsvColumn = tsvColumns.find(c => {\n                const cNorm = normalizeColName(c);\n                return cNorm === colNameNormalized || cNorm === String(colName || \'\').toLowerCase();\n            });\n    \n            if (!matchedTsvColumn) {\n                continue;\n            }\n    \n            const normalizedType = String(colData.data_type || \'\').toLowerCase();\n            const isCategorical = normalizedType === \'categorical\';\n    \n            let retainedLevels = [];\n            if (isCategorical) {\n                const rawLevels = (colData.levels && typeof colData.levels === \'object\')\n                    ? Object.entries(colData.levels)\n                    : [];\n    \n                const normalizedLevelMap = {};\n                rawLevels.forEach(([levelKey, levelData]) => {\n                    const sourceKey = String(levelKey || \'\').trim();\n                    if (!sourceKey) return;\n    \n                    const key = resolveCanonicalLevelKeyForSave(colData, sourceKey, levelData) || sourceKey;\n                    const nextLevel = {\n                        label: (levelData && levelData.label) ? levelData.label : key,\n                        description: (levelData && levelData.description) ? levelData.description : \'\',\n                        uri: (levelData && levelData.uri) ? levelData.uri : null,\n                    };\n    \n                    if (!normalizedLevelMap[key]) {\n                        normalizedLevelMap[key] = nextLevel;\n                        return;\n                    }\n    \n                    if (!normalizedLevelMap[key].description && nextLevel.description) {\n                        normalizedLevelMap[key].description = nextLevel.description;\n                    }\n                    if (!normalizedLevelMap[key].uri && nextLevel.uri) {\n                        normalizedLevelMap[key].uri = nextLevel.uri;\n                    }\n                });\n    \n                retainedLevels = Object.entries(normalizedLevelMap);\n            }\n    \n            const targetColumnName = isParticipantIdMappedColumn(colData)\n                ? \'participant_id\'\n                : matchedTsvColumn;\n\n            if (isCategorical && retainedLevels.length > 0 && isOpenClinicalField(colData, targetColumnName)) {\n                const observedTokens = getObservedLevelTokens(matchedTsvColumn);\n                retainedLevels = retainedLevels.filter(([levelKey]) => (\n                    observedTokens.has(normalizeSchemaToken(levelKey))\n                ));\n            }\n    \n            annotatedData[targetColumnName] = {\n                Description: colData.description || colData.Description || ""\n            };\n    \n            if (colData.unit) {\n                annotatedData[targetColumnName].Unit = colData.unit;\n            }\n    \n            if (isCategorical && retainedLevels.length > 0) {\n                annotatedData[targetColumnName].Levels = {};\n                for (const [levelKey, levelData] of retainedLevels) {\n                    annotatedData[targetColumnName].Levels[levelKey] = levelData.label || levelKey;\n                }\n            }\n    \n            const knownNBMappings = Object.values(window.neurobagelCommonMappings || {});\n            const isKnownNBTerm = (sv, tu) => knownNBMappings.some(m => m && (\n                (sv && String(m.standardized_variable || \'\').trim().toLowerCase() === String(sv).trim().toLowerCase()) ||\n                (tu && String(m.term_url || \'\').trim().toLowerCase() === String(tu).trim().toLowerCase())\n            ));\n            const hasNeurobagelMapping = isKnownNBTerm(colData.standardized_variable, colData.term_url);\n            const hasManualType = !!colData.data_type;\n            if (hasNeurobagelMapping || hasManualType) {\n                const annotations = {};\n                if (hasNeurobagelMapping) {\n                    const termUrl = colData.term_url || (colData.standardized_variable ? `nb:${colData.standardized_variable}` : null);\n                    const termLabel = colData.label || colData.standardized_variable || null;\n                    if (termUrl || termLabel) {\n                        annotations.IsAbout = {\n                            "TermURL": termUrl,\n                            "Label": termLabel\n                        };\n                    }\n                }\n    \n                if (colData.data_type) {\n                    const normalizedVarType = {\n                        \'categorical\': \'Categorical\',\n                        \'continuous\': \'Continuous\',\n                        \'text\': \'Text\',\n                        \'string\': \'Text\',\n                        \'identifier\': \'Text\',\n                    };\n                    annotations.VariableType = normalizedVarType[String(colData.data_type).toLowerCase()] ||\n                        (colData.data_type.charAt(0).toUpperCase() + colData.data_type.slice(1));\n                }\n    \n                if (colData.data_type === \'continuous\' && colData.unit) {\n                    annotatedData[targetColumnName].Units = colData.unit;\n                    annotations.Format = {\n                        "TermURL": "nb:FromFloat",\n                        "Label": "Float"\n                    };\n                }\n    \n                if (isCategorical && retainedLevels.length > 0) {\n                    const annotationLevels = {};\n                    for (const [levelKey, levelData] of retainedLevels) {\n                        if (levelData.uri) {\n                            annotationLevels[levelKey] = {\n                                "TermURL": levelData.uri,\n                                "Label": levelData.label || levelKey\n                            };\n                        }\n                    }\n                    if (Object.keys(annotationLevels).length > 0) {\n                        annotations.Levels = annotationLevels;\n                    }\n                }\n    \n                if (Object.keys(annotations).length > 0) {\n                    annotatedData[targetColumnName].Annotations = annotations;\n                }\n            }\n        }\n    \n        return annotatedData;\n    }\n    \n    // Convert button handler\n    document.getElementById(\'participantsConvertBtn\')?.addEventListener(\'click\', async function() {\n        const errorDiv = document.getElementById(\'participantsError\');\n        const successDiv = document.getElementById(\'participantsSuccess\');\n        const progressDiv = document.getElementById(\'participantsConversionProgress\');\n        const logDiv = document.getElementById(\'participantsConversionLog\');\n        const warningDiv = document.getElementById(\'participantsExistingFilesWarning\');\n        const mode = getParticipantsWorkflowMode();\n        const fileAction = mode === \'file\' ? getParticipantsFileAction() : \'replace\';\n        const useMergeRoute = mode === \'file\' && fileAction === \'merge\' && canModifyExistingParticipants();\n        \n        errorDiv.classList.add(\'d-none\');\n        successDiv.classList.add(\'d-none\');\n\n        if (!hasParticipantsSelectedCase()) {\n            errorDiv.textContent = \'Choose Replace, Modify, or Merge before saving participant files.\';\n            errorDiv.classList.remove(\'d-none\');\n            return;\n        }\n\n        if (!runController.tryStartRun()) {\n            return;\n        }\n        setParticipantsPrimaryActionButtonsDisabled(true);\n\n        try {\n            // Check existing files only when starting real conversion.\n            const existingCheck = await checkExistingParticipantFiles({\n                showOverwriteWarning: mode === \'file\' && fileAction === \'replace\'\n            });\n            if (mode === \'file\' && !useMergeRoute && existingCheck && existingCheck.exists) {\n                const checkbox = document.getElementById(\'participantsForceOverwrite\');\n                if (!checkbox.checked) {\n                    errorDiv.textContent = \'Existing participants files detected. Confirm overwrite to continue conversion.\';\n                    errorDiv.classList.remove(\'d-none\');\n                    return;\n                }\n            }\n            if (useMergeRoute && (!existingCheck || !existingCheck.has_participants_tsv)) {\n                errorDiv.textContent = \'Merge requires an existing participants.tsv in the current project.\';\n                errorDiv.classList.remove(\'d-none\');\n                return;\n            }\n            if (useMergeRoute && window.lastParticipantsPreviewData && !window.lastParticipantsPreviewData.can_apply) {\n                errorDiv.textContent = \'Resolve merge blockers first (conflicts or missing session resolution). An apply-ready merge preview is required before apply.\';\n                errorDiv.classList.remove(\'d-none\');\n                return;\n            }\n            if (mode === \'existing\' && !canModifyExistingParticipants()) {\n                errorDiv.textContent = \'Modify existing mode requires an existing participants.tsv in the current project.\';\n                errorDiv.classList.remove(\'d-none\');\n                return;\n            }\n\n            progressDiv.classList.remove(\'d-none\');\n            logDiv.innerHTML = \'\';\n\n            if (mode === \'file\' && !hasParticipantsFileSelection()) {\n                throw new Error(\'Please select a file\');\n            }\n    \n            if (typeof window.syncNeurobagelActiveEditorToState === \'function\') {\n                window.syncNeurobagelActiveEditorToState();\n            }\n    \n            const liveAnnotatedSchema = buildAnnotatedParticipantsSchemaFromWidgetState();\n            if (liveAnnotatedSchema && Object.keys(liveAnnotatedSchema).length > 0) {\n                window.neurobagelSchema = liveAnnotatedSchema;\n            }\n            \n            const formData = new FormData();\n            formData.append(\'mode\', mode);\n\n            if (mode === \'file\') {\n                appendParticipantsFileImportFields(formData);\n                if (!useMergeRoute) {\n                    formData.append(\'force_overwrite\', document.getElementById(\'participantsForceOverwrite\')?.checked || false);\n                }\n\n                if (useMergeRoute) {\n                    appendParticipantsMergeHarmonizationDecisions(formData);\n                    appendParticipantsMergeSessionResolutionDecisions(formData);\n                    formData.append(\'apply\', \'true\');\n                }\n            } else {\n                // Existing mode always writes back into the same files.\n                formData.append(\'force_overwrite\', \'true\');\n                appendExcludedParticipantColumns(formData);\n            }\n            \n            // Include the modified neurobagel_schema if available\n            if (window.neurobagelSchema) {\n                formData.append(\'neurobagel_schema\', JSON.stringify(window.neurobagelSchema));\n            }\n    \n            const response = await fetchWithApiFallback(useMergeRoute ? \'/api/participants-merge\' : \'/api/participants-convert\', {\n                method: \'POST\',\n                body: formData\n            });\n            \n            const data = await response.json();\n            \n            // Display log\n            if (data.log) {\n                data.log.forEach(entry => {\n                    const line = document.createElement(\'div\');\n                    line.textContent = `[${entry.level}] ${entry.message}`;\n                    line.className = entry.level === \'ERROR\' ? \'text-danger\' : (entry.level === \'WARNING\' ? \'text-warning\' : \'text-success\');\n                    logDiv.appendChild(line);\n                });\n            }\n            \n            if (!response.ok) {\n                throw new Error(data.error || \'Conversion failed\');\n            }\n            \n            const writtenFiles = Array.isArray(data.files_created) ? data.files_created : [];\n            const outputDirectory = typeof data.output_directory === \'string\' ? data.output_directory.trim() : \'\';\n            const backupFiles = Array.isArray(data.backup_files) ? data.backup_files : [];\n            const mergeQuality = (data.merge_quality && typeof data.merge_quality === \'object\')\n                ? data.merge_quality\n                : {};\n            const replacedExisting = mode === \'file\' && !useMergeRoute && Boolean(data.overwrote_existing);\n            const updatedExisting = mode === \'existing\';\n            const successTitle = data.merge_mode\n                ? \'Merge applied!\'\n                : (updatedExisting\n                    ? \'Existing participant files updated!\'\n                    : (replacedExisting ? \'Participant files replaced!\' : \'Participant files created!\'));\n            const successVerb = data.merge_mode\n                ? \'Updated\'\n                : (replacedExisting ? \'Replaced\' : \'Wrote\');\n            const operationNote = data.merge_mode\n                ? \'<div class="mt-2 small text-muted">Existing participants files were updated in place after a conflict-free merge.</div>\'\n                : (updatedExisting\n                    ? \'<div class="mt-2 small text-muted">Existing participants.tsv and participants.json were normalized and saved back into the project.</div>\'\n                    : (replacedExisting\n                        ? \'<div class="mt-2 small text-muted">Existing participant files were replaced from the imported source file.</div>\'\n                        : \'\'));\n            const backupNote = data.merge_mode && backupFiles.length > 0\n                ? `<div class="mt-1 small text-muted">Backups created: ${backupFiles.map(f => `<code>${escapeHtml(String(f).split(\'/\').pop())}</code>`).join(\', \')}</div>`\n                : \'\';\n            const locationNote = outputDirectory\n                ? `<div class="mt-1 small text-muted">Written to: <code>${escapeHtml(outputDirectory)}</code></div>`\n                : \'\';\n            const mergeConfirmationNote = data.merge_mode\n                ? `<div class="mt-2"><strong>Merge completed successfully.</strong> participants.tsv and participants.json were updated in the current project.</div>`\n                : \'\';\n            const incomingTotalCells = Number(mergeQuality.incoming_new_participant_total_value_cells || 0);\n            const incomingMissingCells = Number(mergeQuality.incoming_new_participant_missing_value_cells || 0);\n            const incomingAllMissingRows = Number(mergeQuality.incoming_new_participants_all_missing_values || 0);\n            const sparseMergeNote = data.merge_mode && incomingTotalCells > 0 && incomingMissingCells > 0\n                ? `<div class="mt-2 small text-muted"><i class="fas fa-circle-info me-1"></i>Imported rows already contained many empty values (${incomingMissingCells}/${incomingTotalCells} missing cells${incomingAllMissingRows > 0 ? `; ${incomingAllMissingRows} row(s) fully empty` : \'\'}). Merge preserves these missing values and only fills where source data exists.</div>`\n                : \'\';\n\n            // Show success\n            successDiv.innerHTML = `\n                <i class="fas fa-check-circle me-2"></i>\n                <strong>${successTitle}</strong> ${successVerb} ${writtenFiles.length} file(s):\n                <ul class="mb-0 mt-2">\n                    ${writtenFiles.map(f => `<li><code>${escapeHtml(f.split(\'/\').pop())}</code></li>`).join(\'\')}\n                </ul>\n                ${mergeConfirmationNote}\n                ${operationNote}\n                ${backupNote}\n                ${sparseMergeNote}\n                ${locationNote}\n                <div class="mt-2 small text-muted">Refreshing preview…</div>\n            `;\n            successDiv.classList.remove(\'d-none\');\n    \n            // Conversion created/updated participants files. Clear stale preview schema\n            // so Annotate Participants loads from the saved project participants.json.\n            window.lastParticipantsPreviewData = null;\n    \n            // Refresh local participants.tsv columns cache used by the annotation widget.\n            const projectPath = resolveCurrentProjectPath();\n            if (projectPath) {\n                try {\n                    const tsvResponse = await fetchWithApiFallback(`/api/neurobagel/local-participants?project_path=${encodeURIComponent(projectPath)}`);\n                    const tsvData = await tsvResponse.json();\n                    if (tsvData.columns) {\n                        window.participantsTsvData = tsvData.columns;\n                    }\n                } catch (error) {\n                    console.warn(\'Could not refresh participants TSV columns after conversion:\', error);\n                }\n            }\n            \n            // Hide warning\n            warningDiv.classList.add(\'d-none\');\n    \n            // Auto-refresh preview so users immediately see updated participant columns.\n            const previewBtn = document.getElementById(\'participantsPreviewBtn\');\n            const canRefreshPreview = mode === \'existing\'\n                || hasParticipantsFileSelection();\n            if (previewBtn && canRefreshPreview) {\n                setTimeout(() => {\n                    try {\n                        previewBtn.click();\n                    } catch (e) {\n                        console.warn(\'Could not auto-refresh participants preview:\', e);\n                    }\n                }, 100);\n            }\n            \n        } catch (error) {\n            errorDiv.textContent = error.message;\n            errorDiv.classList.remove(\'d-none\');\n        } finally {\n            runController.finishRun();\n            updateParticipantsButtonState({ skipIdAutoDetect: true });\n            progressDiv.classList.add(\'d-none\');\n        }\n    });\n    \n    // ===== NEUROBAGEL ANNOTATION HANDLERS =====\n    \n    // Function to open participants.json editor\n    function openParticipantsEditor() {\n        const currentProjectPath = resolveCurrentProjectPath();\n        if (!currentProjectPath) {\n            const errorDiv = document.getElementById(\'participantsError\');\n            errorDiv.textContent = \'Please select a project first from the top of the page\';\n            errorDiv.classList.remove(\'d-none\');\n            return;\n        }\n        \n        // Navigate to JSON editor with autoload flag and file type\n        window.location.href = `${jsonEditorUrl}?autoload=participants&from=converter`;\n    }\n    \n    document.getElementById(\'saveNeurobagelBtn\')?.addEventListener(\'click\', async function() {\n        const saveBtn = this;\n        const originalLabel = saveBtn.innerHTML;\n        const errorDiv = document.getElementById(\'participantsError\');\n    \n        if (errorDiv) {\n            errorDiv.classList.add(\'d-none\');\n            errorDiv.textContent = \'\';\n        }\n    \n        saveBtn.disabled = true;\n        saveBtn.innerHTML = \'<i class="fas fa-spinner fa-spin me-1"></i>Saving...\';\n    \n        try {\n            if (typeof window.syncNeurobagelActiveEditorToState === \'function\') {\n                window.syncNeurobagelActiveEditorToState();\n            }\n    \n            const annotatedData = buildAnnotatedParticipantsSchemaFromWidgetState();\n            if (!annotatedData || Object.keys(annotatedData).length === 0) {\n                throw new Error(\'No participant annotation data available. Run Preview Data first.\');\n            }\n            const currentProjectPath = resolveCurrentProjectPath();\n            if (!currentProjectPath) {\n                throw new Error(\'Please select a project first from the top of the page\');\n            }\n        \n            // Save to the project\n            const response = await fetchWithApiFallback(getParticipantsProjectSchemaUrl(currentProjectPath), {\n                method: \'POST\',\n                headers: { \'Content-Type\': \'application/json\' },\n                body: JSON.stringify({\n                    schema: annotatedData,\n                    project_path: currentProjectPath,\n                })\n            });\n            \n            const result = await response.json();\n            if (result.success) {\n                const savedSchema = (result.schema && typeof result.schema === \'object\')\n                    ? result.schema\n                    : annotatedData;\n                const successDiv = document.getElementById(\'participantsSuccess\');\n                successDiv.innerHTML = \'<i class="fas fa-check-circle me-2"></i><strong>Success!</strong> Participants schema saved to participants.json\';\n                successDiv.classList.remove(\'d-none\');\n    \n                window.neurobagelSchema = savedSchema;\n                window.existingParticipantsData = savedSchema;\n    \n                if (window.lastParticipantsPreviewData) {\n                    window.lastParticipantsPreviewData.neurobagel_schema = savedSchema;\n                    renderParticipantsPreviewTable(window.lastParticipantsPreviewData, savedSchema);\n                }\n    \n                displayNeurobagelSchema(savedSchema);\n                \n                // Keep the editor open so user can continue annotating\n                // document.getElementById(\'neurobagelSection\').style.display = \'none\';\n                // document.getElementById(\'participantsHelp\').style.display = \'block\';\n            } else {\n                throw new Error(result.error || \'Failed to save participants schema\');\n            }\n        } catch (error) {\n            if (errorDiv) {\n                errorDiv.textContent = `Error saving participants schema: ${error.message}`;\n                errorDiv.classList.remove(\'d-none\');\n            }\n        } finally {\n            saveBtn.disabled = false;\n            saveBtn.innerHTML = originalLabel;\n        }\n    });\n    \n    window.loadNeurobagelWidget = async function() {\n        const container = document.getElementById(\'neurobagelWidgetContainer\');\n        if (!container) return;\n        const projectPath = resolveCurrentProjectPath();\n    \n        const mergeParticipantColumnMaps = (baseMap, incomingMap) => {\n            const merged = (baseMap && typeof baseMap === \'object\') ? { ...baseMap } : {};\n            if (!incomingMap || typeof incomingMap !== \'object\') return merged;\n    \n            Object.entries(incomingMap).forEach(([columnName, values]) => {\n                const cleanedName = String(columnName || \'\').trim();\n                if (!cleanedName) return;\n    \n                const baseValues = Array.isArray(merged[cleanedName]) ? merged[cleanedName] : [];\n                const incomingValues = Array.isArray(values) ? values : [];\n                merged[cleanedName] = Array.from(\n                    new Set([\n                        ...baseValues.map(v => String(v ?? \'\').trim()).filter(Boolean),\n                        ...incomingValues.map(v => String(v ?? \'\').trim()).filter(Boolean),\n                    ])\n                ).slice(0, 50);\n            });\n    \n            return merged;\n        };\n    \n        // Keep preview-derived columns (including newly added variables) as baseline.\n        const hasActivePreview = !!(window.participantsTsvData && typeof window.participantsTsvData === \'object\' && Object.keys(window.participantsTsvData).length > 0);\n        let participantsColumnMap = hasActivePreview\n            ? { ...window.participantsTsvData }\n            : {};\n    \n        const hasPreviewSchema = !!(window.lastParticipantsPreviewData && window.lastParticipantsPreviewData.neurobagel_schema);\n    \n        // Prefer currently saved project participants.json (important after conversion).\n        let loadedProjectSchema = false;\n        try {\n            const schemaResponse = await fetchWithApiFallback(getParticipantsProjectSchemaUrl(projectPath));\n            const schemaData = await schemaResponse.json();\n            if (schemaData.success && schemaData.exists && schemaData.schema) {\n                window.existingParticipantsData = schemaData.schema;\n                loadedProjectSchema = true;\n            }\n        } catch (error) {\n            console.warn(\'Could not load existing participants schema:\', error);\n        }\n\n        // Fallback to current preview schema only if no saved project schema exists yet.\n        if (!loadedProjectSchema && hasPreviewSchema) {\n            window.existingParticipantsData = window.lastParticipantsPreviewData.neurobagel_schema;\n        }\n    \n        // Only fetch project participants.tsv columns when there is NO active preview.\n        // When a preview is active, the uploaded file\'s columns are the source of truth\n        // for AVAILABLE/UNANNOTATED — merging stale on-disk columns would falsely show\n        // columns as AVAILABLE that aren\'t in the current upload.\n        if (!hasActivePreview) {\n            console.log(\'🔄 No active preview — fetching participants TSV columns from project...\');\n            try {\n                const tsvResponse = await fetchWithApiFallback(`/api/neurobagel/local-participants?project_path=${encodeURIComponent(projectPath)}`);\n                console.log(\'📡 TSV columns response status:\', tsvResponse.status);\n                const tsvData = await tsvResponse.json();\n                console.log(\'📊 TSV columns data:\', tsvData);\n                if (tsvData.columns) {\n                    participantsColumnMap = mergeParticipantColumnMaps(participantsColumnMap, tsvData.columns);\n                } else if (tsvData.error) {\n                    console.error(\'❌ API returned error:\', tsvData.error);\n                }\n            } catch (error) {\n                console.error(\'❌ Could not load participants TSV columns:\', error);\n            }\n        } else {\n            console.log(\'🔄 Active preview present — using preview columns only for AVAILABLE detection.\');\n        }\n    \n        if (Array.isArray(window.pendingAdditionalParticipantColumns) && window.pendingAdditionalParticipantColumns.length > 0) {\n            window.pendingAdditionalParticipantColumns.forEach((columnName) => {\n                const cleanedName = String(columnName || \'\').trim();\n                if (cleanedName && !Object.prototype.hasOwnProperty.call(participantsColumnMap, cleanedName)) {\n                    participantsColumnMap[cleanedName] = [];\n                }\n            });\n        }\n    \n        window.participantsTsvData = participantsColumnMap;\n        console.log(\'✅ Set window.participantsTsvData:\', Object.keys(window.participantsTsvData));\n        \n        // Check if widget is already loaded\n        if (container.querySelector(\'#neurobagelAnnotationWidget\')) {\n            // Just re-render to update with latest TSV data if needed\n            if (window.renderNeurobagelWidget) {\n                await window.renderNeurobagelWidget();\n            }\n            return;\n        }\n        \n        try {\n            // Load the neurobagel widget HTML\n            const response = await fetch(neurobagelWidgetUrl);\n            if (response.ok) {\n                const html = await response.text();\n                \n                // Parse HTML to separate markup from scripts\n                const parser = new DOMParser();\n                const doc = parser.parseFromString(html, \'text/html\');\n                \n                // Find and remove scripts\n                const scripts = doc.querySelectorAll(\'script\');\n                const scriptTexts = [];\n                scripts.forEach(script => {\n                    scriptTexts.push(script.textContent);\n                    script.remove();\n                });\n                \n                // Insert the HTML without scripts\n                container.innerHTML = doc.body.innerHTML;\n                \n                // Execute scripts in order\n                scriptTexts.forEach(scriptText => {\n                    try {\n                        new Function(scriptText)();\n                    } catch (err) {\n                        console.error(\'Error executing widget script:\', err);\n                    }\n                });\n                \n                // Initialize widget after a short delay\n                await new Promise(resolve => setTimeout(resolve, 100));\n                if (window.renderNeurobagelWidget) {\n                    await window.renderNeurobagelWidget();\n                }\n    \n                // Wrap renderNeurobagelSidebar so custom column additions/removals\n                // are immediately reflected in the preview table.\n                const _origSidebar = window.renderNeurobagelSidebar;\n                if (typeof _origSidebar === \'function\') {\n                    window.renderNeurobagelSidebar = function() {\n                        _origSidebar.apply(this, arguments);\n                        if (window.lastParticipantsPreviewData) {\n                            renderParticipantsPreviewTable(\n                                window.lastParticipantsPreviewData,\n                                window.neurobagelWidgetState?.schemaOverride || null\n                            );\n                        }\n                    };\n                }\n            } else {\n                container.innerHTML = `\n                    <div class="alert alert-info">\n                        <i class="fas fa-info-circle me-2"></i>\n                        Use the <a href="https://annotate.neurobagel.org/" target="_blank">NeuroBagel Annotation Tool</a> \n                        to annotate your participants.json file, then import it back here.\n                    </div>\n                `;\n            }\n        } catch (error) {\n            console.error(\'Error loading NeuroBagel widget:\', error);\n            container.innerHTML = `\n                <div class="alert alert-warning">\n                    <i class="fas fa-exclamation-triangle me-2"></i>\n                    Could not load embedded widget (${error.message}). Use the external \n                    <a href="https://annotate.neurobagel.org/" target="_blank">NeuroBagel Annotation Tool</a>.\n                </div>\n            `;\n        }\n    }\n    \n}\n'

tests/test_converter_workflow_wiring.py:501: AssertionError
_ TestConverterWorkflowWiring.test_environment_and_participants_modules_include_sourcedata_quick_select _

self = <test_converter_workflow_wiring.TestConverterWorkflowWiring testMethod=test_environment_and_participants_modules_include_sourcedata_quick_select>

    def test_environment_and_participants_modules_include_sourcedata_quick_select(self):
        environment_content = ENVIRONMENT_MODULE.read_text(encoding="utf-8")
        participants_content = PARTICIPANTS_MODULE.read_text(encoding="utf-8")
        participants_sourcedata_content = (
            PARTICIPANTS_SOURCEDATA_QUICK_SELECT_MODULE.read_text(encoding="utf-8")
        )
        participants_merge_conflict_download_content = (
            PARTICIPANTS_MERGE_CONFLICT_DOWNLOAD_MODULE.read_text(encoding="utf-8")
        )
        participants_merge_decision_payload_content = (
            PARTICIPANTS_MERGE_DECISION_PAYLOAD_MODULE.read_text(encoding="utf-8")
        )
        participants_merge_preview_refresh_content = (
            PARTICIPANTS_MERGE_PREVIEW_REFRESH_MODULE.read_text(encoding="utf-8")
        )
        participants_merge_summary_content = (
            PARTICIPANTS_MERGE_SUMMARY_MODULE.read_text(encoding="utf-8")
        )
        participants_merge_summary_renderers_content = (
            PARTICIPANTS_MERGE_SUMMARY_RENDERERS_MODULE.read_text(encoding="utf-8")
        )
        participants_merge_summary_decisions_content = (
            PARTICIPANTS_MERGE_SUMMARY_DECISIONS_MODULE.read_text(encoding="utf-8")
        )
        participants_merge_summary_status_content = (
            PARTICIPANTS_MERGE_SUMMARY_STATUS_MODULE.read_text(encoding="utf-8")
        )
    
        self.assertIn(
            "import { resolveCurrentProjectPath } from '../../shared/project-state.js';",
            environment_content,
        )
        self.assertIn(
            "import { fetchWithApiFallback } from '../../shared/api.js';",
            environment_content,
        )
        self.assertIn(
            "import { createPollingRunState, isPollingAbortError } from './polling-run-state.js';",
            environment_content,
        )
        self.assertIn(
            "import { createJobRunController } from './job-run-controller.js';",
            environment_content,
        )
        self.assertIn(
            "import { pickServerFile, prefersServerPicker } from './server-picker.js';",
            environment_content,
        )
        self.assertIn("const pollingRunState = createPollingRunState();", environment_content)
        self.assertIn("const runController = createJobRunController();", environment_content)
        self.assertIn("if (!runController.tryStartRun()) {", environment_content)
        self.assertIn("runController.setActiveJobId(jobId);", environment_content)
        self.assertIn("runController.cancelActiveJob({", environment_content)
        self.assertIn("runController.finishRun();", environment_content)
        self.assertIn(
            "pollingRunState.abortActive('Environment polling aborted due to project change.');",
            environment_content,
        )
        self.assertIn(
            "if (typeof appendLogBatch === 'function') {",
            environment_content,
        )
        self.assertIn("appendLogBatch(newLogs, 'info', envLog);", environment_content)
        self.assertIn("signal: activePollController.signal,", environment_content)
        self.assertIn(
            "sourcedata-files?kind=environment&project_path=${encodeURIComponent(effectiveProjectPath)}",
            environment_content,
        )
        self.assertIn(
            "window.addEventListener('prism-project-changed', () => {",
            environment_content,
        )
        self.assertIn("refreshEnvironmentSourcedataQuickSelect();", environment_content)
        self.assertIn(
            "fetchWithApiFallback(`/api/environment-location-search?q=${encodeURIComponent(query)}`)",
            environment_content,
        )
        self.assertIn(
            "fetchWithApiFallback('/api/environment-preview', { method: 'POST', body: fd })",
            environment_content,
        )
        self.assertIn(
            "fetchWithApiFallback('/api/environment-convert-start', { method: 'POST', body: fd })",
            environment_content,
        )
    
        self.assertIn(
            "import { resolveCurrentProjectPath } from '../../shared/project-state.js';",
            participants_content,
        )
        self.assertIn(
            "import { createJobRunController } from './job-run-controller.js';",
            participants_content,
        )
        self.assertIn(
            "import { createParticipantsSourcedataQuickSelectController } from './participants-sourcedata-quick-select.js';",
            participants_content,
        )
        self.assertIn(
            "import { createParticipantsMergeConflictDownloadController } from './participants-merge-conflict-download.js';",
            participants_content,
        )
        self.assertIn(
            "import { createParticipantsMergePreviewRefreshController } from './participants-merge-preview-refresh.js';",
            participants_content,
        )
        self.assertIn(
            "import { createParticipantsMergeSummaryController } from './participants-merge-summary.js';",
            participants_content,
        )
        self.assertIn(
            "appendParticipantsMergeHarmonizationDecisions as appendParticipantsMergeHarmonizationDecisionsPayload,",
            participants_content,
        )
        self.assertIn(
            "appendParticipantsMergeSessionResolutionDecisions as appendParticipantsMergeSessionResolutionDecisionsPayload,",
            participants_content,
        )
        self.assertIn(
            "import { pickServerFile, prefersServerPicker } from './server-picker.js';",
            participants_content,
        )
        self.assertIn("const runController = createJobRunController();", participants_content)
        self.assertIn(
            "const participantsSourcedataQuickSelectController = createParticipantsSourcedataQuickSelectController({",
            participants_content,
        )
        self.assertIn(
            "participantsSourcedataQuickSelectController.initialize();",
            participants_content,
        )
>       self.assertIn(
            "participantsSourcedataQuickSelectController.refresh(projectPath);",
            participants_content,
        )
E       AssertionError: 'participantsSourcedataQuickSelectController.refresh(projectPath);' not found in 'import { fetchWithApiFallback } from \'../../shared/api.js\';\nimport { resolveCurrentProjectPath } from \'../../shared/project-state.js\';\nimport { escapeHtml } from \'../../shared/dom.js\';\nimport { createJobRunController } from \'./job-run-controller.js\';\nimport { pickServerFile, prefersServerPicker } from \'./server-picker.js\';\nimport { createParticipantsSourcedataQuickSelectController } from \'./participants-sourcedata-quick-select.js\';\nimport { createParticipantsMergeConflictDownloadController } from \'./participants-merge-conflict-download.js\';\nimport { createParticipantsMergePreviewRefreshController } from \'./participants-merge-preview-refresh.js\';\nimport { createParticipantsMergeSummaryController } from \'./participants-merge-summary.js\';\nimport {\n    getParticipantsMergeHarmonizationDecisions as getParticipantsMergeHarmonizationDecisionsPayload,\n    appendParticipantsMergeHarmonizationDecisions as appendParticipantsMergeHarmonizationDecisionsPayload,\n    getParticipantsMergeSessionResolutionDecisions as getParticipantsMergeSessionResolutionDecisionsPayload,\n    appendParticipantsMergeSessionResolutionDecisions as appendParticipantsMergeSessionResolutionDecisionsPayload,\n} from \'./participants-merge-decision-payload.js\';\n\nexport function initParticipants() {\n    const participantsPanel = document.getElementById(\'participants-panel\');\n    if (!participantsPanel) return;\n    const neurobagelWidgetUrl = participantsPanel.dataset.neurobagelWidgetUrl || \'/static/neurobagel_widget.html\';\n    const jsonEditorUrl = participantsPanel.dataset.jsonEditorUrl || \'/json-editor\';\n    // Track whether preview has been completed\n    let participantsPreviewCompleted = false;\n    let participantsExcelSheetCount = null;\n    let participantsShowSheetSelector = null;\n    let participantsSheetMetadataPending = false;\n    let participantsIdSelectionRequired = false;\n    let participantsRememberedIdColumn = \'\';\n    let participantsExistingFilesInfo = {\n        exists: false,\n        files: {},\n        has_participants_tsv: false,\n        has_participants_json: false,\n        can_modify_existing: false,\n        workflow: {\n            state: \'import_required\',\n            available_cases: [\'1\'],\n            requires_case_selection: false,\n            default_case: \'1\',\n            show_case_guide: false,\n            mode_options: [\'file\'],\n            file_actions: [\'replace\'],\n            metadata_without_tsv: false,\n        },\n    };\n    let participantsWorkflowMode = \'file\';\n    let participantsFileAction = \'replace\';\n    let participantsSelectedCaseId = \'1\';\n    let participantsServerFilePath = \'\';\n    const runController = createJobRunController();\n\n    const participantsSourcedataQuickSelectController = createParticipantsSourcedataQuickSelectController({\n        getFileInput: () => document.getElementById(\'participantsDataFile\'),\n        clearServerFilePath: () => {\n            participantsServerFilePath = \'\';\n        },\n        onClearSelectedFile: () => clearParticipantsSelectedFile(),\n        onResetPanelState: () => resetParticipantsPanelState(),\n        onUpdateButtonState: () => updateParticipantsButtonState(),\n        setErrorMessage: (message) => {\n            const participantsError = document.getElementById(\'participantsError\');\n            if (participantsError) {\n                participantsError.textContent = message;\n                participantsError.classList.remove(\'d-none\');\n            }\n        },\n    });\n\n    const participantsMergeConflictDownloadController = createParticipantsMergeConflictDownloadController({\n        getPreviewData: () => window.lastParticipantsPreviewData,\n        getWorkflowMode: () => getParticipantsWorkflowMode(),\n        getFileAction: () => getParticipantsFileAction(),\n        buildConflictFormData: () => buildParticipantsMergeConflictFormData(),\n        parseJsonResponse: (response) => parseParticipantsJsonResponse(response),\n    });\n\n    const participantsMergePreviewRefreshController = createParticipantsMergePreviewRefreshController();\n    const participantsMergeSummaryController = createParticipantsMergeSummaryController({\n        assessMergeHarmonizationState: (previewData) => assessParticipantsMergeHarmonizationState(previewData),\n        canApplyParticipantsConversion: () => canApplyParticipantsConversion(),\n        scheduleMergePreviewRefresh: () => scheduleParticipantsMergePreviewRefresh(),\n        updateMergeApplyStatusBadge: (previewData) => updateParticipantsMergeApplyStatusBadge(previewData),\n        isMergePreviewRefreshPending: () => participantsMergePreviewRefreshController.isPending(),\n    });\n\n    const PARTICIPANTS_CASE_CONFIG = {\n        \'1\': { mode: \'file\', fileAction: \'replace\' },\n        \'2\': { mode: \'existing\', fileAction: \'replace\' },\n        \'3\': { mode: \'file\', fileAction: \'merge\' },\n    };\n\n    function getParticipantsSelectedLocalFile() {\n        const fileInput = document.getElementById(\'participantsDataFile\');\n        return (fileInput && fileInput.files && fileInput.files[0]) ? fileInput.files[0] : null;\n    }\n\n    function getParticipantsSelectedServerFilePath() {\n        return String(participantsServerFilePath || \'\').trim();\n    }\n\n    function resolveParticipantsFileName(fileOrPath) {\n        if (!fileOrPath) {\n            return \'\';\n        }\n        if (typeof fileOrPath === \'string\') {\n            const normalized = fileOrPath.replace(/\\\\/g, \'/\');\n            const tokens = normalized.split(\'/\');\n            return tokens[tokens.length - 1] || normalized;\n        }\n        if (fileOrPath && typeof fileOrPath.name === \'string\') {\n            return fileOrPath.name;\n        }\n        return \'\';\n    }\n\n    function getParticipantsSelectedFilename() {\n        return resolveParticipantsFileName(getParticipantsSelectedLocalFile() || getParticipantsSelectedServerFilePath());\n    }\n\n    function hasParticipantsFileSelection() {\n        return Boolean(getParticipantsSelectedLocalFile() || getParticipantsSelectedServerFilePath());\n    }\n\n    function clearParticipantsSelectedFile({ resetSourcedataSelection = false } = {}) {\n        participantsServerFilePath = \'\';\n\n        const fileInput = document.getElementById(\'participantsDataFile\');\n        if (fileInput) {\n            fileInput.value = \'\';\n            if (typeof DataTransfer === \'function\') {\n                try {\n                    const emptySelection = new DataTransfer();\n                    fileInput.files = emptySelection.files;\n                } catch (_error) {\n                    // Keep the value reset fallback when file lists are read-only.\n                }\n            }\n        }\n\n        if (resetSourcedataSelection) {\n            participantsSourcedataQuickSelectController.clearSelectedFile();\n        }\n    }\n\n    function applyParticipantsPickerUiState() {\n        const connectedToServer = prefersServerPicker();\n        const fileInput = document.getElementById(\'participantsDataFile\');\n        const chooseFileBtn = document.getElementById(\'participantsChooseFileBtn\');\n        const browseServerFileBtn = document.getElementById(\'participantsBrowseServerFileBtn\');\n\n        if (browseServerFileBtn) {\n            browseServerFileBtn.classList.toggle(\'d-none\', !connectedToServer);\n        }\n\n        if (chooseFileBtn) {\n            chooseFileBtn.classList.remove(\'d-none\');\n        }\n\n        if (fileInput) {\n            fileInput.disabled = false;\n            fileInput.title = \'\';\n        }\n\n        updateParticipantsButtonState();\n    }\n\n    function normalizeParticipantsCaseId(value) {\n        const normalized = String(value || \'\').trim();\n        return Object.prototype.hasOwnProperty.call(PARTICIPANTS_CASE_CONFIG, normalized)\n            ? normalized\n            : null;\n    }\n\n    function getParticipantsWorkflowState() {\n        const workflow = participantsExistingFilesInfo && typeof participantsExistingFilesInfo.workflow === \'object\'\n            ? participantsExistingFilesInfo.workflow\n            : null;\n        if (workflow) {\n            return workflow;\n        }\n\n        return {\n            state: canModifyExistingParticipants() ? \'case_selection_required\' : \'import_required\',\n            available_cases: canModifyExistingParticipants() ? [\'1\', \'2\', \'3\'] : [\'1\'],\n            requires_case_selection: canModifyExistingParticipants(),\n            default_case: canModifyExistingParticipants() ? null : \'1\',\n            show_case_guide: canModifyExistingParticipants(),\n            mode_options: canModifyExistingParticipants() ? [\'file\', \'existing\'] : [\'file\'],\n            file_actions: canModifyExistingParticipants() ? [\'replace\', \'merge\'] : [\'replace\'],\n            metadata_without_tsv: Boolean(\n                participantsExistingFilesInfo && participantsExistingFilesInfo.has_participants_json && !participantsExistingFilesInfo.has_participants_tsv\n            ),\n        };\n    }\n\n    function getAvailableParticipantsCases() {\n        const availableCases = getParticipantsWorkflowState().available_cases;\n        if (!Array.isArray(availableCases) || availableCases.length === 0) {\n            return [\'1\'];\n        }\n        return availableCases\n            .map(normalizeParticipantsCaseId)\n            .filter(Boolean);\n    }\n\n    function requiresParticipantsCaseSelection() {\n        return Boolean(getParticipantsWorkflowState().requires_case_selection);\n    }\n\n    function hasParticipantsSelectedCase() {\n        if (!requiresParticipantsCaseSelection()) {\n            return true;\n        }\n        return Boolean(\n            participantsSelectedCaseId\n            && getAvailableParticipantsCases().includes(participantsSelectedCaseId)\n        );\n    }\n\n    function getParticipantsWorkflowMode() {\n        return participantsWorkflowMode;\n    }\n\n    function setParticipantsWorkflowMode(mode) {\n        const normalized = String(mode || \'\').trim().toLowerCase() === \'existing\' ? \'existing\' : \'file\';\n        participantsWorkflowMode = normalized;\n    }\n\n    function canModifyExistingParticipants() {\n        return Boolean(\n            participantsExistingFilesInfo\n            && (\n                participantsExistingFilesInfo.can_modify_existing\n                || participantsExistingFilesInfo.has_participants_tsv\n            )\n        );\n    }\n\n    function getParticipantsFileAction() {\n        if (participantsFileAction === \'merge\' && canModifyExistingParticipants()) {\n            return \'merge\';\n        }\n        return \'replace\';\n    }\n\n    function setParticipantsFileAction(action) {\n        const normalized = String(action || \'\').trim().toLowerCase() === \'merge\' ? \'merge\' : \'replace\';\n        participantsFileAction = normalized;\n    }\n\n    function applyParticipantsWorkflowCase(caseId) {\n        const normalizedCaseId = normalizeParticipantsCaseId(caseId);\n        const caseConfig = normalizedCaseId ? PARTICIPANTS_CASE_CONFIG[normalizedCaseId] : null;\n        if (!caseConfig) {\n            participantsSelectedCaseId = null;\n            setParticipantsWorkflowMode(\'file\');\n            setParticipantsFileAction(\'replace\');\n            return false;\n        }\n\n        participantsSelectedCaseId = normalizedCaseId;\n        setParticipantsWorkflowMode(caseConfig.mode);\n        setParticipantsFileAction(caseConfig.fileAction);\n        return true;\n    }\n\n    function syncParticipantsWorkflowSelection() {\n        const availableCases = getAvailableParticipantsCases();\n        const defaultCase = normalizeParticipantsCaseId(getParticipantsWorkflowState().default_case);\n\n        if (!requiresParticipantsCaseSelection()) {\n            applyParticipantsWorkflowCase(\n                defaultCase && availableCases.includes(defaultCase)\n                    ? defaultCase\n                    : (availableCases[0] || \'1\')\n            );\n            return;\n        }\n\n        if (!participantsSelectedCaseId || !availableCases.includes(participantsSelectedCaseId)) {\n            participantsSelectedCaseId = null;\n            setParticipantsWorkflowMode(\'file\');\n            setParticipantsFileAction(\'replace\');\n        }\n    }\n\n    function getExistingParticipantFileNames() {\n        return Object.values(participantsExistingFilesInfo.files || {})\n            .filter((value) => value !== null)\n            .map((value) => String(value || \'\').split(\'/\').pop())\n            .filter(Boolean);\n    }\n\n    function assessParticipantsMergeHarmonizationState(previewData = window.lastParticipantsPreviewData) {\n        const candidates = Array.isArray(previewData?.harmonization_candidates)\n            ? previewData.harmonization_candidates\n            : [];\n\n        if (!previewData || !previewData.merge_mode || candidates.length === 0) {\n            return {\n                hasInvalidKeepBoth: false,\n                invalidByColumn: {},\n                keepBothCount: 0,\n            };\n        }\n\n        const decisions = getParticipantsMergeHarmonizationDecisions();\n        const serverDecisions = (previewData.harmonization_decisions && typeof previewData.harmonization_decisions === \'object\')\n            ? previewData.harmonization_decisions\n            : {};\n        const serverKeepBothColumns = new Set(\n            Object.values(serverDecisions)\n                .filter((entry) => entry && typeof entry === \'object\' && String(entry.action || \'\').trim() === \'keep_both\')\n                .map((entry) => String(entry.new_column || \'\').trim())\n                .filter(Boolean)\n        );\n        const reservedColumns = new Set(\n            (Array.isArray(previewData.columns) ? previewData.columns : [])\n                .map((columnName) => String(columnName || \'\').trim())\n                .filter((columnName) => Boolean(columnName) && !serverKeepBothColumns.has(columnName))\n        );\n\n        const usedKeepBothColumns = new Map();\n        const invalidByColumn = {};\n        let keepBothCount = 0;\n\n        candidates.forEach((candidate) => {\n            const columnName = String(candidate?.column || \'\').trim();\n            if (!columnName) {\n                return;\n            }\n\n            const decision = decisions[columnName] && typeof decisions[columnName] === \'object\'\n                ? decisions[columnName]\n                : { action: \'keep_existing\', new_column: \'\' };\n            const action = String(decision.action || \'keep_existing\').trim();\n            if (action !== \'keep_both\') {\n                return;\n            }\n\n            keepBothCount += 1;\n\n            const selectedColumn = String(decision.new_column || \'\').trim();\n            if (!selectedColumn) {\n                invalidByColumn[columnName] = \'Enter a new column name for Keep both.\';\n                return;\n            }\n\n            if (reservedColumns.has(selectedColumn)) {\n                invalidByColumn[columnName] = `Column name "${selectedColumn}" already exists.`;\n                return;\n            }\n\n            const existingOwner = usedKeepBothColumns.get(selectedColumn);\n            if (existingOwner && existingOwner !== columnName) {\n                invalidByColumn[columnName] = `Column name "${selectedColumn}" is already used by ${existingOwner}.`;\n                return;\n            }\n            usedKeepBothColumns.set(selectedColumn, columnName);\n        });\n\n        return {\n            hasInvalidKeepBoth: Object.keys(invalidByColumn).length > 0,\n            invalidByColumn,\n            keepBothCount,\n        };\n    }\n\n    function canApplyParticipantsConversion() {\n        if (!participantsPreviewCompleted) {\n            return false;\n        }\n\n        if (!hasParticipantsResolvedIdSelection()) {\n            return false;\n        }\n\n        const previewData = window.lastParticipantsPreviewData;\n        if (previewData && previewData.merge_mode) {\n            const harmonizationState = assessParticipantsMergeHarmonizationState(previewData);\n            return Boolean(previewData.can_apply) && !harmonizationState.hasInvalidKeepBoth;\n        }\n\n        return true;\n    }\n\n    function updateParticipantsMergeApplyStatusBadge(previewData = window.lastParticipantsPreviewData) {\n        const badge = document.getElementById(\'participantsMergeApplyStatusBadge\');\n        if (!badge) {\n            return;\n        }\n\n        const isMergePreview = Boolean(previewData && previewData.merge_mode);\n        if (!participantsPreviewCompleted || !isMergePreview) {\n            badge.classList.add(\'d-none\');\n            badge.textContent = \'\';\n            badge.className = \'badge d-none\';\n            return;\n        }\n\n        const harmonizationState = assessParticipantsMergeHarmonizationState(previewData);\n        const conflictCount = Number(previewData.conflict_count || 0);\n        const sessionResolutionRequired = Boolean(previewData.session_resolution_required);\n\n        badge.classList.remove(\'d-none\', \'bg-success\', \'bg-warning\', \'bg-danger\', \'bg-secondary\', \'text-dark\');\n\n        if (!hasParticipantsResolvedIdSelection()) {\n            badge.classList.add(\'bg-warning\', \'text-dark\');\n            badge.textContent = \'Apply blocked: choose ID column\';\n            return;\n        }\n\n        if (harmonizationState.hasInvalidKeepBoth) {\n            badge.classList.add(\'bg-danger\');\n            badge.textContent = \'Apply blocked: invalid Keep both names\';\n            return;\n        }\n\n        if (conflictCount > 0) {\n            badge.classList.add(\'bg-warning\', \'text-dark\');\n            badge.textContent = \'Apply blocked: unresolved conflicts\';\n            return;\n        }\n\n        if (sessionResolutionRequired) {\n            badge.classList.add(\'bg-warning\', \'text-dark\');\n            badge.textContent = \'Apply blocked: choose session resolution\';\n            return;\n        }\n\n        if (Boolean(previewData.can_apply)) {\n            badge.classList.add(\'bg-success\');\n            badge.textContent = \'Apply ready\';\n            return;\n        }\n\n        badge.classList.add(\'bg-secondary\');\n        badge.textContent = \'Apply blocked\';\n    }\n\n    function getParticipantsCaseDetails(caseId) {\n        const hasAnyParticipantFile = Boolean(participantsExistingFilesInfo && participantsExistingFilesInfo.exists);\n\n        if (caseId === \'2\') {\n            return {\n                caseId: \'2\',\n                title: \'Modify\',\n                subtitle: \'In-place update\',\n                description: \'Current participant files stay the source of truth.\',\n                useCaseHint: \'Edit the saved participant files in place.\',\n                actionLabel: \'Modify\',\n                iconClass: \'fas fa-pen-to-square\',\n                iconToneClass: \'participants-case-card-icon-existing\',\n                badgeClass: \'bg-success\',\n                borderClass: \'border-success\',\n            };\n        }\n\n        if (caseId === \'3\') {\n            return {\n                caseId: \'3\',\n                title: \'Merge\',\n                subtitle: \'Safe merge\',\n                description: \'Adds missing values, new participants, and new columns safely.\',\n                useCaseHint: \'Import one table without overwriting conflicts.\',\n                actionLabel: \'Merge\',\n                iconClass: \'fas fa-code-branch\',\n                iconToneClass: \'participants-case-card-icon-merge\',\n                badgeClass: \'bg-warning text-dark\',\n                borderClass: \'border-warning\',\n            };\n        }\n\n        return {\n            caseId: \'1\',\n            title: \'Replace\',\n            subtitle: \'Full replace\',\n            description: \'Current participant files are replaced from one import.\',\n            useCaseHint: \'Imported table becomes the new source of truth.\',\n            actionLabel: \'Replace\',\n            iconClass: \'fas fa-file-import\',\n            iconToneClass: \'participants-case-card-icon-import\',\n            badgeClass: \'bg-primary\',\n            borderClass: \'border-primary\',\n        };\n    }\n\n    function getParticipantsWorkflowUiCopy() {\n        const mode = getParticipantsWorkflowMode();\n        const hasSelectedCase = hasParticipantsSelectedCase();\n        const hasAnyParticipantFile = Boolean(participantsExistingFilesInfo && participantsExistingFilesInfo.exists);\n        const canModify = canModifyExistingParticipants();\n        const fileAction = mode === \'file\' && canModify ? getParticipantsFileAction() : \'replace\';\n        const willReplaceExisting = mode === \'file\' && fileAction === \'replace\' && hasAnyParticipantFile;\n\n        if (requiresParticipantsCaseSelection() && !hasSelectedCase) {\n            return {\n                previewLabel: \'1. Choose Workflow\',\n                previewHint: \'Select Replace, Modify, or Merge to continue.\',\n                mappingHint: \'Choose a workflow first. Import-based options unlock additional source columns after review.\',\n                convertLabel: \'3. Save Participant Files\',\n                convertPendingHint: \'Choose a workflow to continue\',\n                convertReadyHint: \'Choose a workflow to continue\',\n                workflowSummaryOutput: \'Output: choose a workflow to see how participant files will be updated\',\n            };\n        }\n\n        if (mode === \'existing\') {\n            return {\n                previewLabel: \'1. Review Existing Participant Files\',\n                previewHint: \'Review the current participants.tsv and participants.json from the active project.\',\n                mappingHint: \'Use Merge if you need to bring back a removed variable from another source file.\',\n                convertLabel: \'2. Save Existing Participant Files\',\n                convertPendingHint: \'Run step 1 to review current participant files\',\n                convertReadyHint: \'Ready to update existing files in project\',\n                workflowSummaryOutput: \'Output: update participants.tsv + participants.json in project\',\n            };\n        }\n\n        if (fileAction === \'merge\' && canModify) {\n            return {\n                previewLabel: \'1. Preview Merge\',\n                previewHint: \'Check matches, fills, new participants, and conflicts before applying the merge.\',\n                mappingHint: \'Include non-core fields from the imported source file.\',\n                convertLabel: \'3. Apply Merge\',\n                convertPendingHint: \'Run step 1 to preview the merge\',\n                convertReadyHint: \'Ready to apply conflict-free merge\',\n                workflowSummaryOutput: \'Output: apply safe in-place merge to participants.tsv + participants.json\',\n            };\n        }\n\n        if (willReplaceExisting) {\n            return {\n                previewLabel: \'1. Review Replacement File\',\n                previewHint: \'Check the imported columns and sample values before replacing the current participant files.\',\n                mappingHint: \'Include non-core fields from the imported source file.\',\n                convertLabel: \'3. Replace Participant Files\',\n                convertPendingHint: \'Run step 1 to review the replacement file\',\n                convertReadyHint: \'Ready to replace existing files in project\',\n                workflowSummaryOutput: \'Output: replace participants.tsv + participants.json in project\',\n            };\n        }\n\n        return {\n            previewLabel: \'1. Review Participant Fields\',\n            previewHint: \'Check detected columns and sample values before creating participant files.\',\n            mappingHint: \'Include non-core fields from the imported source file.\',\n            convertLabel: \'3. Create Participant Files\',\n            convertPendingHint: \'Run step 1 first\',\n            convertReadyHint: \'Ready to create files in project\',\n            workflowSummaryOutput: \'Output: create participants.tsv + participants.json in project\',\n        };\n    }\n\n    function getParticipantsGuidanceCopy() {\n        const workflowState = getParticipantsWorkflowState();\n        const activeCase = getParticipantsActiveCaseState();\n        const hasAnyParticipantFile = Boolean(participantsExistingFilesInfo && participantsExistingFilesInfo.exists);\n        const existingFiles = getExistingParticipantFileNames();\n        const fileListText = existingFiles.length > 0 ? existingFiles.join(\', \') : \'participants.tsv\';\n\n        if (!requiresParticipantsCaseSelection()) {\n            return {\n                introTitle: \'Use this tab to create the dataset-level sociodemographics files.\',\n                introBody: workflowState.metadata_without_tsv\n                    ? \'participants.json exists, but participants.tsv is still missing. Start from one imported table so PRISM can rebuild the participant files from a single source of truth.\'\n                    : \'No participant files are available yet. Start from one imported table and let PRISM create participants.tsv plus participants.json from that source.\',\n                modeHint: workflowState.metadata_without_tsv\n                    ? \'participants.json was detected without participants.tsv. Import mode is required until a participants.tsv exists.\'\n                    : \'No participants.tsv found yet. Import a participant table to create the first participant files.\',\n                caseGuideHint: \'\',\n                checklist: [\n                    \'Choose the participant source file and confirm the detected ID column.\',\n                    \'Run the review step to confirm sample values and output columns.\',\n                    \'Optional: add more columns or adjust metadata.\',\n                    hasAnyParticipantFile\n                        ? \'Create or rebuild the participant files from the imported source of truth.\'\n                        : \'Create participants.tsv and participants.json in the current project.\',\n                ],\n            };\n        }\n\n        if (!activeCase) {\n            return {\n                introTitle: \'Use this tab to update existing participant files.\',\n                introBody: \'participants.tsv is already present. Choose the workflow that matches your intent before PRISM enables review or save.\',\n                modeHint: `Detected existing participant files: ${fileListText}. Choose a workflow to continue.`,\n                caseGuideHint: \'Nothing is preselected. Choose the workflow that matches your goal before preview or save.\',\n                checklist: [\n                    \'Choose Replace to import a new source of truth, Modify to review saved files in place, or Merge to safe-merge an imported table.\',\n                    \'If you choose Replace or Merge, select the participant source file and confirm the detected ID column.\',\n                    \'Run the review step to confirm sample values and output columns before saving.\',\n                    \'Save only after the selected workflow matches your intent.\',\n                ],\n            };\n        }\n\n        if (activeCase.caseId === \'2\') {\n            return {\n                introTitle: \'Modify workflow selected.\',\n                introBody: \'PRISM will keep the current participants.tsv and participants.json as the source of truth and save your updates in place.\',\n                modeHint: \'Modify selected. Review the saved participant files and update their metadata in place.\',\n                caseGuideHint: \'Modify works directly on the current project files. Use Merge if you need to bring back a removed variable from another source file.\',\n                checklist: [\n                    \'Review the current participants.tsv and participants.json from the active project.\',\n                    \'Optional: adjust metadata or normalize the saved files in place.\',\n                    \'Save the existing participant files when the preview matches your intent.\',\n                ],\n            };\n        }\n\n        if (activeCase.caseId === \'3\') {\n            return {\n                introTitle: \'Merge workflow selected.\',\n                introBody: \'PRISM will preview a safe merge from an imported table into the current participants.tsv. Conflicts must be resolved before apply.\',\n                modeHint: \'Merge selected. Choose the participant source file and confirm the detected ID column before previewing the merge.\',\n                caseGuideHint: \'Merge only fills missing values, adds new participants, and adds new columns. Conflicting non-empty overlaps block apply.\',\n                checklist: [\n                    \'Choose the incoming participant source file and confirm the detected ID column.\',\n                    \'Preview the merge to inspect matches, fills, new participants, and conflicts.\',\n                    \'Optional: adjust metadata for newly included columns.\',\n                    \'Apply the merge only after the preview is conflict-free.\',\n                ],\n            };\n        }\n\n        return {\n            introTitle: hasAnyParticipantFile ? \'Replace workflow selected.\' : \'Create participant files from an imported source.\',\n            introBody: hasAnyParticipantFile\n                ? \'PRISM will use one imported table as the new source of truth and replace the current participant files.\'\n                : \'PRISM will use one imported table as the source of truth to create the first participant files for this project.\',\n            modeHint: \'Replace selected. Choose the participant source file and confirm the detected ID column before review.\',\n            caseGuideHint: \'Replace uses one imported table as the source of truth.\',\n            checklist: [\n                \'Choose the participant source file and confirm the detected ID column.\',\n                \'Run the review step to confirm sample values and output columns.\',\n                \'Optional: add more columns or adjust metadata.\',\n                hasAnyParticipantFile\n                    ? \'Replace the current participant files with the imported source of truth.\'\n                    : \'Create participants.tsv and participants.json in the current project.\',\n            ],\n        };\n    }\n\n    function renderParticipantsQuickChecklist(items) {\n        const quickChecklist = document.getElementById(\'participantsQuickChecklist\');\n        if (!quickChecklist) {\n            return;\n        }\n\n        if (!Array.isArray(items) || items.length === 0) {\n            quickChecklist.textContent = \'No checklist is available yet.\';\n            return;\n        }\n\n        quickChecklist.innerHTML = items.map((item, index) => `\n            <div class="small d-flex align-items-start${index < items.length - 1 ? \' mb-2\' : \'\'}">\n                <i class="fas fa-check-circle text-success me-2 mt-1"></i>\n                <span>${escapeHtml(String(item || \'\'))}</span>\n            </div>\n        `).join(\'\');\n    }\n\n    function updateParticipantsIntroUi() {\n        const introTitle = document.getElementById(\'participantsIntroTitle\');\n        const introBody = document.getElementById(\'participantsIntroBody\');\n        const guidanceCopy = getParticipantsGuidanceCopy();\n\n        if (introTitle) {\n            introTitle.textContent = guidanceCopy.introTitle;\n        }\n        if (introBody) {\n            introBody.textContent = guidanceCopy.introBody;\n        }\n\n        renderParticipantsQuickChecklist(guidanceCopy.checklist);\n    }\n\n    function getParticipantsActiveCaseState() {\n        if (!hasParticipantsSelectedCase()) {\n            return null;\n        }\n\n        const activeCaseId = normalizeParticipantsCaseId(participantsSelectedCaseId)\n            || normalizeParticipantsCaseId(getParticipantsWorkflowState().default_case)\n            || \'1\';\n\n        return getParticipantsCaseDetails(activeCaseId);\n    }\n\n    function updateParticipantsCaseGuideUi() {\n        const caseGuide = document.getElementById(\'participantsCaseGuide\');\n        const caseGuideHint = document.getElementById(\'participantsCaseGuideHint\');\n        const activeBadge = document.getElementById(\'participantsActiveCaseBadge\');\n        const activeDescription = document.getElementById(\'participantsActiveCaseDescription\');\n        const cardsContainer = document.getElementById(\'participantsCaseGuideCards\');\n        if (!caseGuide || !caseGuideHint || !activeBadge || !activeDescription || !cardsContainer) {\n            return;\n        }\n\n        const workflowState = getParticipantsWorkflowState();\n        const guidanceCopy = getParticipantsGuidanceCopy();\n        const availableCases = getAvailableParticipantsCases();\n        const activeCase = getParticipantsActiveCaseState();\n\n        if (!workflowState.show_case_guide || availableCases.length === 0) {\n            caseGuide.classList.add(\'d-none\');\n            caseGuideHint.textContent = \'\';\n            activeBadge.textContent = \'Choose a workflow\';\n            activeBadge.className = \'badge bg-secondary\';\n            activeDescription.textContent = \'\';\n            activeDescription.classList.add(\'d-none\');\n            cardsContainer.innerHTML = \'\';\n            return;\n        }\n\n        caseGuide.classList.remove(\'d-none\');\n        caseGuideHint.textContent = guidanceCopy.caseGuideHint || \'Choose the workflow that matches your goal before preview or save.\';\n\n        if (activeCase) {\n            activeBadge.innerHTML = `\n                <i class="${escapeHtml(activeCase.iconClass)}" aria-hidden="true"></i>\n                <span>Current: ${escapeHtml(activeCase.actionLabel)}</span>\n            `;\n            activeBadge.className = `badge ${activeCase.badgeClass} d-inline-flex align-items-center gap-1`;\n            activeDescription.textContent = \'\';\n            activeDescription.classList.add(\'d-none\');\n        } else {\n            activeBadge.textContent = \'Choose a workflow\';\n            activeBadge.className = \'badge bg-secondary\';\n            activeDescription.textContent = \'Pick the workflow that matches your goal. Review and save stay disabled until you choose.\';\n            activeDescription.classList.remove(\'d-none\');\n        }\n\n        cardsContainer.innerHTML = availableCases.map((caseId) => {\n            const caseDetails = getParticipantsCaseDetails(caseId);\n            const isSelected = Boolean(activeCase && activeCase.caseId === caseId);\n            const cardClasses = isSelected\n                ? `${caseDetails.borderClass} bg-light shadow-sm`\n                : \'border-secondary\';\n            const badgeClass = isSelected ? caseDetails.badgeClass : \'bg-secondary\';\n            const badgeText = isSelected ? \'Current\' : \'Select\';\n\n            return `\n                <div class="col-md-4">\n                    <button\n                        type="button"\n                        class="btn p-0 text-start border-0 bg-transparent w-100 h-100 participants-case-select"\n                        data-participants-case-id="${escapeHtml(caseId)}"\n                        aria-pressed="${isSelected ? \'true\' : \'false\'}"\n                    >\n                        <div class="participants-case-card border rounded p-3 h-100 text-dark ${cardClasses}">\n                            <div class="d-flex justify-content-between align-items-start gap-2">\n                                <div class="d-flex align-items-start gap-3">\n                                    <span class="participants-case-card-icon ${escapeHtml(caseDetails.iconToneClass)}" aria-hidden="true">\n                                        <i class="${escapeHtml(caseDetails.iconClass)}"></i>\n                                    </span>\n                                    <div>\n                                        <div class="participants-case-card-title">${escapeHtml(caseDetails.title)}</div>\n                                        <div class="participants-case-card-label small text-muted">${escapeHtml(caseDetails.subtitle)}</div>\n                                        <div class="participants-case-card-hint small">${escapeHtml(caseDetails.useCaseHint)}</div>\n                                    </div>\n                                </div>\n                                <span class="badge ${badgeClass}">${escapeHtml(badgeText)}</span>\n                            </div>\n                            <div class="participants-case-card-detail small mt-3">${escapeHtml(caseDetails.description)}</div>\n                        </div>\n                    </button>\n                </div>\n            `;\n        }).join(\'\');\n    }\n\n    function updateParticipantsWorkflowModeUi() {\n        const fileSection = document.getElementById(\'participantsFileInputSection\');\n        const previewActionCol = document.getElementById(\'participantsPreviewActionCol\');\n        const mappingActionCol = document.getElementById(\'participantsMappingActionCol\');\n        const convertActionCol = document.getElementById(\'participantsConvertActionCol\');\n        const previewBtnLabel = document.getElementById(\'participantsPreviewBtnLabel\');\n        const previewHint = document.getElementById(\'participantsPreviewHint\');\n        const mappingHint = document.getElementById(\'participantsMappingHint\');\n        const convertBtnLabel = document.getElementById(\'participantsConvertBtnLabel\');\n        const convertHint = document.getElementById(\'convertBtnHint\');\n        const summaryOutput = document.getElementById(\'participantsWorkflowSummaryOutput\');\n\n        const mode = getParticipantsWorkflowMode();\n        const hasSelectedCase = hasParticipantsSelectedCase();\n        const showMappingAction = mode === \'file\' && hasSelectedCase;\n        if (fileSection) {\n            fileSection.classList.toggle(\'d-none\', mode !== \'file\' || !hasSelectedCase);\n        }\n\n        if (mappingActionCol) {\n            mappingActionCol.classList.toggle(\'d-none\', !showMappingAction);\n        }\n\n        [previewActionCol, convertActionCol].forEach((column) => {\n            if (!column) {\n                return;\n            }\n            column.classList.remove(\'col-md-4\', \'col-md-6\');\n            column.classList.add(showMappingAction ? \'col-md-4\' : \'col-md-6\');\n        });\n\n        if (!showMappingAction) {\n            setParticipantsAdditionalVariablesEnabled(false);\n        }\n\n        const workflowUiCopy = getParticipantsWorkflowUiCopy();\n\n        if (previewBtnLabel) {\n            previewBtnLabel.textContent = workflowUiCopy.previewLabel;\n        }\n        if (previewHint) {\n            previewHint.textContent = workflowUiCopy.previewHint;\n        }\n        if (convertBtnLabel) {\n            convertBtnLabel.textContent = workflowUiCopy.convertLabel;\n        }\n        if (mappingHint) {\n            mappingHint.textContent = workflowUiCopy.mappingHint;\n        }\n        if (convertHint && !participantsPreviewCompleted) {\n            convertHint.textContent = workflowUiCopy.convertPendingHint;\n        }\n        if (summaryOutput) {\n            summaryOutput.textContent = workflowUiCopy.workflowSummaryOutput;\n        }\n\n        updateParticipantsIntroUi();\n        updateParticipantsCaseGuideUi();\n    }\n    \n    function updateParticipantsSelectedFileName() {\n        const fileNameField = document.getElementById(\'participantsSelectedFileName\');\n        if (!fileNameField) return;\n\n        const selected = getParticipantsSelectedFilename();\n        fileNameField.value = selected || \'No file selected\';\n    }\n    \n    function resetParticipantsPanelState({ preserveImportConfig = false } = {}) {\n        participantsPreviewCompleted = false;\n        if (!preserveImportConfig) {\n            participantsExcelSheetCount = null;\n            participantsShowSheetSelector = null;\n            participantsSheetMetadataPending = false;\n        }\n    \n        const previewResults = document.getElementById(\'participantsPreviewResults\');\n        const schemaPreview = document.getElementById(\'neurobagelSchemaPreview\');\n        const conversionProgress = document.getElementById(\'participantsConversionProgress\');\n        const conversionLog = document.getElementById(\'participantsConversionLog\');\n        const errorDiv = document.getElementById(\'participantsError\');\n        const infoDiv = document.getElementById(\'participantsInfo\');\n        const successDiv = document.getElementById(\'participantsSuccess\');\n        const availabilityInfo = document.getElementById(\'participantsPreviewAvailabilityInfo\');\n        const warningDiv = document.getElementById(\'participantsExistingFilesWarning\');\n        const workflowSummary = document.getElementById(\'participantsWorkflowSummary\');\n        const mergeSummary = document.getElementById(\'participantsMergeSummary\');\n        const forceOverwrite = document.getElementById(\'participantsForceOverwrite\');\n        const convertBtn = document.getElementById(\'participantsConvertBtn\');\n        const convertHint = document.getElementById(\'convertBtnHint\');\n        const applyStatusBadge = document.getElementById(\'participantsMergeApplyStatusBadge\');\n        const saveAnnotBtn = document.getElementById(\'saveNeurobagelBtn\');\n        const previewTableHead = document.querySelector(\'#participantsPreviewTable thead\');\n        const previewTableBody = document.querySelector(\'#participantsPreviewTable tbody\');\n        const previewCount = document.getElementById(\'participantsPreviewCount\');\n        const schemaJsonCode = document.getElementById(\'schemaJsonCode\');\n        const sheetInput = document.getElementById(\'participantsSheet\');\n        const separator = document.getElementById(\'participantsSeparator\');\n        const idGroup = document.getElementById(\'participantsIdColumnGroup\');\n    \n        if (previewResults) previewResults.classList.add(\'d-none\');\n        if (schemaPreview) schemaPreview.classList.add(\'d-none\');\n        if (conversionProgress) conversionProgress.classList.add(\'d-none\');\n        if (conversionLog) conversionLog.innerHTML = \'\';\n        if (errorDiv) {\n            errorDiv.classList.add(\'d-none\');\n            errorDiv.textContent = \'\';\n        }\n        if (infoDiv) {\n            infoDiv.classList.add(\'d-none\');\n            infoDiv.innerHTML = \'\';\n        }\n        if (successDiv) {\n            successDiv.classList.add(\'d-none\');\n            successDiv.innerHTML = \'\';\n        }\n        if (availabilityInfo) availabilityInfo.classList.add(\'d-none\');\n        if (warningDiv) warningDiv.classList.add(\'d-none\');\n        if (workflowSummary) workflowSummary.classList.add(\'d-none\');\n        if (mergeSummary) mergeSummary.classList.add(\'d-none\');\n        if (forceOverwrite) forceOverwrite.checked = false;\n    \n        if (convertBtn) {\n            convertBtn.disabled = true;\n            convertBtn.classList.remove(\'btn-success\');\n            convertBtn.classList.add(\'btn-outline-secondary\');\n        }\n        if (convertHint) convertHint.textContent = getParticipantsWorkflowUiCopy().convertPendingHint;\n        if (applyStatusBadge) {\n            applyStatusBadge.className = \'badge d-none\';\n            applyStatusBadge.textContent = \'\';\n        }\n        if (saveAnnotBtn) saveAnnotBtn.disabled = true;\n    \n        if (previewTableHead) previewTableHead.innerHTML = \'\';\n        if (previewTableBody) previewTableBody.innerHTML = \'\';\n        if (previewCount) previewCount.textContent = \'0 participants\';\n        if (schemaJsonCode) schemaJsonCode.textContent = \'\';\n    \n        if (!preserveImportConfig) {\n            if (sheetInput) sheetInput.value = \'\';\n            if (separator) separator.value = \'auto\';\n            clearRememberedParticipantsIdColumn();\n            setParticipantsIdColumnOptions([], \'auto\', true);\n            setParticipantsIdSelectionRequired(false);\n            if (idGroup) idGroup.classList.add(\'d-none\');\n        }\n    \n        window.lastParticipantsPreviewData = null;\n        window.neurobagelSchema = null;\n        window.existingParticipantsData = null;\n        window.participantsTsvData = null;\n        window.pendingAdditionalParticipantColumns = [];\n        window.currentAdditionalParticipantColumns = [];\n        window.excludedParticipantColumns = [];\n        window.participantsMergeHarmonizationDecisions = {};\n        window.participantsMergeSessionResolutionDecisions = {};\n        setParticipantsAdditionalVariablesEnabled(false);\n    \n        const widgetContainer = document.getElementById(\'neurobagelWidgetContainer\');\n        if (widgetContainer) widgetContainer.innerHTML = \'\';\n    }\n    \n    async function parseParticipantsJsonResponse(response) {\n        const rawText = await response.text();\n    \n        try {\n            return JSON.parse(rawText);\n        } catch (strictErr) {\n            // Some backends may emit non-standard JSON tokens like NaN/Infinity.\n            // Normalize them to null so the preview flow can continue.\n            const normalized = rawText\n                .replace(/\\bNaN\\b/g, \'null\')\n                .replace(/\\b-Infinity\\b/g, \'null\')\n                .replace(/\\bInfinity\\b/g, \'null\');\n    \n            try {\n                return JSON.parse(normalized);\n            } catch (lenientErr) {\n                throw strictErr;\n            }\n        }\n    }\n    \n    function isExcelParticipantsFile(fileOrPath) {\n        const name = resolveParticipantsFileName(fileOrPath).toLowerCase();\n        return Boolean(name && name.endsWith(\'.xlsx\'));\n    }\n\n    function isDelimitedParticipantsFile(fileOrPath) {\n        const name = resolveParticipantsFileName(fileOrPath).toLowerCase();\n        return name.endsWith(\'.csv\') || name.endsWith(\'.tsv\');\n    }\n\n    function isSupportedParticipantsImportFile(fileOrPath) {\n        const name = resolveParticipantsFileName(fileOrPath).toLowerCase();\n        if (!name) {\n            return false;\n        }\n        return (\n            name.endsWith(\'.xlsx\')\n            || name.endsWith(\'.csv\')\n            || name.endsWith(\'.tsv\')\n            || name.endsWith(\'.sav\')\n            || name.endsWith(\'.rds\')\n            || name.endsWith(\'.rdata\')\n            || name.endsWith(\'.rda\')\n            || name.endsWith(\'.lsa\')\n        );\n    }\n    \n    function updateParticipantsSheetMetadata(metadata = null) {\n        const sheetInput = document.getElementById(\'participantsSheet\');\n        const parsedCount = metadata && metadata.non_empty_sheet_count !== undefined && metadata.non_empty_sheet_count !== null\n            ? Number(metadata.non_empty_sheet_count)\n            : metadata && metadata.sheet_count !== undefined && metadata.sheet_count !== null\n                ? Number(metadata.sheet_count)\n            : Number.NaN;\n        const hasExplicitShowValue = metadata && typeof metadata.show_sheet_selector === \'boolean\';\n    \n        participantsExcelSheetCount = Number.isFinite(parsedCount) ? parsedCount : null;\n        participantsShowSheetSelector = hasExplicitShowValue ? Boolean(metadata.show_sheet_selector) : null;\n        participantsSheetMetadataPending = false;\n    \n        if (sheetInput && participantsShowSheetSelector === false) {\n            sheetInput.value = \'\';\n        }\n    \n        updateParticipantsInputVisibility();\n    }\n    \n    function updateParticipantsInputVisibility() {\n        const mode = getParticipantsWorkflowMode();\n        const hasSelectedCase = hasParticipantsSelectedCase();\n        const fileSection = document.getElementById(\'participantsFileInputSection\');\n        const sheetGroup = document.getElementById(\'participantsSheetGroup\');\n        const idGroup = document.getElementById(\'participantsIdColumnGroup\');\n        const separatorGroup = document.getElementById(\'participantsSeparatorGroup\');\n        const separatorSelect = document.getElementById(\'participantsSeparator\');\n\n        if (fileSection) {\n            fileSection.classList.toggle(\'d-none\', mode !== \'file\' || !hasSelectedCase);\n        }\n\n        if (mode !== \'file\' || !hasSelectedCase) {\n            if (sheetGroup) sheetGroup.classList.add(\'d-none\');\n            if (separatorGroup) separatorGroup.classList.add(\'d-none\');\n            if (idGroup) idGroup.classList.add(\'d-none\');\n            if (separatorSelect) separatorSelect.value = \'auto\';\n            return;\n        }\n    \n        const selectedSource = getParticipantsSelectedLocalFile() || getParticipantsSelectedServerFilePath();\n        const isExcel = isExcelParticipantsFile(selectedSource);\n        const isDelimited = isDelimitedParticipantsFile(selectedSource);\n        const showSheetGroup = isExcel\n            && !participantsSheetMetadataPending\n            && (\n                participantsShowSheetSelector !== null\n                    ? participantsShowSheetSelector\n                    : (participantsExcelSheetCount === null || participantsExcelSheetCount > 1)\n            );\n    \n        if (sheetGroup) {\n            sheetGroup.classList.toggle(\'d-none\', !showSheetGroup);\n        }\n    \n        if (separatorGroup) {\n            separatorGroup.classList.toggle(\'d-none\', !isDelimited);\n        }\n        if (!isDelimited && separatorSelect) {\n            separatorSelect.value = \'auto\';\n        }\n    \n        if (!selectedSource && idGroup) {\n            idGroup.classList.add(\'d-none\');\n        }\n    }\n    \n    function setParticipantsIdSelectionRequired(isRequired) {\n        participantsIdSelectionRequired = Boolean(isRequired);\n        const idLabel = document.getElementById(\'participantsIdColumnLabel\');\n        const idHint = document.getElementById(\'participantsIdColumnHint\');\n\n        if (idLabel) {\n            idLabel.innerHTML = isRequired\n                ? \'ID Column <span class="text-danger">*</span>\'\n                : \'ID Column\';\n        }\n\n        if (idHint) {\n            idHint.textContent = isRequired\n                ? \'Select the source ID column. It will be renamed to participant_id.\'\n                : \'Detected source ID column. It will be renamed to participant_id in output.\';\n        }\n    }\n\n    function clearRememberedParticipantsIdColumn() {\n        participantsRememberedIdColumn = \'\';\n    }\n\n    function rememberParticipantsIdColumn(value) {\n        const cleanedValue = String(value || \'\').trim();\n        participantsRememberedIdColumn = cleanedValue && cleanedValue !== \'auto\'\n            ? cleanedValue\n            : \'\';\n        return participantsRememberedIdColumn;\n    }\n\n    function getRememberedParticipantsIdColumn(columns = null) {\n        const cleanedValue = String(participantsRememberedIdColumn || \'\').trim();\n        if (!cleanedValue) {\n            return \'\';\n        }\n\n        if (!Array.isArray(columns) || columns.length === 0) {\n            return cleanedValue;\n        }\n\n        return columns.some((columnName) => String(columnName || \'\').trim() === cleanedValue)\n            ? cleanedValue\n            : \'\';\n    }\n\n    function getCurrentParticipantsIdColumnValue(columns = null) {\n        const currentValue = String(document.getElementById(\'participantsIdColumn\')?.value || \'\').trim();\n        if (currentValue && currentValue !== \'auto\') {\n            rememberParticipantsIdColumn(currentValue);\n            return currentValue;\n        }\n\n        return getRememberedParticipantsIdColumn(columns);\n    }\n\n    function hasParticipantsResolvedIdSelection() {\n        if (getParticipantsWorkflowMode() !== \'file\') {\n            return true;\n        }\n\n        if (!hasParticipantsFileSelection()) {\n            return false;\n        }\n\n        if (!participantsIdSelectionRequired) {\n            return true;\n        }\n\n        const idColumn = getCurrentParticipantsIdColumnValue();\n        return Boolean(idColumn && idColumn !== \'auto\');\n    }\n\n    function setParticipantsIdColumnOptions(columns, selectedValue = \'auto\', allowAutoOption = true) {\n        const idSelect = document.getElementById(\'participantsIdColumn\');\n        if (!idSelect) return;\n    \n        idSelect.innerHTML = \'\';\n    \n        if (allowAutoOption) {\n            const autoOpt = document.createElement(\'option\');\n            autoOpt.value = \'auto\';\n            autoOpt.textContent = \'Auto-detect\';\n            idSelect.appendChild(autoOpt);\n        } else {\n            const placeholderOpt = document.createElement(\'option\');\n            placeholderOpt.value = \'\';\n            placeholderOpt.textContent = \'Select ID column...\';\n            placeholderOpt.disabled = true;\n            placeholderOpt.selected = true;\n            idSelect.appendChild(placeholderOpt);\n        }\n    \n        if (Array.isArray(columns)) {\n            columns.forEach((col) => {\n                const colName = String(col || \'\').trim();\n                if (!colName) return;\n                const opt = document.createElement(\'option\');\n                opt.value = colName;\n                opt.textContent = colName;\n                idSelect.appendChild(opt);\n            });\n        }\n    \n        const normalized = String(selectedValue || \'\').trim();\n        if (normalized && [...idSelect.options].some((opt) => opt.value === normalized)) {\n            idSelect.value = normalized;\n        } else if (allowAutoOption && [...idSelect.options].some((opt) => opt.value === \'auto\')) {\n            idSelect.value = \'auto\';\n        } else if (!allowAutoOption && [...idSelect.options].some((opt) => opt.value === \'\')) {\n            idSelect.value = \'\';\n        } else if (idSelect.options.length > 0) {\n            idSelect.value = idSelect.options[0].value;\n        } else {\n            idSelect.value = \'\';\n        }\n\n        const resolvedValue = String(idSelect.value || \'\').trim();\n        if (resolvedValue && resolvedValue !== \'auto\') {\n            rememberParticipantsIdColumn(resolvedValue);\n        }\n    }\n    \n    async function autoDetectParticipantsIdColumn() {\n        const idGroup = document.getElementById(\'participantsIdColumnGroup\');\n        const idSelect = document.getElementById(\'participantsIdColumn\');\n        const idHint = document.getElementById(\'participantsIdColumnHint\');\n        const sheetInput = document.getElementById(\'participantsSheet\');\n\n        const selectedFile = getParticipantsSelectedLocalFile();\n        const selectedServerPath = getParticipantsSelectedServerFilePath();\n        const selectedSource = selectedFile || selectedServerPath;\n        if (!selectedSource) {\n            participantsExcelSheetCount = null;\n            participantsShowSheetSelector = null;\n            participantsSheetMetadataPending = false;\n            clearRememberedParticipantsIdColumn();\n            setParticipantsIdColumnOptions([], \'auto\', true);\n            setParticipantsIdSelectionRequired(false);\n            updateParticipantsInputVisibility();\n            if (idGroup) idGroup.classList.add(\'d-none\');\n            return;\n        }\n\n        if (!isSupportedParticipantsImportFile(selectedSource)) {\n            participantsExcelSheetCount = null;\n            participantsShowSheetSelector = null;\n            participantsSheetMetadataPending = false;\n            clearRememberedParticipantsIdColumn();\n            updateParticipantsInputVisibility();\n            setParticipantsIdColumnOptions([], \'\', false);\n            setParticipantsIdSelectionRequired(true);\n            if (idHint) {\n                idHint.textContent = \'Unsupported file format. Use .xlsx, .csv, .tsv, .sav, .rds, .rdata, .rda, or .lsa.\';\n            }\n            if (idGroup) idGroup.classList.remove(\'d-none\');\n            return;\n        }\n    \n        try {\n            const formData = new FormData();\n            if (selectedFile) {\n                formData.append(\'file\', selectedFile);\n            } else {\n                formData.append(\'source_file_path\', selectedServerPath);\n            }\n\n            if (isExcelParticipantsFile(selectedSource) && sheetInput && sheetInput.value) {\n                formData.append(\'sheet\', sheetInput.value);\n            }\n            const separator = document.getElementById(\'participantsSeparator\')?.value || \'auto\';\n            formData.append(\'separator\', separator);\n    \n            const response = await fetchWithApiFallback(\'/api/participants-detect-id\', {\n                method: \'POST\',\n                body: formData\n            });\n            const data = await parseParticipantsJsonResponse(response);\n    \n            if (!response.ok) {\n                throw new Error(data.error || \'ID detection failed\');\n            }\n    \n            updateParticipantsSheetMetadata(data);\n\n                const availableSourceColumns = Array.isArray(data.columns) ? data.columns : [];\n                const preservedId = getCurrentParticipantsIdColumnValue(availableSourceColumns);\n                const idSelectionRequired = Boolean(data.id_selection_required);\n                const detectedId = String(data.source_id_column || data.suggested_id_column || data.id_column || \'\').trim();\n                const selectedId = preservedId || detectedId;\n\n            setParticipantsIdSelectionRequired(idSelectionRequired);\n            setParticipantsIdColumnOptions(\n                    availableSourceColumns,\n                selectedId,\n                false\n            );\n\n            if (idSelectionRequired) {\n                if (idHint) idHint.textContent = \'Select the source ID column manually. It will be renamed to participant_id.\';\n            } else {\n                if (idSelect && selectedId) idSelect.value = selectedId;\n                if (idHint) idHint.textContent = \'Confirm or change the detected source ID column. It will be renamed to participant_id in output.\';\n            }\n            if (selectedId) {\n                rememberParticipantsIdColumn(selectedId);\n            } else if (idSelectionRequired) {\n                clearRememberedParticipantsIdColumn();\n            }\n            if (idGroup) idGroup.classList.remove(\'d-none\');\n        } catch (error) {\n            participantsExcelSheetCount = null;\n            participantsShowSheetSelector = null;\n            participantsSheetMetadataPending = false;\n            updateParticipantsInputVisibility();\n            console.warn(\'Participants ID auto-detection failed:\', error);\n            clearRememberedParticipantsIdColumn();\n            setParticipantsIdColumnOptions([], \'\', false);\n            setParticipantsIdSelectionRequired(true);\n            if (idHint) idHint.textContent = \'Automatic detection unavailable. Select the source ID column manually.\';\n            if (idGroup) idGroup.classList.remove(\'d-none\');\n        }\n    }\n    \n    // Enable/disable buttons based on file selection and preview state\n    function updateParticipantsButtonState({ skipIdAutoDetect = false } = {}) {\n        const mode = getParticipantsWorkflowMode();\n        const hasSelectedCase = hasParticipantsSelectedCase();\n        const selectedSource = getParticipantsSelectedLocalFile() || getParticipantsSelectedServerFilePath();\n        const hasFile = Boolean(selectedSource);\n        \n        const previewBtn = document.getElementById(\'participantsPreviewBtn\');\n        const convertBtn = document.getElementById(\'participantsConvertBtn\');\n        const saveAnnotBtn = document.getElementById(\'saveNeurobagelBtn\');\n        const warningDiv = document.getElementById(\'participantsExistingFilesWarning\');\n\n        if (!hasSelectedCase) {\n            participantsExcelSheetCount = null;\n            participantsShowSheetSelector = null;\n            participantsSheetMetadataPending = false;\n\n            if (previewBtn) previewBtn.disabled = true;\n            if (convertBtn) convertBtn.disabled = true;\n            if (saveAnnotBtn) saveAnnotBtn.disabled = true;\n            if (warningDiv) warningDiv.classList.add(\'d-none\');\n            updateParticipantsInputVisibility();\n            updateParticipantsSelectedFileName();\n            updateParticipantsMergeApplyStatusBadge();\n            return;\n        }\n\n        if (mode === \'existing\') {\n            participantsExcelSheetCount = null;\n            participantsShowSheetSelector = null;\n            participantsSheetMetadataPending = false;\n\n            if (previewBtn) previewBtn.disabled = !canModifyExistingParticipants();\n            if (convertBtn) convertBtn.disabled = !canApplyParticipantsConversion();\n            if (saveAnnotBtn) saveAnnotBtn.disabled = !participantsPreviewCompleted;\n            if (warningDiv) warningDiv.classList.add(\'d-none\');\n            updateParticipantsInputVisibility();\n            updateParticipantsSelectedFileName();\n            updateParticipantsMergeApplyStatusBadge();\n            return;\n        }\n        \n        if (hasFile) {\n            if (!skipIdAutoDetect) {\n                participantsExcelSheetCount = null;\n                participantsShowSheetSelector = null;\n                participantsSheetMetadataPending = isExcelParticipantsFile(selectedSource);\n            }\n            if (previewBtn) previewBtn.disabled = false;\n            // Convert is only enabled if preview has been completed\n            if (convertBtn) convertBtn.disabled = !canApplyParticipantsConversion();\n            if (saveAnnotBtn) saveAnnotBtn.disabled = !participantsPreviewCompleted;\n            if (warningDiv) warningDiv.classList.add(\'d-none\');\n            updateParticipantsInputVisibility();\n            if (!skipIdAutoDetect) {\n                autoDetectParticipantsIdColumn();\n            }\n        } else {\n            participantsExcelSheetCount = null;\n            participantsShowSheetSelector = null;\n            participantsSheetMetadataPending = false;\n            if (previewBtn) previewBtn.disabled = true;\n            if (convertBtn) convertBtn.disabled = true;\n            if (saveAnnotBtn) saveAnnotBtn.disabled = true;\n            participantsPreviewCompleted = false;\n            updateParticipantsInputVisibility();\n        }\n    \n        updateParticipantsSelectedFileName();\n        updateParticipantsMergeApplyStatusBadge();\n    }\n\n    function setParticipantsPrimaryActionButtonsDisabled(disabled) {\n        const previewBtn = document.getElementById(\'participantsPreviewBtn\');\n        const convertBtn = document.getElementById(\'participantsConvertBtn\');\n        if (previewBtn) previewBtn.disabled = disabled;\n        if (convertBtn) convertBtn.disabled = disabled;\n    }\n    \n    // Attach event listener\n    const fileInput = document.getElementById(\'participantsDataFile\');\n    if (fileInput) {\n        fileInput.addEventListener(\'change\', function() {\n            participantsServerFilePath = \'\';\n            resetParticipantsPanelState();\n            updateParticipantsButtonState();\n        });\n    }\n\n    if (fileInput) {\n        participantsSourcedataQuickSelectController.initialize();\n    }\n    \n    const participantsChooseFileBtn = document.getElementById(\'participantsChooseFileBtn\');\n    if (participantsChooseFileBtn && fileInput) {\n        participantsChooseFileBtn.addEventListener(\'click\', function() {\n            fileInput.click();\n        });\n    }\n\n    const participantsBrowseServerFileBtn = document.getElementById(\'participantsBrowseServerFileBtn\');\n    if (participantsBrowseServerFileBtn) {\n        participantsBrowseServerFileBtn.addEventListener(\'click\', async function() {\n            const pickedPath = await pickServerFile({\n                title: \'Select Participants File on Server\',\n                confirmLabel: \'Use This File\',\n                extensions: \'.xlsx,.csv,.tsv,.sav,.rds,.rdata,.rda,.lsa\',\n                startPath: getParticipantsSelectedServerFilePath(),\n            });\n            if (!pickedPath) {\n                return;\n            }\n\n            participantsServerFilePath = String(pickedPath || \'\').trim();\n            if (fileInput) {\n                fileInput.value = \'\';\n            }\n\n            resetParticipantsPanelState();\n            updateParticipantsButtonState();\n        });\n    }\n    \n    const participantsClearFileBtn = document.getElementById(\'participantsClearFileBtn\');\n    if (participantsClearFileBtn && fileInput) {\n        participantsClearFileBtn.addEventListener(\'click\', function() {\n            clearParticipantsSelectedFile({ resetSourcedataSelection: true });\n            resetParticipantsPanelState();\n            updateParticipantsButtonState();\n        });\n    }\n\n    const participantsIdColumn = document.getElementById(\'participantsIdColumn\');\n    if (participantsIdColumn) {\n        participantsIdColumn.addEventListener(\'change\', function() {\n            rememberParticipantsIdColumn(this.value);\n            resetParticipantsPanelState({ preserveImportConfig: true });\n            updateParticipantsButtonState({ skipIdAutoDetect: true });\n        });\n    }\n    \n    const sheetInput = document.getElementById(\'participantsSheet\');\n    if (sheetInput) {\n        sheetInput.addEventListener(\'change\', function() {\n            const selectedSource = getParticipantsSelectedLocalFile() || getParticipantsSelectedServerFilePath();\n            if (isExcelParticipantsFile(selectedSource)) {\n                autoDetectParticipantsIdColumn();\n            }\n        });\n    }\n    \n    const participantsSeparator = document.getElementById(\'participantsSeparator\');\n    if (participantsSeparator) {\n        participantsSeparator.addEventListener(\'change\', function() {\n            const selectedSource = getParticipantsSelectedLocalFile() || getParticipantsSelectedServerFilePath();\n            if (isDelimitedParticipantsFile(selectedSource)) {\n                autoDetectParticipantsIdColumn();\n            }\n        });\n    }\n\n    window.addEventListener(\'prism-library-settings-changed\', function() {\n        applyParticipantsPickerUiState();\n    });\n\n    if (!window.__participantsProjectChangeListenerBound) {\n        window.addEventListener(\'prism-project-changed\', function() {\n            resetParticipantsPanelState();\n            updateParticipantsButtonState();\n            participantsSourcedataQuickSelectController.refresh(resolveCurrentProjectPath());\n        });\n        window.__participantsProjectChangeListenerBound = true;\n    }\n\n    if (window.PrismFileSystemMode && typeof window.PrismFileSystemMode.init === \'function\') {\n        window.PrismFileSystemMode.init().then(() => {\n            applyParticipantsPickerUiState();\n        }).catch(() => {\n            // Keep host picker behavior on init failure.\n        });\n    }\n\n    const participantsCaseGuideCards = document.getElementById(\'participantsCaseGuideCards\');\n    if (participantsCaseGuideCards) {\n        participantsCaseGuideCards.addEventListener(\'click\', function(event) {\n            const trigger = event.target.closest(\'[data-participants-case-id]\');\n            if (!trigger) {\n                return;\n            }\n\n            const caseId = trigger.getAttribute(\'data-participants-case-id\');\n            if (!caseId || participantsSelectedCaseId === caseId) {\n                return;\n            }\n\n            applyParticipantsWorkflowCase(caseId);\n            resetParticipantsPanelState();\n            updateParticipantsWorkflowModeUi();\n            updateParticipantsButtonState();\n            renderParticipantsOverwriteWarning(false);\n        });\n    }\n    \n    // Run immediately\n    updateParticipantsInputVisibility();\n    updateParticipantsButtonState();\n    applyParticipantsPickerUiState();\n    setParticipantsAdditionalVariablesEnabled(false);\n\n    function renderParticipantsOverwriteWarning(showWarning = false) {\n        const warningDiv = document.getElementById(\'participantsExistingFilesWarning\');\n        const messageSpan = document.getElementById(\'participantsExistingFilesMessage\');\n        if (!warningDiv || !messageSpan) {\n            return;\n        }\n\n        const mode = getParticipantsWorkflowMode();\n        const show = Boolean(showWarning)\n            && mode === \'file\'\n            && getParticipantsFileAction() === \'replace\'\n            && participantsExistingFilesInfo\n            && participantsExistingFilesInfo.exists;\n\n        if (!show) {\n            warningDiv.classList.add(\'d-none\');\n            return;\n        }\n\n        const files = getExistingParticipantFileNames();\n        messageSpan.textContent = files.length > 0\n            ? `Found existing files: ${files.join(\', \')}`\n            : \'Existing participant files will be overwritten.\';\n        warningDiv.classList.remove(\'d-none\');\n    }\n    \n    // Check for existing participant files\n    async function checkExistingParticipantFiles(options = {}) {\n        const showOverwriteWarning = Boolean(options && options.showOverwriteWarning);\n        try {\n            const response = await fetchWithApiFallback(\'/api/participants-check\');\n            const data = await response.json();\n            const canModify = Boolean(data && (data.can_modify_existing || data.has_participants_tsv));\n\n            participantsExistingFilesInfo = {\n                exists: Boolean(data && data.exists),\n                files: (data && typeof data.files === \'object\' && data.files) ? data.files : {},\n                has_participants_tsv: Boolean(data && data.has_participants_tsv),\n                has_participants_json: Boolean(data && data.has_participants_json),\n                can_modify_existing: canModify,\n                workflow: (data && typeof data.workflow === \'object\' && data.workflow)\n                    ? data.workflow\n                    : {\n                        state: canModify ? \'case_selection_required\' : \'import_required\',\n                        available_cases: canModify ? [\'1\', \'2\', \'3\'] : [\'1\'],\n                        requires_case_selection: canModify,\n                        default_case: canModify ? null : \'1\',\n                        show_case_guide: canModify,\n                        mode_options: canModify ? [\'file\', \'existing\'] : [\'file\'],\n                        file_actions: canModify ? [\'replace\', \'merge\'] : [\'replace\'],\n                        metadata_without_tsv: Boolean(data && data.has_participants_json && !data.has_participants_tsv),\n                    },\n            };\n\n            syncParticipantsWorkflowSelection();\n            updateParticipantsWorkflowModeUi();\n            updateParticipantsButtonState();\n            renderParticipantsOverwriteWarning(showOverwriteWarning);\n            return participantsExistingFilesInfo;\n        } catch (error) {\n            console.error(\'Error checking existing files:\', error);\n            participantsExistingFilesInfo = {\n                exists: false,\n                files: {},\n                has_participants_tsv: false,\n                has_participants_json: false,\n                can_modify_existing: false,\n                workflow: {\n                    state: \'import_required\',\n                    available_cases: [\'1\'],\n                    requires_case_selection: false,\n                    default_case: \'1\',\n                    show_case_guide: false,\n                    mode_options: [\'file\'],\n                    file_actions: [\'replace\'],\n                    metadata_without_tsv: false,\n                },\n            };\n            syncParticipantsWorkflowSelection();\n            updateParticipantsWorkflowModeUi();\n            updateParticipantsButtonState();\n            renderParticipantsOverwriteWarning(false);\n            return participantsExistingFilesInfo;\n        }\n    }\n\n    checkExistingParticipantFiles({ showOverwriteWarning: false });\n\n    function normalizeParticipantAdditionalColumn(value) {\n        return String(value || \'\').trim().toLowerCase().replace(/[^a-z0-9]+/g, \'\');\n    }\n\n    function ensureExcludedParticipantColumnsState() {\n        if (!Array.isArray(window.excludedParticipantColumns)) {\n            window.excludedParticipantColumns = [];\n        }\n        return window.excludedParticipantColumns;\n    }\n\n    function getUniqueExcludedParticipantColumns() {\n        return Array.isArray(window.excludedParticipantColumns)\n            ? [...new Set(window.excludedParticipantColumns.map((columnName) => String(columnName || \'\').trim()).filter(Boolean))]\n            : [];\n    }\n\n    function appendExcludedParticipantColumns(formData) {\n        const excludedColumns = getUniqueExcludedParticipantColumns();\n        if (excludedColumns.length > 0) {\n            formData.append(\'excluded_columns\', JSON.stringify(excludedColumns));\n        }\n    }\n\n    function collectExcludedParticipantAdditionalColumns(previewColumns = []) {\n        const excluded = new Set(\n            (Array.isArray(previewColumns) ? previewColumns : [])\n                .map(normalizeParticipantAdditionalColumn)\n                .filter(Boolean)\n        );\n\n        const liveColumns = [\n            ...(Array.isArray(window.currentAdditionalParticipantColumns) ? window.currentAdditionalParticipantColumns : []),\n            ...(Array.isArray(window.pendingAdditionalParticipantColumns) ? window.pendingAdditionalParticipantColumns : []),\n        ];\n\n        liveColumns.forEach((columnName) => {\n            const normalized = normalizeParticipantAdditionalColumn(columnName);\n            if (normalized) {\n                excluded.add(normalized);\n            }\n        });\n\n        return excluded;\n    }\n\n    function setParticipantsAdditionalVariablesEnabled(hasAdditionalVariables) {\n        const createParticipantMappingBtn = document.getElementById(\'createParticipantMappingBtn\');\n        if (!createParticipantMappingBtn) {\n            return;\n        }\n        createParticipantMappingBtn.disabled = !Boolean(hasAdditionalVariables);\n    }\n\n    window.setParticipantsAdditionalVariablesEnabled = setParticipantsAdditionalVariablesEnabled;\n\n    function getProtectedParticipantVariableColumns(previewData = window.lastParticipantsPreviewData) {\n        const protectedColumns = new Set([\'participantid\']);\n        const selectedSourceId = String(\n            getCurrentParticipantsIdColumnValue(\n                Array.isArray(previewData?.source_columns) ? previewData.source_columns : null\n            )\n            || previewData?.source_id_column\n            || \'\'\n        ).trim();\n        const normalizedSourceId = normalizeParticipantAdditionalColumn(selectedSourceId);\n        if (normalizedSourceId) {\n            protectedColumns.add(normalizedSourceId);\n        }\n        return protectedColumns;\n    }\n\n    window.canRemoveParticipantVariable = function(variableName) {\n        const normalizedTarget = normalizeParticipantAdditionalColumn(variableName);\n        if (!normalizedTarget) {\n            return false;\n        }\n\n        // Never allow deleting the required participant ID column or its active source alias.\n        const protectedColumns = getProtectedParticipantVariableColumns();\n        if (protectedColumns.has(normalizedTarget)) {\n            return false;\n        }\n\n        const previewColumns = Array.isArray(window.lastParticipantsPreviewData?.columns)\n            ? window.lastParticipantsPreviewData.columns\n            : [];\n        const participantsColumnMap =\n            window.participantsTsvData && typeof window.participantsTsvData === \'object\'\n                ? window.participantsTsvData\n                : {};\n        const knownTsvColumns = previewColumns.length > 0\n            ? previewColumns\n            : Object.keys(participantsColumnMap);\n        const knownWidgetColumns =\n            window.neurobagelWidgetState\n                && typeof window.neurobagelWidgetState === \'object\'\n                && window.neurobagelWidgetState.allColumns\n                && typeof window.neurobagelWidgetState.allColumns === \'object\'\n                ? Object.keys(window.neurobagelWidgetState.allColumns)\n                : [];\n        return [...knownTsvColumns, ...knownWidgetColumns].some((columnName) => (\n            normalizeParticipantAdditionalColumn(columnName) === normalizedTarget\n        ));\n    };\n\n    function applyExcludedColumnsToParticipantsPreviewData(previewData) {\n        if (!previewData || typeof previewData !== \'object\') {\n            return previewData;\n        }\n\n        const excludedColumns = getUniqueExcludedParticipantColumns()\n            .map(normalizeParticipantAdditionalColumn)\n            .filter(Boolean);\n        if (excludedColumns.length === 0) {\n            return previewData;\n        }\n\n        const protectedColumns = getProtectedParticipantVariableColumns(previewData);\n        const excludedColumnSet = new Set(\n            excludedColumns.filter((columnName) => !protectedColumns.has(columnName))\n        );\n        if (excludedColumnSet.size === 0) {\n            return previewData;\n        }\n\n        const previewColumns = Array.isArray(previewData.columns)\n            ? previewData.columns.filter((columnName) => {\n                const normalized = normalizeParticipantAdditionalColumn(columnName);\n                return !normalized || !excludedColumnSet.has(normalized);\n            })\n            : [];\n        const allowedColumns = new Set(\n            previewColumns.map(normalizeParticipantAdditionalColumn).filter(Boolean)\n        );\n\n        previewData.columns = previewColumns;\n        previewData.extracted_columns = previewColumns.length;\n\n        if (previewData.column_values && typeof previewData.column_values === \'object\') {\n            previewData.column_values = Object.fromEntries(\n                Object.entries(previewData.column_values).filter(([columnName]) => {\n                    const normalized = normalizeParticipantAdditionalColumn(columnName);\n                    return !normalized || allowedColumns.has(normalized);\n                })\n            );\n        }\n\n        if (Array.isArray(previewData.preview_rows)) {\n            previewData.preview_rows = previewData.preview_rows.map((row) => {\n                if (!row || typeof row !== \'object\') {\n                    return row;\n                }\n\n                const filteredRow = {};\n                previewColumns.forEach((columnName) => {\n                    filteredRow[columnName] = row[columnName];\n                });\n                return filteredRow;\n            });\n        }\n\n        if (previewData.neurobagel_schema && typeof previewData.neurobagel_schema === \'object\') {\n            previewData.neurobagel_schema = Object.fromEntries(\n                Object.entries(previewData.neurobagel_schema).filter(([columnName]) => {\n                    const normalized = normalizeParticipantAdditionalColumn(columnName);\n                    return !normalized || allowedColumns.has(normalized);\n                })\n            );\n        }\n\n        return previewData;\n    }\n\n    function refreshParticipantsPreviewAfterAdditionalVariableChange() {\n        const previewBtn = document.getElementById(\'participantsPreviewBtn\');\n        if (!previewBtn || previewBtn.disabled) {\n            return false;\n        }\n\n        const mode = getParticipantsWorkflowMode();\n        if (mode === \'file\' && !hasParticipantsFileSelection()) {\n            return false;\n        }\n        if (mode === \'existing\' && !canModifyExistingParticipants()) {\n            return false;\n        }\n        if (!window.lastParticipantsPreviewData) {\n            return false;\n        }\n\n        window.setTimeout(() => {\n            try {\n                previewBtn.click();\n            } catch (error) {\n                console.warn(\'Could not refresh participants preview after additional variable change:\', error);\n            }\n        }, 0);\n\n        return true;\n    }\n\n    window.refreshParticipantsPreviewAfterAdditionalVariableChange = refreshParticipantsPreviewAfterAdditionalVariableChange;\n\n    const createParticipantMappingBtn = document.getElementById(\'createParticipantMappingBtn\');\n    if (createParticipantMappingBtn) {\n        createParticipantMappingBtn.addEventListener(\'click\', function() {\n            const currentProjectPath = resolveCurrentProjectPath();\n            if (!currentProjectPath) {\n                alert(\'Please load a project first to add additional variables. Projects are managed in the Projects page.\');\n                return;\n            }\n\n            document.getElementById(\'mappingColumnsContainer\').classList.remove(\'d-none\');\n            document.getElementById(\'mappingSuccess\').classList.add(\'d-none\');\n            document.getElementById(\'mappingError\').classList.add(\'d-none\');\n            document.getElementById(\'saveMappingBtn\').classList.remove(\'d-none\');\n            document.getElementById(\'cancelMappingBtn\').classList.remove(\'d-none\');\n            document.getElementById(\'closeMappingBtn\').classList.add(\'d-none\');\n\n            const modal = new bootstrap.Modal(document.getElementById(\'participantMappingModal\'));\n            let mappingCandidates = [];\n\n            if (window.lastParticipantsPreviewData && Array.isArray(window.lastParticipantsPreviewData.columns)) {\n                const p = window.lastParticipantsPreviewData;\n                const idCol = p.source_id_column || p.id_column;\n                const idColNormalized = normalizeParticipantAdditionalColumn(idCol);\n                const schema = p.neurobagel_schema || {};\n                const defaultPreviewCols = Array.isArray(p.columns) ? p.columns : [];\n                const excludedColumns = collectExcludedParticipantAdditionalColumns(defaultPreviewCols);\n                const participantColumns = Array.isArray(p.source_columns) && p.source_columns.length > 0\n                    ? p.source_columns\n                    : p.columns;\n                const previewRows = Array.isArray(p.preview_rows) ? p.preview_rows : [];\n\n                function inferReason(colName, values) {\n                    const lower = String(colName || \'\').toLowerCase();\n                    const cleaned = (values || [])\n                        .map(v => String(v ?? \'\').trim())\n                        .filter(v => v.length > 0);\n\n                    if ([\'date\', \'time\', \'timestamp\', \'datetime\'].some(t => lower.includes(t))) {\n                        return \'Inferred as date/time from column name\';\n                    }\n\n                    const dateLikeRegex = /^(\\d{1,2}[./-]\\d{1,2}[./-]\\d{2,4}|\\d{4}[./-]\\d{1,2}[./-]\\d{1,2})(\\s+\\d{1,2}:\\d{2}(:\\d{2})?)?$/;\n                    const dateLikeCount = cleaned.filter(v => dateLikeRegex.test(v) || !Number.isNaN(Date.parse(v))).length;\n                    if (cleaned.length > 0 && (dateLikeCount / cleaned.length) >= 0.6) {\n                        return \'Inferred as date/time from values\';\n                    }\n\n                    const uniqueCount = new Set(cleaned).size;\n                    const numericValues = cleaned.map(v => Number(v)).filter(v => !Number.isNaN(v));\n                    const numericRatio = cleaned.length ? (numericValues.length / cleaned.length) : 0;\n\n                    if (numericRatio > 0.8 && uniqueCount > 10) {\n                        return \'Inferred as continuous (mostly numeric with many unique values)\';\n                    }\n                    if (uniqueCount <= 10) {\n                        return \'Inferred as categorical (few unique values)\';\n                    }\n                    return \'Inferred as text/string (default)\';\n                }\n\n                const questionnaireColSet = new Set(Array.isArray(p.questionnaire_like_columns) ? p.questionnaire_like_columns : []);\n                mappingCandidates = participantColumns\n                    .filter(col => {\n                        const normalized = normalizeParticipantAdditionalColumn(col);\n                        return normalized !== idColNormalized\n                            && !questionnaireColSet.has(col)\n                            && normalized\n                            && !excludedColumns.has(normalized);\n                    })\n                    .map(col => ({\n                        field_code: col,\n                        description: schema[col]?.Description || \'\',\n                        infer_reason: inferReason(\n                            col,\n                            previewRows\n                                .map(row => row ? row[col] : null)\n                                .filter(v => v !== null && v !== undefined && String(v).trim() !== \'\')\n                        )\n                    }));\n            } else if (window.lastPreviewData && window.lastPreviewData.participants_tsv) {\n                const tsv = window.lastPreviewData.participants_tsv;\n                mappingCandidates = tsv.unused_columns || [];\n            }\n\n            if (mappingCandidates.length > 0) {\n                renderParticipantMappingForm(mappingCandidates);\n            } else {\n                document.getElementById(\'saveMappingBtn\').disabled = true;\n                document.getElementById(\'mappingColumnsContainer\').innerHTML =\n                    \'<div class="alert alert-warning"><i class="fas fa-exclamation-triangle me-2"></i>No preview data available. Please run a preview first.</div>\';\n            }\n\n            modal.show();\n        });\n    }\n\n    function renderParticipantMappingForm(unusedCols) {\n        const container = document.getElementById(\'mappingColumnsContainer\');\n\n        if (!unusedCols || unusedCols.length === 0) {\n            container.innerHTML = \'<div class="alert alert-info"><i class="fas fa-info-circle me-2"></i>No additional variables available to add.</div>\';\n            document.getElementById(\'saveMappingBtn\').disabled = true;\n            return;\n        }\n\n        let html = `\n            <div class="mb-3">\n                <h6>Select columns to include in participants.tsv (on next Extract & Convert):</h6>\n                <div class="form-check-list" style="max-height: 300px; overflow-y: auto;">\n        `;\n\n        unusedCols.forEach((item, idx) => {\n            const fieldCode = typeof item === \'object\' ? item.field_code : item;\n            const description = typeof item === \'object\' ? (item.description || \'\') : \'\';\n            const inferReason = typeof item === \'object\' ? (item.infer_reason || \'\') : \'\';\n            const safeFieldCode = escapeHtml(fieldCode || \'\');\n            const safeDescription = escapeHtml(description || \'\');\n            const safeInferReason = escapeHtml(String(inferReason || \'\'));\n            const inferIcon = inferReason\n                ? `<i class="fas fa-circle-info text-muted ms-1" title="${safeInferReason}"></i>`\n                : \'\';\n\n            html += `\n                <div class="form-check mb-2">\n                    <input class="form-check-input col-selector" type="checkbox" id="col_${idx}" value="${safeFieldCode}" data-description="${safeDescription}">\n                    <label class="form-check-label" for="col_${idx}">\n                        <strong>${safeFieldCode}</strong>${inferIcon}\n                        ${safeDescription ? `<br><small class="text-muted">→ ${safeDescription}</small>` : \'\'}\n                    </label>\n                </div>\n            `;\n        });\n\n        html += `\n                </div>\n            </div>\n        `;\n\n        container.innerHTML = html;\n\n        const checkboxes = document.querySelectorAll(\'.col-selector\');\n        const updateSaveBtn = () => {\n            const hasSelection = Array.from(checkboxes).some(cb => cb.checked);\n            document.getElementById(\'saveMappingBtn\').disabled = !hasSelection;\n        };\n\n        checkboxes.forEach(cb => {\n            cb.addEventListener(\'change\', updateSaveBtn);\n        });\n    }\n\n    const saveMappingBtn = document.getElementById(\'saveMappingBtn\');\n    if (saveMappingBtn) {\n        saveMappingBtn.addEventListener(\'click\', async function() {\n            const selected = Array.from(document.querySelectorAll(\'.col-selector:checked\'));\n\n            if (selected.length === 0) {\n                alert(\'Please select at least one column\');\n                return;\n            }\n\n            const mapping = {\n                version: \'1.0\',\n                description: \'Additional variables mapping created from PRISM web UI\',\n                mappings: {}\n            };\n            const selectedColumnsForNeurobagel = [];\n            selected.forEach(checkbox => {\n                const fieldCode = String(checkbox.value || \'\').trim();\n                if (!fieldCode) return;\n\n                const description = String(checkbox.getAttribute(\'data-description\') || \'\').trim();\n                mapping.mappings[fieldCode] = {\n                    source_column: fieldCode,\n                    standard_variable: fieldCode,\n                    type: \'string\'\n                };\n                if (description) {\n                    mapping.mappings[fieldCode].description = description;\n                }\n\n                selectedColumnsForNeurobagel.push({\n                    name: fieldCode,\n                    description: description,\n                });\n            });\n\n            const libraryPath = document.getElementById(\'convertLibraryPath\')?.value || \'\';\n\n            try {\n                const response = await fetchWithApiFallback(\'/api/save-participant-mapping\', {\n                    method: \'POST\',\n                    headers: {\n                        \'Content-Type\': \'application/json\'\n                    },\n                    body: JSON.stringify({\n                        mapping: mapping,\n                        library_path: libraryPath\n                    })\n                });\n\n                const result = await response.json();\n\n                if (!response.ok) {\n                    throw new Error(result.error || \'Failed to save additional variables selection\');\n                }\n\n                exposeAdditionalVariablesToNeurobagel(selectedColumnsForNeurobagel);\n                showMappingSuccess();\n            } catch (err) {\n                showMappingError(err.message);\n            }\n        });\n    }\n\n    function exposeAdditionalVariablesToNeurobagel(selectedColumns) {\n        if (!Array.isArray(selectedColumns) || selectedColumns.length === 0) {\n            return;\n        }\n\n        const pendingNames = new Set(\n            Array.isArray(window.pendingAdditionalParticipantColumns)\n                ? window.pendingAdditionalParticipantColumns.map(v => String(v || \'\').trim()).filter(Boolean)\n                : []\n        );\n\n        if (!window.currentAdditionalParticipantColumns || !Array.isArray(window.currentAdditionalParticipantColumns)) {\n            window.currentAdditionalParticipantColumns = [];\n        }\n        if (!window.currentAdditionalParticipantDescriptions || typeof window.currentAdditionalParticipantDescriptions !== \'object\') {\n            window.currentAdditionalParticipantDescriptions = {};\n        }\n\n        selectedColumns.forEach(({ name }) => {\n            const cleanedName = String(name || \'\').trim();\n            if (cleanedName) {\n                pendingNames.add(cleanedName);\n                if (!window.currentAdditionalParticipantColumns.includes(cleanedName)) {\n                    window.currentAdditionalParticipantColumns.push(cleanedName);\n                }\n            }\n        });\n\n        const excludedColumns = ensureExcludedParticipantColumnsState();\n        window.excludedParticipantColumns = excludedColumns.filter((columnName) => {\n            const normalizedColumn = normalizeParticipantAdditionalColumn(columnName);\n            return !selectedColumns.some(({ name }) => normalizeParticipantAdditionalColumn(name) === normalizedColumn);\n        });\n\n        selectedColumns.forEach(({ name, description }) => {\n            const cleanedName = String(name || \'\').trim();\n            if (!cleanedName) return;\n            window.currentAdditionalParticipantDescriptions[cleanedName] = String(description || \'\').trim();\n        });\n\n        window.pendingAdditionalParticipantColumns = Array.from(pendingNames);\n\n        const participantsTsvData = (window.participantsTsvData && typeof window.participantsTsvData === \'object\')\n            ? window.participantsTsvData\n            : {};\n\n        selectedColumns.forEach(({ name }) => {\n            const cleanedName = String(name || \'\').trim();\n            if (cleanedName && !Object.prototype.hasOwnProperty.call(participantsTsvData, cleanedName)) {\n                participantsTsvData[cleanedName] = [];\n            }\n        });\n        window.participantsTsvData = participantsTsvData;\n\n        if (!window.existingParticipantsData || typeof window.existingParticipantsData !== \'object\') {\n            window.existingParticipantsData = {};\n        }\n        selectedColumns.forEach(({ name, description }) => {\n            const cleanedName = String(name || \'\').trim();\n            if (!cleanedName) return;\n\n            const existingDef = window.existingParticipantsData[cleanedName];\n            if (!existingDef || typeof existingDef !== \'object\') {\n                window.existingParticipantsData[cleanedName] = {\n                    Description: description || \'\'\n                };\n            } else if (!existingDef.Description && description) {\n                existingDef.Description = description;\n            }\n        });\n\n        if (typeof window.renderNeurobagelWidget === \'function\') {\n            window.renderNeurobagelWidget().catch((error) => {\n                console.warn(\'Could not re-render NeuroBagel widget after adding variables:\', error);\n            });\n        }\n    }\n\n    window.removeAdditionalParticipantVariable = async function(variableName) {\n        const cleanedName = String(variableName || \'\').trim();\n        if (!cleanedName) return;\n\n        const normalizedTarget = normalizeParticipantAdditionalColumn(cleanedName);\n        const protectedColumns = getProtectedParticipantVariableColumns();\n        if (normalizedTarget && protectedColumns.has(normalizedTarget)) {\n            return;\n        }\n\n        if (Array.isArray(window.pendingAdditionalParticipantColumns)) {\n            window.pendingAdditionalParticipantColumns = window.pendingAdditionalParticipantColumns\n                .map(v => String(v || \'\').trim())\n                .filter(v => v && v !== cleanedName);\n        }\n\n        if (Array.isArray(window.currentAdditionalParticipantColumns)) {\n            window.currentAdditionalParticipantColumns = window.currentAdditionalParticipantColumns\n                .map(v => String(v || \'\').trim())\n                .filter(v => v && v !== cleanedName);\n        }\n\n        if (window.currentAdditionalParticipantDescriptions && typeof window.currentAdditionalParticipantDescriptions === \'object\') {\n            delete window.currentAdditionalParticipantDescriptions[cleanedName];\n        }\n\n        const excludedColumns = ensureExcludedParticipantColumnsState()\n            .map(v => String(v || \'\').trim())\n            .filter(Boolean);\n        if (!excludedColumns.includes(cleanedName)) {\n            excludedColumns.push(cleanedName);\n        }\n        window.excludedParticipantColumns = excludedColumns;\n\n        const mapping = {\n            version: \'1.0\',\n            description: \'Additional variables mapping created from PRISM web UI\',\n            mappings: {}\n        };\n\n        const allAdditional = Array.isArray(window.currentAdditionalParticipantColumns)\n            ? window.currentAdditionalParticipantColumns\n            : [];\n\n        allAdditional.forEach((columnName) => {\n            const normalized = String(columnName || \'\').trim();\n            if (!normalized) return;\n            const desc = window.currentAdditionalParticipantDescriptions\n                ? String(window.currentAdditionalParticipantDescriptions[normalized] || \'\').trim()\n                : \'\';\n\n            mapping.mappings[normalized] = {\n                source_column: normalized,\n                standard_variable: normalized,\n                type: \'string\'\n            };\n            if (desc) {\n                mapping.mappings[normalized].description = desc;\n            }\n        });\n\n        const libraryPath = document.getElementById(\'convertLibraryPath\')?.value || \'\';\n        const response = await fetchWithApiFallback(\'/api/save-participant-mapping\', {\n            method: \'POST\',\n            headers: {\n                \'Content-Type\': \'application/json\'\n            },\n            body: JSON.stringify({\n                mapping,\n                library_path: libraryPath\n            })\n        });\n\n        if (!response.ok) {\n            const payload = await response.json().catch(() => ({}));\n            throw new Error(payload.error || \'Failed to update additional variables mapping\');\n        }\n    };\n\n    function showMappingSuccess() {\n        document.getElementById(\'mappingColumnsContainer\').classList.add(\'d-none\');\n        document.getElementById(\'mappingSuccess\').classList.remove(\'d-none\');\n        document.getElementById(\'mappingError\').classList.add(\'d-none\');\n\n        document.getElementById(\'saveMappingBtn\').classList.add(\'d-none\');\n        document.getElementById(\'cancelMappingBtn\').classList.add(\'d-none\');\n        document.getElementById(\'closeMappingBtn\').classList.remove(\'d-none\');\n\n        const mappingModalEl = document.getElementById(\'participantMappingModal\');\n        const mappingModal = mappingModalEl ? bootstrap.Modal.getInstance(mappingModalEl) : null;\n        if (mappingModal) {\n            setTimeout(() => {\n                mappingModal.hide();\n\n                refreshParticipantsPreviewAfterAdditionalVariableChange();\n                // loadNeurobagelWidget() is intentionally not called here –\n                // refreshParticipantsPreviewAfterAdditionalVariableChange() triggers a\n                // full preview which ends with displayNeurobagelSchema() →\n                // loadNeurobagelWidget().  Calling it twice here causes a race\n                // condition that wipes in-session NeuroBagel enrichments before the\n                // user\'s Map click is reflected in the sidebar.\n\n                const neurobagelSection = document.getElementById(\'neurobagelSection\');\n                if (neurobagelSection) {\n                    neurobagelSection.scrollIntoView({ behavior: \'smooth\', block: \'start\' });\n                }\n            }, 350);\n        }\n    }\n\n    function showMappingError(message) {\n        document.getElementById(\'mappingError\').classList.remove(\'d-none\');\n        document.getElementById(\'mappingErrorText\').textContent = message;\n        document.getElementById(\'mappingSuccess\').classList.add(\'d-none\');\n    }\n    \n    function renderParticipantsPreviewTable(previewData, schemaOverride = null) {\n        if (!previewData) return;\n    \n        const table = document.getElementById(\'participantsPreviewTable\');\n        if (!table) return;\n        const thead = table.querySelector(\'thead\');\n        const tbody = table.querySelector(\'tbody\');\n        if (!thead || !tbody) return;\n    \n        const tsvColumns = Array.isArray(previewData.columns) ? previewData.columns : [];\n        const tsvColumnSet = new Set(tsvColumns.map(c => String(c).toLowerCase()));\n    \n        // Only show columns explicitly added by the user in this session via the\n        // "Additional Variables" modal. Avoid pulling in columns from a previously\n        // saved participants.tsv (which get merged into window.participantsTsvData\n        // when the widget opens and would falsely appear as CUSTOM).\n        const userAdded = [\n            ...(window.pendingAdditionalParticipantColumns || []),\n            ...(window.currentAdditionalParticipantColumns || [])\n        ];\n        const seen = new Set();\n        const extraColumns = userAdded\n            .map(c => String(c || \'\').trim())\n            .filter(c => c && !tsvColumnSet.has(c.toLowerCase()) && !seen.has(c.toLowerCase()) && seen.add(c.toLowerCase()));\n    \n        const columns = [...tsvColumns, ...extraColumns];\n        const previewRows = Array.isArray(previewData.preview_rows) ? previewData.preview_rows : [];\n        const idColumn = previewData.id_column;\n        const schema = schemaOverride || previewData.neurobagel_schema || {};\n    \n        // Returns the HTML-escaped raw source value for display in the preview.\n        function formatPreviewCell(colName, rawValue) {\n            if (rawValue === null || rawValue === undefined) {\n                return \'\';\n            }\n            const rawText = String(rawValue).trim();\n            return rawText.replace(/&/g,\'&amp;\').replace(/</g,\'&lt;\').replace(/>/g,\'&gt;\');\n        }\n    \n        thead.innerHTML = \'\';\n        tbody.innerHTML = \'\';\n    \n        const headerRow = document.createElement(\'tr\');\n        columns.forEach(col => {\n            const th = document.createElement(\'th\');\n            th.textContent = col;\n    \n            const nbField = schema?.[col];\n            // Use live widget state as the authoritative source for NeuroBagel mapping\n            // to avoid showing stale badges from a previously saved participants.json.\n            // Only flag as NeuroBagel if the term/variable matches a known concept.\n            const widgetColState = window.neurobagelWidgetState?.allColumns?.[col];\n            const knownMappings = Object.values(window.neurobagelCommonMappings || {});\n            const isKnownNBConcept = (colState) => {\n                if (!colState) return false;\n                const sv = String(colState.standardized_variable || \'\').trim().toLowerCase();\n                const tu = String(colState.term_url || \'\').trim().toLowerCase();\n                if (!sv && !tu) return false;\n                return knownMappings.some(m => m && (\n                    (sv && String(m.standardized_variable || \'\').trim().toLowerCase() === sv) ||\n                    (tu && String(m.term_url || \'\').trim().toLowerCase() === tu)\n                ));\n            };\n            const hasNeurobagelMapping = widgetColState\n                ? isKnownNBConcept(widgetColState)\n                : !!nbField?.Annotations?.IsAbout;\n            const variableType = widgetColState?.data_type || nbField?.Annotations?.VariableType;\n    \n            if (col === idColumn) {\n                th.innerHTML += \' <span class="badge bg-primary">ID</span>\';\n            }\n            if (extraColumns.includes(col)) {\n                th.innerHTML += \' <span class="badge bg-secondary" title="Custom column (not in source file)">CUSTOM</span>\';\n            }\n            if (hasNeurobagelMapping) {\n                th.innerHTML += \' <span class="badge bg-info">NB</span>\';\n            }\n            if (variableType) {\n                const normalizedType = String(variableType).toLowerCase();\n                const typeLabel = normalizedType === \'continuous\'\n                    ? \'CONT\'\n                    : (normalizedType === \'categorical\' ? \'CAT\' : String(variableType).toUpperCase());\n                const typeClass = normalizedType === \'continuous\'\n                    ? \'bg-success\'\n                    : (normalizedType === \'categorical\' ? \'bg-warning text-dark\' : \'bg-secondary\');\n                th.innerHTML += ` <span class="badge ${typeClass}">${typeLabel}</span>`;\n            }\n            headerRow.appendChild(th);\n        });\n        thead.appendChild(headerRow);\n    \n        previewRows.forEach(row => {\n            const tr = document.createElement(\'tr\');\n            columns.forEach(col => {\n                const td = document.createElement(\'td\');\n                const rawVal = row[col];\n                const hasData = rawVal !== null && rawVal !== undefined && String(rawVal).trim() !== \'\';\n                if (extraColumns.includes(col) && !hasData) {\n                    // Custom column with no data in this preview row\n                    td.innerHTML = \'<span class="text-muted" style="font-size:.8em">—</span>\';\n                    td.title = \'Not present in source file for this row\';\n                } else {\n                    td.innerHTML = formatPreviewCell(col, rawVal);\n                }\n                tr.appendChild(td);\n            });\n            tbody.appendChild(tr);\n        });\n    \n        refreshParticipantsWorkflowSummary();\n    }\n    \n    function countAvailableAdditionalParticipantColumns(previewData) {\n        if (!previewData || typeof previewData !== \'object\') {\n            return 0;\n        }\n    \n        const sourceColumns = Array.isArray(previewData.source_columns)\n            ? previewData.source_columns.map(col => String(col || \'\').trim()).filter(Boolean)\n            : [];\n        const defaultPreviewCols = new Set(\n            (Array.isArray(previewData.columns) ? previewData.columns : [])\n                .map(col => String(col || \'\').trim())\n                .filter(Boolean)\n        );\n        const questionnaireColSet = new Set(\n            (Array.isArray(previewData.questionnaire_like_columns) ? previewData.questionnaire_like_columns : [])\n                .map(col => String(col || \'\').trim())\n                .filter(Boolean)\n        );\n        const idCol = String(previewData.source_id_column || previewData.id_column || \'\').trim();\n    \n        if (sourceColumns.length > 0) {\n            const candidates = sourceColumns.filter(col => (\n                col\n                && col !== idCol\n                && !defaultPreviewCols.has(col)\n                && !questionnaireColSet.has(col)\n            ));\n            return new Set(candidates).size;\n        }\n    \n        // Fallback for legacy payloads that do not expose source/questionnaire columns.\n        const totalSourceColumns = Number(previewData.total_source_columns || 0);\n        const extractedColumns = Number(previewData.extracted_columns || 0);\n        return Math.max(0, totalSourceColumns - extractedColumns);\n    }\n    \n    function refreshParticipantsWorkflowSummary() {\n        const summary = document.getElementById(\'participantsWorkflowSummary\');\n        const columnsBadge = document.getElementById(\'participantsSummaryColumns\');\n        const mappedBadge = document.getElementById(\'participantsSummaryMapped\');\n        const recodesBadge = document.getElementById(\'participantsSummaryRecodes\');\n        const outputNote = document.getElementById(\'participantsWorkflowSummaryOutput\');\n    \n        if (!summary || !columnsBadge || !mappedBadge || !recodesBadge) {\n            return;\n        }\n\n        if (outputNote) {\n            outputNote.textContent = getParticipantsWorkflowUiCopy().workflowSummaryOutput;\n        }\n    \n        const previewData = window.lastParticipantsPreviewData;\n        const previewColumns = Array.isArray(previewData && previewData.columns)\n            ? previewData.columns.map(col => String(col || \'\').trim()).filter(Boolean)\n            : [];\n    \n        if (previewColumns.length === 0) {\n            summary.classList.add(\'d-none\');\n            return;\n        }\n    \n        const allColumns = window.neurobagelWidgetState?.allColumns || {};\n        const knownMappings = Object.values(window.neurobagelCommonMappings || {});\n    \n        function normalizeColName(value) {\n            return String(value || \'\').toLowerCase().replace(/_/g, \'\').trim();\n        }\n    \n        function findColumnState(colName) {\n            if (Object.prototype.hasOwnProperty.call(allColumns, colName)) {\n                return allColumns[colName];\n            }\n            const target = normalizeColName(colName);\n            const matchedKey = Object.keys(allColumns).find(key => normalizeColName(key) === target);\n            return matchedKey ? allColumns[matchedKey] : null;\n        }\n    \n        function isKnownNBConcept(colState) {\n            if (!colState) return false;\n            const sv = String(colState.standardized_variable || \'\').trim().toLowerCase();\n            const tu = String(colState.term_url || \'\').trim().toLowerCase();\n            if (!sv && !tu) return false;\n            return knownMappings.some(m => m && (\n                (sv && String(m.standardized_variable || \'\').trim().toLowerCase() === sv) ||\n                (tu && String(m.term_url || \'\').trim().toLowerCase() === tu)\n            ));\n        }\n    \n        let mappedCount = 0;\n        let recodeCount = 0;\n    \n        previewColumns.forEach(colName => {\n            const colState = findColumnState(colName);\n            if (!colState) return;\n    \n            if (isKnownNBConcept(colState)) {\n                mappedCount += 1;\n            }\n    \n            const rewriteMap = (colState && typeof colState.level_key_mappings === \'object\')\n                ? colState.level_key_mappings\n                : null;\n            if (!rewriteMap) return;\n    \n            Object.entries(rewriteMap).forEach(([sourceValue, targetValue]) => {\n                const src = String(sourceValue || \'\').trim();\n                const dst = String(targetValue || \'\').trim();\n                if (src && dst && src !== dst) {\n                    recodeCount += 1;\n                }\n            });\n        });\n    \n        columnsBadge.textContent = `${previewColumns.length} column${previewColumns.length === 1 ? \'\' : \'s\'}`;\n        mappedBadge.textContent = `${mappedCount} mapped`;\n        recodesBadge.textContent = `${recodeCount} value recode${recodeCount === 1 ? \'\' : \'s\'}`;\n        summary.classList.remove(\'d-none\');\n    }\n\n    function renderParticipantsMergeSummary(previewData) {\n        participantsMergeSummaryController.render(previewData);\n    }\n\n    function appendParticipantsFileImportFields(formData) {\n        const localFile = getParticipantsSelectedLocalFile();\n        const sourceFilePath = getParticipantsSelectedServerFilePath();\n        if (!localFile && !sourceFilePath) {\n            throw new Error(\'Please select a file.\');\n        }\n        if (localFile) {\n            formData.append(\'file\', localFile);\n        } else {\n            formData.append(\'source_file_path\', sourceFilePath);\n        }\n\n        const selectedSource = localFile || sourceFilePath;\n\n        const sheet = document.getElementById(\'participantsSheet\')?.value || \'\';\n        const idColumn = getCurrentParticipantsIdColumnValue(\n            Array.isArray(window.lastParticipantsPreviewData?.source_columns)\n                ? window.lastParticipantsPreviewData.source_columns\n                : null\n        );\n        const separator = document.getElementById(\'participantsSeparator\')?.value || \'auto\';\n        const idSelectionRequired = participantsIdSelectionRequired;\n\n        if (sheet && isExcelParticipantsFile(selectedSource)) {\n            formData.append(\'sheet\', sheet);\n        }\n        if (idSelectionRequired && (!idColumn || idColumn === \'auto\')) {\n            throw new Error(\'Please select the ID column. It will be renamed to participant_id.\');\n        }\n        if (idColumn && (idColumn !== \'auto\' || idSelectionRequired)) {\n            formData.append(\'id_column\', idColumn);\n        }\n        formData.append(\'separator\', separator);\n\n        const allExtra = [\n            ...(window.pendingAdditionalParticipantColumns || []),\n            ...(window.currentAdditionalParticipantColumns || []),\n        ].map((columnName) => String(columnName || \'\').trim()).filter(Boolean);\n        if (allExtra.length > 0) {\n            formData.append(\'extra_columns\', JSON.stringify([...new Set(allExtra)]));\n        }\n\n        appendExcludedParticipantColumns(formData);\n\n        return selectedSource;\n    }\n\n    function getParticipantsMergeHarmonizationDecisions() {\n        return getParticipantsMergeHarmonizationDecisionsPayload(\n            window.participantsMergeHarmonizationDecisions\n        );\n    }\n\n    function appendParticipantsMergeHarmonizationDecisions(formData) {\n        appendParticipantsMergeHarmonizationDecisionsPayload(\n            formData,\n            window.participantsMergeHarmonizationDecisions\n        );\n    }\n\n    function getParticipantsMergeSessionResolutionDecisions() {\n        return getParticipantsMergeSessionResolutionDecisionsPayload(\n            window.participantsMergeSessionResolutionDecisions\n        );\n    }\n\n    function appendParticipantsMergeSessionResolutionDecisions(formData) {\n        appendParticipantsMergeSessionResolutionDecisionsPayload(\n            formData,\n            window.participantsMergeSessionResolutionDecisions\n        );\n    }\n\n    function scheduleParticipantsMergePreviewRefresh() {\n        participantsMergePreviewRefreshController.schedule();\n    }\n\n    function buildParticipantsMergeConflictFormData() {\n        const formData = new FormData();\n        appendParticipantsFileImportFields(formData);\n        appendParticipantsMergeHarmonizationDecisions(formData);\n        appendParticipantsMergeSessionResolutionDecisions(formData);\n        return formData;\n    }\n\n    function getParticipantsProjectSchemaUrl(projectPath = resolveCurrentProjectPath()) {\n        return projectPath\n            ? `/api/projects/participants?project_path=${encodeURIComponent(projectPath)}`\n            : \'/api/projects/participants\';\n    }\n    \n    async function buildEffectivePreviewSchema(previewData) {\n        const baseSchema = (previewData && previewData.neurobagel_schema && typeof previewData.neurobagel_schema === \'object\')\n            ? { ...previewData.neurobagel_schema }\n            : {};\n        const projectPath = resolveCurrentProjectPath();\n\n        if (!projectPath) {\n            return baseSchema;\n        }\n    \n        try {\n            const response = await fetchWithApiFallback(getParticipantsProjectSchemaUrl(projectPath));\n            const payload = await response.json();\n            if (response.ok && payload.success && payload.exists && payload.schema && typeof payload.schema === \'object\') {\n                const projectSchema = payload.schema;\n                const merged = { ...baseSchema };\n    \n                Object.entries(projectSchema).forEach(([fieldName, fieldSchema]) => {\n                    if (!fieldName || typeof fieldSchema !== \'object\') return;\n                    const current = (merged[fieldName] && typeof merged[fieldName] === \'object\') ? merged[fieldName] : {};\n                    merged[fieldName] = { ...current, ...fieldSchema };\n                });\n    \n                return merged;\n            }\n        } catch (error) {\n            console.warn(\'Could not load project participants schema for preview merge:\', error);\n        }\n    \n        return baseSchema;\n    }\n    \n    // Preview button handler\n    document.getElementById(\'participantsPreviewBtn\')?.addEventListener(\'click\', async function() {\n        const previewResults = document.getElementById(\'participantsPreviewResults\');\n        const errorDiv = document.getElementById(\'participantsError\');\n        let previewStage = \'starting preview\';\n        \n        errorDiv.classList.add(\'d-none\');\n        previewResults.classList.add(\'d-none\');\n\n        if (!runController.tryStartRun()) {\n            return;\n        }\n        setParticipantsPrimaryActionButtonsDisabled(true);\n        \n        try {\n            previewStage = \'syncing annotation editor\';\n            if (typeof window.syncNeurobagelActiveEditorToState === \'function\') {\n                window.syncNeurobagelActiveEditorToState();\n            }\n\n            if (!hasParticipantsSelectedCase()) {\n                throw new Error(\'Choose Replace, Modify, or Merge before previewing participant data.\');\n            }\n    \n            previewStage = \'validating participants workflow mode\';\n            const mode = getParticipantsWorkflowMode();\n            const fileAction = mode === \'file\' ? getParticipantsFileAction() : \'replace\';\n            const previewEndpoint = mode === \'file\' && fileAction === \'merge\' && canModifyExistingParticipants()\n                ? \'/api/participants-merge\'\n                : \'/api/participants-preview\';\n            const formData = new FormData();\n            formData.append(\'mode\', mode);\n\n            if (mode === \'file\') {\n                appendParticipantsFileImportFields(formData);\n                if (previewEndpoint === \'/api/participants-merge\') {\n                    appendParticipantsMergeHarmonizationDecisions(formData);\n                    appendParticipantsMergeSessionResolutionDecisions(formData);\n                }\n            } else {\n                if (!canModifyExistingParticipants()) {\n                    throw new Error(\'Modify existing mode requires an existing participants.tsv in the current project.\');\n                }\n                appendExcludedParticipantColumns(formData);\n            }\n    \n            previewStage = \'requesting participants preview\';\n            const response = await fetchWithApiFallback(previewEndpoint, {\n                method: \'POST\',\n                body: formData\n            });\n            \n            previewStage = \'parsing preview response\';\n            const data = await response.json();\n            \n            if (!response.ok) {\n                if (response.status === 409 && data.error === \'id_column_required\') {\n                    const idGroup = document.getElementById(\'participantsIdColumnGroup\');\n                    const idHint = document.getElementById(\'participantsIdColumnHint\');\n                    const currentIdValue = getCurrentParticipantsIdColumnValue(data.columns || []);\n                    const suggestedId = String(data.suggested_id_column || \'\').trim();\n                    setParticipantsIdSelectionRequired(true);\n                    setParticipantsIdColumnOptions(\n                        data.columns || [],\n                        currentIdValue || suggestedId,\n                        false\n                    );\n                    if (idHint) idHint.textContent = \'Select the source ID column manually. It will be renamed to participant_id.\';\n                    if (idGroup) idGroup.classList.remove(\'d-none\');\n                }\n                let errorMessage = data.error || \'Preview failed\';\n                if (String(errorMessage).trim().toLowerCase() === \'the string did not match the expected pattern.\') {\n                    const stageLabel = data.error_stage ? ` (${data.error_stage})` : \'\';\n                    errorMessage = `Preview failed due to invalid value patterns${stageLabel}. Please manually fix mixed timing formats in the source file (use one format per column, e.g. all HH:MM or all numeric minutes) and avoid ambiguous values like "4-6h" or "10 30".`;\n                }\n                if (data.error_stage || data.error_type) {\n                    const meta = [data.error_stage, data.error_type].filter(Boolean).join(\' | \');\n                    if (meta) {\n                        errorMessage += ` [${meta}]`;\n                    }\n                }\n                throw new Error(errorMessage);\n            }\n\n            applyExcludedColumnsToParticipantsPreviewData(data);\n    \n            if (data.id_column) {\n                const idSelect = document.getElementById(\'participantsIdColumn\');\n                const idGroup = document.getElementById(\'participantsIdColumnGroup\');\n                const idHint = document.getElementById(\'participantsIdColumnHint\');\n                const availableSourceColumns = Array.isArray(data.source_columns)\n                    ? data.source_columns\n                    : (Array.isArray(data.columns) ? data.columns : []);\n                const currentIdValue = getCurrentParticipantsIdColumnValue(availableSourceColumns);\n                const selectedSourceId = currentIdValue || data.source_id_column || data.suggested_id_column || data.id_column;\n                const idSelectionRequired = participantsIdSelectionRequired || Boolean(data.id_selection_required);\n                setParticipantsIdSelectionRequired(idSelectionRequired);\n                setParticipantsIdColumnOptions(\n                    availableSourceColumns,\n                    selectedSourceId || (idSelectionRequired ? \'\' : \'auto\'),\n                    !idSelectionRequired\n                );\n                if (idSelect && selectedSourceId) idSelect.value = selectedSourceId;\n                if (selectedSourceId && selectedSourceId !== \'participant_id\') {\n                    rememberParticipantsIdColumn(selectedSourceId);\n                }\n                if (idHint) {\n                    idHint.textContent = idSelectionRequired\n                        ? \'Confirm the source ID column. It will be renamed to participant_id in output.\'\n                        : \'ID column is already participant_id in source file.\';\n                }\n                if (idGroup) idGroup.classList.toggle(\'d-none\', !idSelectionRequired);\n            }\n    \n            previewStage = \'building effective schema\';\n            const effectiveSchema = await buildEffectivePreviewSchema(data);\n            data.neurobagel_schema = effectiveSchema;\n    \n            // Make participants preview available to shared mapping modal logic\n            window.lastParticipantsPreviewData = data;\n            // Keep NeuroBagel editor in sync with the latest preview schema/types\n            if (effectiveSchema) {\n                window.existingParticipantsData = effectiveSchema;\n            }\n\n            renderParticipantsMergeSummary(data);\n            \n            // Display preview\n            const countBadge = document.getElementById(\'participantsPreviewCount\');\n            countBadge.textContent = `${data.participant_count} participants`;\n    \n            const availabilityInfo = document.getElementById(\'participantsPreviewAvailabilityInfo\');\n            const availabilityText = document.getElementById(\'participantsPreviewAvailabilityText\');\n            const sourceLabel = mode === \'existing\' ? \'existing participants.tsv\' : \'source file\';\n            const hiddenColumns = mode === \'existing\'\n                ? 0\n                : countAvailableAdditionalParticipantColumns(data);\n            setParticipantsAdditionalVariablesEnabled(hiddenColumns > 0);\n    \n            if (hiddenColumns > 0 && availabilityInfo && availabilityText) {\n                availabilityText.textContent = `${hiddenColumns} additional variable(s) are available in ${sourceLabel} but not shown in this preview (survey/questionnaire columns are excluded). Use "Add Additional Variables" to select and include them.`;\n                availabilityInfo.classList.remove(\'d-none\');\n            } else if (availabilityInfo) {\n                availabilityInfo.classList.add(\'d-none\');\n            }\n            \n            const infoDiv = document.getElementById(\'participantsInfo\');\n            const formatWarnings = Array.isArray(data.format_warnings)\n                ? data.format_warnings.filter(Boolean)\n                : [];\n            const problemColumns = Array.isArray(data.problem_columns)\n                ? data.problem_columns\n                    .filter(entry => entry && entry.column)\n                    .map(entry => ({\n                        column: String(entry.column),\n                        examples: Array.isArray(entry.examples)\n                            ? entry.examples.map(v => String(v)).filter(Boolean).slice(0, 2)\n                            : []\n                    }))\n                : [];\n            if (formatWarnings.length > 0) {\n                const escapeHtml = (value) => String(value)\n                    .replace(/&/g, \'&amp;\')\n                    .replace(/</g, \'&lt;\')\n                    .replace(/>/g, \'&gt;\')\n                    .replace(/"/g, \'&quot;\')\n                    .replace(/\'/g, \'&#39;\');\n    \n                const columnListHtml = problemColumns.length > 0\n                    ? `\n                        <div class="mt-2"><strong>Affected columns:</strong></div>\n                        <ul class="mb-2 mt-1">\n                            ${problemColumns.map(item => {\n                                const examples = item.examples.length > 0\n                                    ? ` (examples: ${item.examples.map(ex => `\'${escapeHtml(ex)}\'`).join(\', \')})`\n                                    : \'\';\n                                return `<li><strong>${escapeHtml(item.column)}</strong>${examples}</li>`;\n                            }).join(\'\')}\n                        </ul>\n                    `\n                    : \'\';\n    \n                infoDiv.innerHTML = `\n                    <i class="fas fa-circle-info me-2"></i>\n                    <strong>Data format warning:</strong>\n                    ${columnListHtml}\n                    <div class="mb-0">\n                        Please fix the listed columns manually in the source file before import.\n                        Use one consistent format per column (recommended: all HH:MM or all numeric minutes).\n                    </div>\n                `;\n                infoDiv.classList.remove(\'d-none\');\n            } else {\n                infoDiv.classList.add(\'d-none\');\n            }\n            \n            previewStage = \'rendering preview table\';\n            try {\n                renderParticipantsPreviewTable(data, effectiveSchema || null);\n            } catch (renderError) {\n                console.error(\'Participants preview table rendering failed:\', renderError);\n                throw new Error(`Preview table rendering failed: ${renderError.message || renderError}`);\n            }\n    \n            // Make preview columns immediately available to the NeuroBagel quick editor\n            // so users can map uploaded TSV fields before conversion.\n            const previewColumnValues = {};\n            const responseColumnValues = (data && typeof data.column_values === \'object\' && data.column_values)\n                ? data.column_values\n                : null;\n\n            if (responseColumnValues) {\n                Object.entries(responseColumnValues).forEach(([col, rawValues]) => {\n                    const cleanedName = String(col || \'\').trim();\n                    if (!cleanedName) return;\n                    const cleanedValues = Array.isArray(rawValues)\n                        ? rawValues.map(v => String(v ?? \'\').trim()).filter(Boolean)\n                        : [];\n                    previewColumnValues[cleanedName] = [...new Set(cleanedValues)].slice(0, 50);\n                });\n            }\n\n            data.columns.forEach(col => {\n                const cleanedName = String(col || \'\').trim();\n                if (!cleanedName || Object.prototype.hasOwnProperty.call(previewColumnValues, cleanedName)) {\n                    return;\n                }\n\n                const values = [];\n                data.preview_rows.forEach(row => {\n                    const raw = row[col];\n                    if (raw !== null && raw !== undefined && String(raw).trim() !== \'\') {\n                        values.push(String(raw));\n                    }\n                });\n                previewColumnValues[cleanedName] = [...new Set(values)].slice(0, 50);\n            });\n            window.participantsTsvData = previewColumnValues;\n            if (Array.isArray(window.pendingAdditionalParticipantColumns) && window.pendingAdditionalParticipantColumns.length > 0) {\n                window.pendingAdditionalParticipantColumns.forEach((columnName) => {\n                    const cleanedName = String(columnName || \'\').trim();\n                    if (cleanedName && !Object.prototype.hasOwnProperty.call(window.participantsTsvData, cleanedName)) {\n                        window.participantsTsvData[cleanedName] = [];\n                    }\n                });\n            }\n            console.log(\'✅ Set window.participantsTsvData from preview:\', Object.keys(window.participantsTsvData));\n            \n            previewResults.classList.remove(\'d-none\');\n            \n            // Display NeuroBagel schema if available\n            if (effectiveSchema) {\n                previewStage = \'updating annotation widget\';\n                try {\n                    displayNeurobagelSchema(effectiveSchema);\n                } catch (widgetError) {\n                    // Non-fatal: preview is ready even if optional annotation widget fails to initialize.\n                    console.error(\'NeuroBagel widget update failed:\', widgetError);\n                    const infoDiv = document.getElementById(\'participantsInfo\');\n                    if (infoDiv) {\n                        infoDiv.innerHTML = `<i class="fas fa-circle-info me-2"></i>Preview loaded, but annotation widget could not be updated (${String(widgetError.message || widgetError)}). You can still review and convert data.`;\n                        infoDiv.classList.remove(\'d-none\');\n                    }\n                }\n            }\n            \n        } catch (error) {\n            const rawMessage = String(error && error.message ? error.message : error || \'Preview failed\');\n            const normalized = rawMessage.trim().toLowerCase();\n            const genericPatternMessage = normalized === \'the string did not match the expected pattern.\';\n            const nonUniqueSelectedIdMessage = normalized.includes(\'non-unique values for the selected id column\');\n    \n            if (genericPatternMessage) {\n                errorDiv.textContent = `Preview failed in UI stage "${previewStage}" due to an invalid value pattern. Please retry once, and if it persists, keep separator on Semicolon and use ID column "ID" manually.`;\n            } else if (nonUniqueSelectedIdMessage) {\n                errorDiv.textContent = rawMessage;\n            } else {\n                errorDiv.textContent = `${rawMessage} [${previewStage}]`;\n            }\n            errorDiv.classList.remove(\'d-none\');\n    \n            const availabilityInfo = document.getElementById(\'participantsPreviewAvailabilityInfo\');\n            if (availabilityInfo) availabilityInfo.classList.add(\'d-none\');\n\n            setParticipantsAdditionalVariablesEnabled(false);\n    \n            const workflowSummary = document.getElementById(\'participantsWorkflowSummary\');\n            if (workflowSummary) workflowSummary.classList.add(\'d-none\');\n            renderParticipantsMergeSummary(null);\n        } finally {\n            runController.finishRun();\n            updateParticipantsButtonState({ skipIdAutoDetect: true });\n        }\n    });\n\n    participantsMergeConflictDownloadController.bind();\n    \n    function displayNeurobagelSchema(schema, previewData = window.lastParticipantsPreviewData) {\n        const schemaPreview = document.getElementById(\'neurobagelSchemaPreview\');\n        const schemaJsonCode = document.getElementById(\'schemaJsonCode\');\n        \n        // Store schema globally for use during conversion\n        window.neurobagelSchema = schema;\n        \n        // Show JSON preview\n        schemaJsonCode.textContent = JSON.stringify(schema, null, 2);\n        schemaPreview.classList.remove(\'d-none\');\n        \n        // Mark preview as complete and enable Convert button\n        participantsPreviewCompleted = true;\n        const convertBtn = document.getElementById(\'participantsConvertBtn\');\n        const convertHint = document.getElementById(\'convertBtnHint\');\n        const canConvert = canApplyParticipantsConversion();\n        const workflowUiCopy = getParticipantsWorkflowUiCopy();\n        if (convertBtn) {\n            convertBtn.disabled = !canConvert;\n            convertBtn.classList.remove(\'btn-outline-secondary\', \'btn-success\');\n            convertBtn.classList.add(canConvert ? \'btn-success\' : \'btn-outline-secondary\');\n            if (previewData && previewData.merge_mode) {\n                const harmonizationState = assessParticipantsMergeHarmonizationState(previewData);\n                if (harmonizationState.hasInvalidKeepBoth) {\n                    convertHint.textContent = \'Fix Keep both column names before applying merge\';\n                } else if (Boolean(previewData.session_resolution_required) && Number(previewData.conflict_count || 0) === 0) {\n                    convertHint.textContent = \'Choose session resolution before applying merge\';\n                } else {\n                    convertHint.textContent = canConvert\n                        ? \'Ready to apply conflict-free merge\'\n                        : \'Resolve merge conflicts first\';\n                }\n            } else {\n                convertHint.textContent = workflowUiCopy.convertReadyHint;\n            }\n        }\n\n        updateParticipantsMergeApplyStatusBadge(previewData);\n    \n        const saveAnnotBtn = document.getElementById(\'saveNeurobagelBtn\');\n        if (saveAnnotBtn) {\n            saveAnnotBtn.disabled = false;\n        }\n    \n        refreshParticipantsWorkflowSummary();\n    \n        // Keep annotation view in sync with latest preview/schema as soon as step 1 completes.\n        loadNeurobagelWidget();\n    }\n    \n    function buildAnnotatedParticipantsSchemaFromWidgetState() {\n        const widgetState = window.neurobagelWidgetState || {};\n        const allColumns = widgetState.allColumns || {};\n    \n        const annotatedData = {};\n    \n        // Keep only columns present in current preview/local participants context.\n        const tsvColumnMap = window.participantsTsvData || {};\n        const tsvColumns = Object.keys(tsvColumnMap);\n    \n        function normalizeColName(value) {\n            return String(value || \'\').toLowerCase().replace(/_/g, \'\').trim();\n        }\n    \n        function normalizeSchemaToken(value) {\n            return String(value || \'\').toLowerCase().replace(/[^a-z0-9]+/g, \'\').trim();\n        }\n    \n        function isParticipantIdMappedColumn(colData) {\n            if (!colData || typeof colData !== \'object\') return false;\n    \n            const standardizedVariable = normalizeSchemaToken(colData.standardized_variable);\n            const termUrl = String(colData.term_url || \'\').trim().toLowerCase();\n            const label = normalizeSchemaToken(colData.label);\n    \n            return standardizedVariable === \'participantid\'\n                || termUrl === \'nb:participantid\'\n                || label === \'participantid\'\n                || label === \'subjectid\';\n        }\n    \n        function resolveCanonicalLevelKeyForSave(colData, rawKey, rawLevelData) {\n            // Preserve source keys as-is; keys must match TSV source values.\n            return String(rawKey || \'\').trim();\n        }\n\n        function isOpenClinicalField(colData, targetColumnName) {\n            const standardizedVariable = normalizeSchemaToken(colData?.standardized_variable);\n            const termUrl = String(colData?.term_url || \'\').trim().toLowerCase();\n            const label = normalizeSchemaToken(colData?.label);\n            const normalizedTargetColumn = normalizeSchemaToken(targetColumnName);\n\n            const openTokens = new Set([\'group\', \'participantgroup\', \'diagnosis\']);\n            return openTokens.has(standardizedVariable)\n                || openTokens.has(label)\n                || openTokens.has(normalizedTargetColumn)\n                || termUrl === \'nb:group\'\n                || termUrl === \'nb:participantgroup\'\n                || termUrl === \'nb:diagnosis\';\n        }\n\n        function getObservedLevelTokens(columnName) {\n            const rawValues = Array.isArray(tsvColumnMap[columnName])\n                ? tsvColumnMap[columnName]\n                : [];\n            return new Set(\n                rawValues\n                    .map((value) => normalizeSchemaToken(value))\n                    .filter(Boolean)\n            );\n        }\n    \n        for (const [colName, colData] of Object.entries(allColumns)) {\n            const colNameNormalized = normalizeColName(colName);\n            const matchedTsvColumn = tsvColumns.find(c => {\n                const cNorm = normalizeColName(c);\n                return cNorm === colNameNormalized || cNorm === String(colName || \'\').toLowerCase();\n            });\n    \n            if (!matchedTsvColumn) {\n                continue;\n            }\n    \n            const normalizedType = String(colData.data_type || \'\').toLowerCase();\n            const isCategorical = normalizedType === \'categorical\';\n    \n            let retainedLevels = [];\n            if (isCategorical) {\n                const rawLevels = (colData.levels && typeof colData.levels === \'object\')\n                    ? Object.entries(colData.levels)\n                    : [];\n    \n                const normalizedLevelMap = {};\n                rawLevels.forEach(([levelKey, levelData]) => {\n                    const sourceKey = String(levelKey || \'\').trim();\n                    if (!sourceKey) return;\n    \n                    const key = resolveCanonicalLevelKeyForSave(colData, sourceKey, levelData) || sourceKey;\n                    const nextLevel = {\n                        label: (levelData && levelData.label) ? levelData.label : key,\n                        description: (levelData && levelData.description) ? levelData.description : \'\',\n                        uri: (levelData && levelData.uri) ? levelData.uri : null,\n                    };\n    \n                    if (!normalizedLevelMap[key]) {\n                        normalizedLevelMap[key] = nextLevel;\n                        return;\n                    }\n    \n                    if (!normalizedLevelMap[key].description && nextLevel.description) {\n                        normalizedLevelMap[key].description = nextLevel.description;\n                    }\n                    if (!normalizedLevelMap[key].uri && nextLevel.uri) {\n                        normalizedLevelMap[key].uri = nextLevel.uri;\n                    }\n                });\n    \n                retainedLevels = Object.entries(normalizedLevelMap);\n            }\n    \n            const targetColumnName = isParticipantIdMappedColumn(colData)\n                ? \'participant_id\'\n                : matchedTsvColumn;\n\n            if (isCategorical && retainedLevels.length > 0 && isOpenClinicalField(colData, targetColumnName)) {\n                const observedTokens = getObservedLevelTokens(matchedTsvColumn);\n                retainedLevels = retainedLevels.filter(([levelKey]) => (\n                    observedTokens.has(normalizeSchemaToken(levelKey))\n                ));\n            }\n    \n            annotatedData[targetColumnName] = {\n                Description: colData.description || colData.Description || ""\n            };\n    \n            if (colData.unit) {\n                annotatedData[targetColumnName].Unit = colData.unit;\n            }\n    \n            if (isCategorical && retainedLevels.length > 0) {\n                annotatedData[targetColumnName].Levels = {};\n                for (const [levelKey, levelData] of retainedLevels) {\n                    annotatedData[targetColumnName].Levels[levelKey] = levelData.label || levelKey;\n                }\n            }\n    \n            const knownNBMappings = Object.values(window.neurobagelCommonMappings || {});\n            const isKnownNBTerm = (sv, tu) => knownNBMappings.some(m => m && (\n                (sv && String(m.standardized_variable || \'\').trim().toLowerCase() === String(sv).trim().toLowerCase()) ||\n                (tu && String(m.term_url || \'\').trim().toLowerCase() === String(tu).trim().toLowerCase())\n            ));\n            const hasNeurobagelMapping = isKnownNBTerm(colData.standardized_variable, colData.term_url);\n            const hasManualType = !!colData.data_type;\n            if (hasNeurobagelMapping || hasManualType) {\n                const annotations = {};\n                if (hasNeurobagelMapping) {\n                    const termUrl = colData.term_url || (colData.standardized_variable ? `nb:${colData.standardized_variable}` : null);\n                    const termLabel = colData.label || colData.standardized_variable || null;\n                    if (termUrl || termLabel) {\n                        annotations.IsAbout = {\n                            "TermURL": termUrl,\n                            "Label": termLabel\n                        };\n                    }\n                }\n    \n                if (colData.data_type) {\n                    const normalizedVarType = {\n                        \'categorical\': \'Categorical\',\n                        \'continuous\': \'Continuous\',\n                        \'text\': \'Text\',\n                        \'string\': \'Text\',\n                        \'identifier\': \'Text\',\n                    };\n                    annotations.VariableType = normalizedVarType[String(colData.data_type).toLowerCase()] ||\n                        (colData.data_type.charAt(0).toUpperCase() + colData.data_type.slice(1));\n                }\n    \n                if (colData.data_type === \'continuous\' && colData.unit) {\n                    annotatedData[targetColumnName].Units = colData.unit;\n                    annotations.Format = {\n                        "TermURL": "nb:FromFloat",\n                        "Label": "Float"\n                    };\n                }\n    \n                if (isCategorical && retainedLevels.length > 0) {\n                    const annotationLevels = {};\n                    for (const [levelKey, levelData] of retainedLevels) {\n                        if (levelData.uri) {\n                            annotationLevels[levelKey] = {\n                                "TermURL": levelData.uri,\n                                "Label": levelData.label || levelKey\n                            };\n                        }\n                    }\n                    if (Object.keys(annotationLevels).length > 0) {\n                        annotations.Levels = annotationLevels;\n                    }\n                }\n    \n                if (Object.keys(annotations).length > 0) {\n                    annotatedData[targetColumnName].Annotations = annotations;\n                }\n            }\n        }\n    \n        return annotatedData;\n    }\n    \n    // Convert button handler\n    document.getElementById(\'participantsConvertBtn\')?.addEventListener(\'click\', async function() {\n        const errorDiv = document.getElementById(\'participantsError\');\n        const successDiv = document.getElementById(\'participantsSuccess\');\n        const progressDiv = document.getElementById(\'participantsConversionProgress\');\n        const logDiv = document.getElementById(\'participantsConversionLog\');\n        const warningDiv = document.getElementById(\'participantsExistingFilesWarning\');\n        const mode = getParticipantsWorkflowMode();\n        const fileAction = mode === \'file\' ? getParticipantsFileAction() : \'replace\';\n        const useMergeRoute = mode === \'file\' && fileAction === \'merge\' && canModifyExistingParticipants();\n        \n        errorDiv.classList.add(\'d-none\');\n        successDiv.classList.add(\'d-none\');\n\n        if (!hasParticipantsSelectedCase()) {\n            errorDiv.textContent = \'Choose Replace, Modify, or Merge before saving participant files.\';\n            errorDiv.classList.remove(\'d-none\');\n            return;\n        }\n\n        if (!runController.tryStartRun()) {\n            return;\n        }\n        setParticipantsPrimaryActionButtonsDisabled(true);\n\n        try {\n            // Check existing files only when starting real conversion.\n            const existingCheck = await checkExistingParticipantFiles({\n                showOverwriteWarning: mode === \'file\' && fileAction === \'replace\'\n            });\n            if (mode === \'file\' && !useMergeRoute && existingCheck && existingCheck.exists) {\n                const checkbox = document.getElementById(\'participantsForceOverwrite\');\n                if (!checkbox.checked) {\n                    errorDiv.textContent = \'Existing participants files detected. Confirm overwrite to continue conversion.\';\n                    errorDiv.classList.remove(\'d-none\');\n                    return;\n                }\n            }\n            if (useMergeRoute && (!existingCheck || !existingCheck.has_participants_tsv)) {\n                errorDiv.textContent = \'Merge requires an existing participants.tsv in the current project.\';\n                errorDiv.classList.remove(\'d-none\');\n                return;\n            }\n            if (useMergeRoute && window.lastParticipantsPreviewData && !window.lastParticipantsPreviewData.can_apply) {\n                errorDiv.textContent = \'Resolve merge blockers first (conflicts or missing session resolution). An apply-ready merge preview is required before apply.\';\n                errorDiv.classList.remove(\'d-none\');\n                return;\n            }\n            if (mode === \'existing\' && !canModifyExistingParticipants()) {\n                errorDiv.textContent = \'Modify existing mode requires an existing participants.tsv in the current project.\';\n                errorDiv.classList.remove(\'d-none\');\n                return;\n            }\n\n            progressDiv.classList.remove(\'d-none\');\n            logDiv.innerHTML = \'\';\n\n            if (mode === \'file\' && !hasParticipantsFileSelection()) {\n                throw new Error(\'Please select a file\');\n            }\n    \n            if (typeof window.syncNeurobagelActiveEditorToState === \'function\') {\n                window.syncNeurobagelActiveEditorToState();\n            }\n    \n            const liveAnnotatedSchema = buildAnnotatedParticipantsSchemaFromWidgetState();\n            if (liveAnnotatedSchema && Object.keys(liveAnnotatedSchema).length > 0) {\n                window.neurobagelSchema = liveAnnotatedSchema;\n            }\n            \n            const formData = new FormData();\n            formData.append(\'mode\', mode);\n\n            if (mode === \'file\') {\n                appendParticipantsFileImportFields(formData);\n                if (!useMergeRoute) {\n                    formData.append(\'force_overwrite\', document.getElementById(\'participantsForceOverwrite\')?.checked || false);\n                }\n\n                if (useMergeRoute) {\n                    appendParticipantsMergeHarmonizationDecisions(formData);\n                    appendParticipantsMergeSessionResolutionDecisions(formData);\n                    formData.append(\'apply\', \'true\');\n                }\n            } else {\n                // Existing mode always writes back into the same files.\n                formData.append(\'force_overwrite\', \'true\');\n                appendExcludedParticipantColumns(formData);\n            }\n            \n            // Include the modified neurobagel_schema if available\n            if (window.neurobagelSchema) {\n                formData.append(\'neurobagel_schema\', JSON.stringify(window.neurobagelSchema));\n            }\n    \n            const response = await fetchWithApiFallback(useMergeRoute ? \'/api/participants-merge\' : \'/api/participants-convert\', {\n                method: \'POST\',\n                body: formData\n            });\n            \n            const data = await response.json();\n            \n            // Display log\n            if (data.log) {\n                data.log.forEach(entry => {\n                    const line = document.createElement(\'div\');\n                    line.textContent = `[${entry.level}] ${entry.message}`;\n                    line.className = entry.level === \'ERROR\' ? \'text-danger\' : (entry.level === \'WARNING\' ? \'text-warning\' : \'text-success\');\n                    logDiv.appendChild(line);\n                });\n            }\n            \n            if (!response.ok) {\n                throw new Error(data.error || \'Conversion failed\');\n            }\n            \n            const writtenFiles = Array.isArray(data.files_created) ? data.files_created : [];\n            const outputDirectory = typeof data.output_directory === \'string\' ? data.output_directory.trim() : \'\';\n            const backupFiles = Array.isArray(data.backup_files) ? data.backup_files : [];\n            const mergeQuality = (data.merge_quality && typeof data.merge_quality === \'object\')\n                ? data.merge_quality\n                : {};\n            const replacedExisting = mode === \'file\' && !useMergeRoute && Boolean(data.overwrote_existing);\n            const updatedExisting = mode === \'existing\';\n            const successTitle = data.merge_mode\n                ? \'Merge applied!\'\n                : (updatedExisting\n                    ? \'Existing participant files updated!\'\n                    : (replacedExisting ? \'Participant files replaced!\' : \'Participant files created!\'));\n            const successVerb = data.merge_mode\n                ? \'Updated\'\n                : (replacedExisting ? \'Replaced\' : \'Wrote\');\n            const operationNote = data.merge_mode\n                ? \'<div class="mt-2 small text-muted">Existing participants files were updated in place after a conflict-free merge.</div>\'\n                : (updatedExisting\n                    ? \'<div class="mt-2 small text-muted">Existing participants.tsv and participants.json were normalized and saved back into the project.</div>\'\n                    : (replacedExisting\n                        ? \'<div class="mt-2 small text-muted">Existing participant files were replaced from the imported source file.</div>\'\n                        : \'\'));\n            const backupNote = data.merge_mode && backupFiles.length > 0\n                ? `<div class="mt-1 small text-muted">Backups created: ${backupFiles.map(f => `<code>${escapeHtml(String(f).split(\'/\').pop())}</code>`).join(\', \')}</div>`\n                : \'\';\n            const locationNote = outputDirectory\n                ? `<div class="mt-1 small text-muted">Written to: <code>${escapeHtml(outputDirectory)}</code></div>`\n                : \'\';\n            const mergeConfirmationNote = data.merge_mode\n                ? `<div class="mt-2"><strong>Merge completed successfully.</strong> participants.tsv and participants.json were updated in the current project.</div>`\n                : \'\';\n            const incomingTotalCells = Number(mergeQuality.incoming_new_participant_total_value_cells || 0);\n            const incomingMissingCells = Number(mergeQuality.incoming_new_participant_missing_value_cells || 0);\n            const incomingAllMissingRows = Number(mergeQuality.incoming_new_participants_all_missing_values || 0);\n            const sparseMergeNote = data.merge_mode && incomingTotalCells > 0 && incomingMissingCells > 0\n                ? `<div class="mt-2 small text-muted"><i class="fas fa-circle-info me-1"></i>Imported rows already contained many empty values (${incomingMissingCells}/${incomingTotalCells} missing cells${incomingAllMissingRows > 0 ? `; ${incomingAllMissingRows} row(s) fully empty` : \'\'}). Merge preserves these missing values and only fills where source data exists.</div>`\n                : \'\';\n\n            // Show success\n            successDiv.innerHTML = `\n                <i class="fas fa-check-circle me-2"></i>\n                <strong>${successTitle}</strong> ${successVerb} ${writtenFiles.length} file(s):\n                <ul class="mb-0 mt-2">\n                    ${writtenFiles.map(f => `<li><code>${escapeHtml(f.split(\'/\').pop())}</code></li>`).join(\'\')}\n                </ul>\n                ${mergeConfirmationNote}\n                ${operationNote}\n                ${backupNote}\n                ${sparseMergeNote}\n                ${locationNote}\n                <div class="mt-2 small text-muted">Refreshing preview…</div>\n            `;\n            successDiv.classList.remove(\'d-none\');\n    \n            // Conversion created/updated participants files. Clear stale preview schema\n            // so Annotate Participants loads from the saved project participants.json.\n            window.lastParticipantsPreviewData = null;\n    \n            // Refresh local participants.tsv columns cache used by the annotation widget.\n            const projectPath = resolveCurrentProjectPath();\n            if (projectPath) {\n                try {\n                    const tsvResponse = await fetchWithApiFallback(`/api/neurobagel/local-participants?project_path=${encodeURIComponent(projectPath)}`);\n                    const tsvData = await tsvResponse.json();\n                    if (tsvData.columns) {\n                        window.participantsTsvData = tsvData.columns;\n                    }\n                } catch (error) {\n                    console.warn(\'Could not refresh participants TSV columns after conversion:\', error);\n                }\n            }\n            \n            // Hide warning\n            warningDiv.classList.add(\'d-none\');\n    \n            // Auto-refresh preview so users immediately see updated participant columns.\n            const previewBtn = document.getElementById(\'participantsPreviewBtn\');\n            const canRefreshPreview = mode === \'existing\'\n                || hasParticipantsFileSelection();\n            if (previewBtn && canRefreshPreview) {\n                setTimeout(() => {\n                    try {\n                        previewBtn.click();\n                    } catch (e) {\n                        console.warn(\'Could not auto-refresh participants preview:\', e);\n                    }\n                }, 100);\n            }\n            \n        } catch (error) {\n            errorDiv.textContent = error.message;\n            errorDiv.classList.remove(\'d-none\');\n        } finally {\n            runController.finishRun();\n            updateParticipantsButtonState({ skipIdAutoDetect: true });\n            progressDiv.classList.add(\'d-none\');\n        }\n    });\n    \n    // ===== NEUROBAGEL ANNOTATION HANDLERS =====\n    \n    // Function to open participants.json editor\n    function openParticipantsEditor() {\n        const currentProjectPath = resolveCurrentProjectPath();\n        if (!currentProjectPath) {\n            const errorDiv = document.getElementById(\'participantsError\');\n            errorDiv.textContent = \'Please select a project first from the top of the page\';\n            errorDiv.classList.remove(\'d-none\');\n            return;\n        }\n        \n        // Navigate to JSON editor with autoload flag and file type\n        window.location.href = `${jsonEditorUrl}?autoload=participants&from=converter`;\n    }\n    \n    document.getElementById(\'saveNeurobagelBtn\')?.addEventListener(\'click\', async function() {\n        const saveBtn = this;\n        const originalLabel = saveBtn.innerHTML;\n        const errorDiv = document.getElementById(\'participantsError\');\n    \n        if (errorDiv) {\n            errorDiv.classList.add(\'d-none\');\n            errorDiv.textContent = \'\';\n        }\n    \n        saveBtn.disabled = true;\n        saveBtn.innerHTML = \'<i class="fas fa-spinner fa-spin me-1"></i>Saving...\';\n    \n        try {\n            if (typeof window.syncNeurobagelActiveEditorToState === \'function\') {\n                window.syncNeurobagelActiveEditorToState();\n            }\n    \n            const annotatedData = buildAnnotatedParticipantsSchemaFromWidgetState();\n            if (!annotatedData || Object.keys(annotatedData).length === 0) {\n                throw new Error(\'No participant annotation data available. Run Preview Data first.\');\n            }\n            const currentProjectPath = resolveCurrentProjectPath();\n            if (!currentProjectPath) {\n                throw new Error(\'Please select a project first from the top of the page\');\n            }\n        \n            // Save to the project\n            const response = await fetchWithApiFallback(getParticipantsProjectSchemaUrl(currentProjectPath), {\n                method: \'POST\',\n                headers: { \'Content-Type\': \'application/json\' },\n                body: JSON.stringify({\n                    schema: annotatedData,\n                    project_path: currentProjectPath,\n                })\n            });\n            \n            const result = await response.json();\n            if (result.success) {\n                const savedSchema = (result.schema && typeof result.schema === \'object\')\n                    ? result.schema\n                    : annotatedData;\n                const successDiv = document.getElementById(\'participantsSuccess\');\n                successDiv.innerHTML = \'<i class="fas fa-check-circle me-2"></i><strong>Success!</strong> Participants schema saved to participants.json\';\n                successDiv.classList.remove(\'d-none\');\n    \n                window.neurobagelSchema = savedSchema;\n                window.existingParticipantsData = savedSchema;\n    \n                if (window.lastParticipantsPreviewData) {\n                    window.lastParticipantsPreviewData.neurobagel_schema = savedSchema;\n                    renderParticipantsPreviewTable(window.lastParticipantsPreviewData, savedSchema);\n                }\n    \n                displayNeurobagelSchema(savedSchema);\n                \n                // Keep the editor open so user can continue annotating\n                // document.getElementById(\'neurobagelSection\').style.display = \'none\';\n                // document.getElementById(\'participantsHelp\').style.display = \'block\';\n            } else {\n                throw new Error(result.error || \'Failed to save participants schema\');\n            }\n        } catch (error) {\n            if (errorDiv) {\n                errorDiv.textContent = `Error saving participants schema: ${error.message}`;\n                errorDiv.classList.remove(\'d-none\');\n            }\n        } finally {\n            saveBtn.disabled = false;\n            saveBtn.innerHTML = originalLabel;\n        }\n    });\n    \n    window.loadNeurobagelWidget = async function() {\n        const container = document.getElementById(\'neurobagelWidgetContainer\');\n        if (!container) return;\n        const projectPath = resolveCurrentProjectPath();\n    \n        const mergeParticipantColumnMaps = (baseMap, incomingMap) => {\n            const merged = (baseMap && typeof baseMap === \'object\') ? { ...baseMap } : {};\n            if (!incomingMap || typeof incomingMap !== \'object\') return merged;\n    \n            Object.entries(incomingMap).forEach(([columnName, values]) => {\n                const cleanedName = String(columnName || \'\').trim();\n                if (!cleanedName) return;\n    \n                const baseValues = Array.isArray(merged[cleanedName]) ? merged[cleanedName] : [];\n                const incomingValues = Array.isArray(values) ? values : [];\n                merged[cleanedName] = Array.from(\n                    new Set([\n                        ...baseValues.map(v => String(v ?? \'\').trim()).filter(Boolean),\n                        ...incomingValues.map(v => String(v ?? \'\').trim()).filter(Boolean),\n                    ])\n                ).slice(0, 50);\n            });\n    \n            return merged;\n        };\n    \n        // Keep preview-derived columns (including newly added variables) as baseline.\n        const hasActivePreview = !!(window.participantsTsvData && typeof window.participantsTsvData === \'object\' && Object.keys(window.participantsTsvData).length > 0);\n        let participantsColumnMap = hasActivePreview\n            ? { ...window.participantsTsvData }\n            : {};\n    \n        const hasPreviewSchema = !!(window.lastParticipantsPreviewData && window.lastParticipantsPreviewData.neurobagel_schema);\n    \n        // Prefer currently saved project participants.json (important after conversion).\n        let loadedProjectSchema = false;\n        try {\n            const schemaResponse = await fetchWithApiFallback(getParticipantsProjectSchemaUrl(projectPath));\n            const schemaData = await schemaResponse.json();\n            if (schemaData.success && schemaData.exists && schemaData.schema) {\n                window.existingParticipantsData = schemaData.schema;\n                loadedProjectSchema = true;\n            }\n        } catch (error) {\n            console.warn(\'Could not load existing participants schema:\', error);\n        }\n\n        // Fallback to current preview schema only if no saved project schema exists yet.\n        if (!loadedProjectSchema && hasPreviewSchema) {\n            window.existingParticipantsData = window.lastParticipantsPreviewData.neurobagel_schema;\n        }\n    \n        // Only fetch project participants.tsv columns when there is NO active preview.\n        // When a preview is active, the uploaded file\'s columns are the source of truth\n        // for AVAILABLE/UNANNOTATED — merging stale on-disk columns would falsely show\n        // columns as AVAILABLE that aren\'t in the current upload.\n        if (!hasActivePreview) {\n            console.log(\'🔄 No active preview — fetching participants TSV columns from project...\');\n            try {\n                const tsvResponse = await fetchWithApiFallback(`/api/neurobagel/local-participants?project_path=${encodeURIComponent(projectPath)}`);\n                console.log(\'📡 TSV columns response status:\', tsvResponse.status);\n                const tsvData = await tsvResponse.json();\n                console.log(\'📊 TSV columns data:\', tsvData);\n                if (tsvData.columns) {\n                    participantsColumnMap = mergeParticipantColumnMaps(participantsColumnMap, tsvData.columns);\n                } else if (tsvData.error) {\n                    console.error(\'❌ API returned error:\', tsvData.error);\n                }\n            } catch (error) {\n                console.error(\'❌ Could not load participants TSV columns:\', error);\n            }\n        } else {\n            console.log(\'🔄 Active preview present — using preview columns only for AVAILABLE detection.\');\n        }\n    \n        if (Array.isArray(window.pendingAdditionalParticipantColumns) && window.pendingAdditionalParticipantColumns.length > 0) {\n            window.pendingAdditionalParticipantColumns.forEach((columnName) => {\n                const cleanedName = String(columnName || \'\').trim();\n                if (cleanedName && !Object.prototype.hasOwnProperty.call(participantsColumnMap, cleanedName)) {\n                    participantsColumnMap[cleanedName] = [];\n                }\n            });\n        }\n    \n        window.participantsTsvData = participantsColumnMap;\n        console.log(\'✅ Set window.participantsTsvData:\', Object.keys(window.participantsTsvData));\n        \n        // Check if widget is already loaded\n        if (container.querySelector(\'#neurobagelAnnotationWidget\')) {\n            // Just re-render to update with latest TSV data if needed\n            if (window.renderNeurobagelWidget) {\n                await window.renderNeurobagelWidget();\n            }\n            return;\n        }\n        \n        try {\n            // Load the neurobagel widget HTML\n            const response = await fetch(neurobagelWidgetUrl);\n            if (response.ok) {\n                const html = await response.text();\n                \n                // Parse HTML to separate markup from scripts\n                const parser = new DOMParser();\n                const doc = parser.parseFromString(html, \'text/html\');\n                \n                // Find and remove scripts\n                const scripts = doc.querySelectorAll(\'script\');\n                const scriptTexts = [];\n                scripts.forEach(script => {\n                    scriptTexts.push(script.textContent);\n                    script.remove();\n                });\n                \n                // Insert the HTML without scripts\n                container.innerHTML = doc.body.innerHTML;\n                \n                // Execute scripts in order\n                scriptTexts.forEach(scriptText => {\n                    try {\n                        new Function(scriptText)();\n                    } catch (err) {\n                        console.error(\'Error executing widget script:\', err);\n                    }\n                });\n                \n                // Initialize widget after a short delay\n                await new Promise(resolve => setTimeout(resolve, 100));\n                if (window.renderNeurobagelWidget) {\n                    await window.renderNeurobagelWidget();\n                }\n    \n                // Wrap renderNeurobagelSidebar so custom column additions/removals\n                // are immediately reflected in the preview table.\n                const _origSidebar = window.renderNeurobagelSidebar;\n                if (typeof _origSidebar === \'function\') {\n                    window.renderNeurobagelSidebar = function() {\n                        _origSidebar.apply(this, arguments);\n                        if (window.lastParticipantsPreviewData) {\n                            renderParticipantsPreviewTable(\n                                window.lastParticipantsPreviewData,\n                                window.neurobagelWidgetState?.schemaOverride || null\n                            );\n                        }\n                    };\n                }\n            } else {\n                container.innerHTML = `\n                    <div class="alert alert-info">\n                        <i class="fas fa-info-circle me-2"></i>\n                        Use the <a href="https://annotate.neurobagel.org/" target="_blank">NeuroBagel Annotation Tool</a> \n                        to annotate your participants.json file, then import it back here.\n                    </div>\n                `;\n            }\n        } catch (error) {\n            console.error(\'Error loading NeuroBagel widget:\', error);\n            container.innerHTML = `\n                <div class="alert alert-warning">\n                    <i class="fas fa-exclamation-triangle me-2"></i>\n                    Could not load embedded widget (${error.message}). Use the external \n                    <a href="https://annotate.neurobagel.org/" target="_blank">NeuroBagel Annotation Tool</a>.\n                </div>\n            `;\n        }\n    }\n    \n}\n'

tests/test_converter_workflow_wiring.py:1117: AssertionError
=========================== short test summary info ============================
FAILED tests/test_converter_workflow_wiring.py::TestConverterWorkflowWiring::test_converter_tabs_sourcedata_quick_select_smoke
FAILED tests/test_converter_workflow_wiring.py::TestConverterWorkflowWiring::test_environment_and_participants_modules_include_sourcedata_quick_select
2 failed, 34 passed in 0.07s
