...............F...............F..........                               [100%]
=================================== FAILURES ===================================
_ TestProjectsWorkflowWiring.test_loaded_project_save_actions_wait_for_metadata_readiness _

self = <test_projects_workflow_wiring.TestProjectsWorkflowWiring testMethod=test_loaded_project_save_actions_wait_for_metadata_readiness>

    def test_loaded_project_save_actions_wait_for_metadata_readiness(self):
        content = PROJECTS_METADATA_MODULE.read_text(encoding="utf-8")
        core_content = PROJECTS_CORE_MODULE.read_text(encoding="utf-8")
    
        self.assertIn("let studyMetadataLoadInFlight = false;", content)
        self.assertIn("let studyMetadataReadyProjectPath = '';", content)
        self.assertIn(
            "const metadataReadyForCurrentProject = Boolean(currentProjectPath)",
            content,
        )
        self.assertIn(
            "if (!isCreateMode && currentProjectPath && !metadataReadyForCurrentProject) {",
            content,
        )
        self.assertIn(
            "setMetadataSaveStatus(loadingMessage, studyMetadataLoadInFlight ? 'muted' : 'warning');",
            content,
        )
>       self.assertIn(
            "renderLoadedProjectState(loadedName, loadedPath, projectSummary);\n        bindProjectBoxActionButtons();\n        updateCreateProjectButton();",
            core_content,
        )
E       AssertionError: 'renderLoadedProjectState(loadedName, loadedPath, projectSummary);\n        bindProjectBoxActionButtons();\n        updateCreateProjectButton();' not found in '/**\n * Projects Module - Core\n * Main project management logic: create, open, load, validate projects\n */\n\nimport { setButtonLoading, textToArray as _textToArray } from \'./helpers.js\';\nimport { initCreateProjectController } from \'./create-project.js\';\nimport { initProjectInitOnBidsController } from \'./init-on-bids.js\';\nimport { initOpenProjectController } from \'./open-project.js\';\nimport { initProjectPathPickers } from \'./path-pickers.js\';\nimport { validateProjectField } from \'./validation.js\';\nimport { initProjectFileBrowser } from \'./file-browser.js\';\nimport {\n    hasUnsavedStudyMetadataChanges,\n    isStudyMetadataBusy,\n    validateAllMandatoryFields,\n    validateDatasetDescriptionDraftLive,\n    getCitationAuthorsList,\n    getEthicsApprovals,\n    getFundingList,\n    getRecMethodList,\n    getRecLocationList,\n    getYearMonthValue,\n    resetStudyMetadataForm,\n    saveProjectSchemaConfig,\n    showStudyMetadataCard,\n    showMethodsCard,\n    updateCreateProjectButton\n} from \'./metadata.js\';\nimport { showExportCard } from \'./export.js\';\nimport {\n    getProjectStateSnapshot,\n    setProjectStateSnapshot,\n} from \'../../shared/project-state.js\';\nimport { fetchWithApiFallback } from \'../../shared/api.js\';\nimport { escapeHtml } from \'../../shared/dom.js\';\nimport { prefersServerPicker } from \'../../shared/path-picker.js\';\n\n// Global state\nlet currentProjectPath = \'\';\nlet currentProjectName = \'\';\nlet currentProjectIcon = \'\';\nlet projectsPageInitialized = false;\nconst recentProjectsKey = \'prism_recent_projects\';\nconst beginnerHelpModeKey = \'prism_beginner_help_mode\';\nconst recentProjectStatusCache = new Map();\nlet createTargetStatusRequestToken = 0;\nlet createTargetStatusDebounceTimer = null;\n\nconst allowedProjectIcons = [\n    \'🧪\',\n    \'🔬\',\n    \'🧬\',\n    \'🧠\',\n    \'⚗️\',\n    \'🩺\',\n    \'📊\',\n    \'🧫\',\n    \'🔭\',\n    \'🧲\',\n];\n\nfunction normalizeProjectIconClass(iconClass) {\n    const icon = String(iconClass || \'\').trim();\n    if (!icon) return \'\';\n    return allowedProjectIcons.includes(icon) ? icon : \'\';\n}\n\nfunction resolveProjectIconClass(iconClass) {\n    return normalizeProjectIconClass(iconClass) || \'🧪\';\n}\n\nfunction setCreateResultHtml(html, scope = \'server\') {\n    const resultDiv = document.getElementById(\'createResult\');\n    if (!resultDiv) return;\n\n    resultDiv.dataset.scope = scope;\n    resultDiv.style.display = \'block\';\n    resultDiv.innerHTML = html;\n}\n\nfunction clearCreateResult(scope = null) {\n    const resultDiv = document.getElementById(\'createResult\');\n    if (!resultDiv) return;\n    if (scope && resultDiv.dataset.scope !== scope) return;\n\n    resultDiv.style.display = \'none\';\n    resultDiv.innerHTML = \'\';\n    delete resultDiv.dataset.scope;\n}\n\nfunction joinProjectTargetPath(projectPath, projectName) {\n    const parentPath = String(projectPath || \'\').trim();\n    const name = String(projectName || \'\').trim();\n    if (!parentPath || !name) return \'\';\n\n    if (parentPath.endsWith(\'/\') || parentPath.endsWith(\'\\\\\')) {\n        return parentPath + name;\n    }\n\n    const separator = parentPath.includes(\'/\') ? \'/\' : \'\\\\\';\n    return parentPath + separator + name;\n}\n\nfunction resetCreateTargetStatusChecks() {\n    if (createTargetStatusDebounceTimer) {\n        window.clearTimeout(createTargetStatusDebounceTimer);\n        createTargetStatusDebounceTimer = null;\n    }\n    createTargetStatusRequestToken += 1;\n}\n\nfunction setGlobalProjectState(path, name, icon = \'\') {\n    setProjectStateSnapshot(path, name, icon);\n}\n\nfunction shouldHideProjectTypeSelectionWhenLoaded() {\n    if (!projectsRoot) {\n        return false;\n    }\n\n    return String(projectsRoot.dataset.hideProjectOptionsOnLoaded || \'\').trim().toLowerCase() === \'true\';\n}\n\nfunction updateProjectTypeSelectionVisibility() {\n    const projectTypeSelectionRow = document.getElementById(\'projectTypeSelectionRow\');\n    const openProjectFlowStrip = document.getElementById(\'openProjectFlowStrip\');\n    if (!projectTypeSelectionRow) {\n        if (!openProjectFlowStrip) {\n            return;\n        }\n    }\n\n    const shouldHide = shouldHideProjectTypeSelectionWhenLoaded() && Boolean(String(currentProjectPath || \'\').trim());\n    projectTypeSelectionRow?.classList.toggle(\'d-none\', shouldHide);\n    openProjectFlowStrip?.classList.toggle(\'d-none\', shouldHide);\n}\n\nfunction applyCurrentProject(project) {\n    currentProjectPath = (project && project.path) ? String(project.path).trim() : \'\';\n    currentProjectName = (project && project.name) ? String(project.name).trim() : \'\';\n    const incomingIcon = normalizeProjectIconClass(project && project.icon);\n    currentProjectIcon = currentProjectPath\n        ? resolveProjectIconClass(incomingIcon || currentProjectIcon)\n        : \'\';\n\n    const existingPathInput = document.getElementById(\'existingPath\');\n    if (existingPathInput && currentProjectPath) {\n        existingPathInput.value = currentProjectPath;\n    }\n\n    updateProjectTypeSelectionVisibility();\n    updateQuickValidateButtonState();\n\n    if (window.updateNavbarProject) {\n        window.updateNavbarProject(currentProjectName, currentProjectPath, currentProjectIcon);\n        return;\n    }\n\n    setGlobalProjectState(currentProjectPath, currentProjectName, currentProjectIcon);\n}\n\nfunction requestStudyMetadataSaveFromProjectBox(submitIntent = \'standard\') {\n    const studyMetadataForm = document.getElementById(\'studyMetadataForm\');\n    if (!studyMetadataForm) return;\n\n    const primarySubmitButton = document.getElementById(\'createProjectSubmitBtn\');\n    studyMetadataForm.dataset.submitIntent = submitIntent;\n    const active = document.activeElement;\n    if (active instanceof HTMLElement && studyMetadataForm.contains(active) && typeof active.blur === \'function\') {\n        active.blur();\n    }\n\n    window.requestAnimationFrame(() => {\n        if (typeof studyMetadataForm.requestSubmit === \'function\' && primarySubmitButton) {\n            studyMetadataForm.requestSubmit(primarySubmitButton);\n            return;\n        }\n        studyMetadataForm.dispatchEvent(new Event(\'submit\', { bubbles: true, cancelable: true }));\n    });\n}\n\nfunction bindProjectBoxActionButtons() {\n    const actionButtons = [\n        document.getElementById(\'projectBoxSaveBtn\'),\n        document.getElementById(\'projectBoxPreliminarySaveBtn\')\n    ].filter(Boolean);\n\n    if (!actionButtons.length) {\n        return;\n    }\n\n    actionButtons.forEach(button => {\n        if (button.dataset.bound === \'1\') {\n            return;\n        }\n        button.dataset.bound = \'1\';\n\n        // Mirror the primary save button behavior so first pointer interaction\n        // cannot be consumed by blur/change processing before submit is issued.\n        button.addEventListener(\'pointerdown\', (event) => {\n            if (event.button !== 0) {\n                return;\n            }\n            event.preventDefault();\n            button.dataset.pointerTriggeredSubmit = \'1\';\n            requestStudyMetadataSaveFromProjectBox(\n                button.id === \'projectBoxPreliminarySaveBtn\' ? \'preliminary\' : \'standard\'\n            );\n        });\n\n        button.addEventListener(\'click\', (event) => {\n            event.preventDefault();\n\n            if (button.dataset.pointerTriggeredSubmit === \'1\') {\n                button.dataset.pointerTriggeredSubmit = \'0\';\n                return;\n            }\n\n            requestStudyMetadataSaveFromProjectBox(\n                button.id === \'projectBoxPreliminarySaveBtn\' ? \'preliminary\' : \'standard\'\n            );\n        });\n    });\n}\n\nfunction syncRecentProjectsToServer(list) {\n    fetchWithApiFallback(\'/api/projects/recent\', {\n        method: \'POST\',\n        headers: { \'Content-Type\': \'application/json\' },\n        body: JSON.stringify({ projects: list })\n    }).catch(() => {\n        // localStorage remains fallback source\n    });\n}\n\nfunction loadRecentProjectsFromServer() {\n    fetchWithApiFallback(\'/api/projects/recent\')\n        .then(response => response.json())\n        .then(data => {\n            if (!data || !data.success || !Array.isArray(data.projects)) return;\n            localStorage.setItem(recentProjectsKey, JSON.stringify(data.projects.slice(0, 5)));\n            renderRecentProjects();\n        })\n        .catch(() => {\n            // keep local fallback\n        });\n}\n\nconst projectsRoot = document.getElementById(\'projectsRoot\');\nconst globalProjectState = getProjectStateSnapshot();\nconst globalProjectPath = globalProjectState.path;\nconst globalProjectName = globalProjectState.name;\nconst globalProjectIcon = normalizeProjectIconClass(globalProjectState.icon);\n\nif (projectsRoot) {\n    currentProjectPath = projectsRoot.dataset.currentProjectPath || globalProjectPath || \'\';\n    currentProjectName = projectsRoot.dataset.currentProjectName || globalProjectName || \'\';\n    currentProjectIcon = currentProjectPath\n        ? resolveProjectIconClass(projectsRoot.dataset.currentProjectIcon || globalProjectIcon)\n        : \'\';\n} else {\n    currentProjectPath = globalProjectPath;\n    currentProjectName = globalProjectName;\n    currentProjectIcon = currentProjectPath ? resolveProjectIconClass(globalProjectIcon) : \'\';\n}\n\nsetGlobalProjectState(currentProjectPath, currentProjectName, currentProjectIcon);\nupdateProjectTypeSelectionVisibility();\n\nwindow.addEventListener(\'prism-project-changed\', function(event) {\n    const eventState = event && event.detail ? event.detail : null;\n    const fallbackState = getProjectStateSnapshot();\n    const nextPath = eventState && typeof eventState.path === \'string\' ? eventState.path.trim() : fallbackState.path;\n    const nextName = eventState && typeof eventState.name === \'string\' ? eventState.name.trim() : fallbackState.name;\n    const nextIcon = eventState && typeof eventState.icon === \'string\'\n        ? eventState.icon.trim()\n        : String(fallbackState.icon || \'\').trim();\n\n    currentProjectPath = nextPath;\n    currentProjectName = nextName;\n    currentProjectIcon = nextPath ? resolveProjectIconClass(nextIcon || currentProjectIcon) : \'\';\n    updateProjectTypeSelectionVisibility();\n    updateQuickValidateButtonState();\n});\n\nfunction normalizeRecentProjectEntry(entry) {\n    if (!entry || typeof entry !== \'object\') return null;\n\n    const path = String(entry.path || \'\').trim();\n    if (!path) return null;\n\n    const name = String(entry.name || \'\').trim() || path.split(/[\\\\/]/).pop() || path;\n    const icon = resolveProjectIconClass(entry.icon);\n\n    return { path, name, icon };\n}\n\nexport function getRecentProjects() {\n    try {\n        const raw = localStorage.getItem(recentProjectsKey);\n        if (!raw) return [];\n        const parsed = JSON.parse(raw);\n        if (!Array.isArray(parsed)) return [];\n        return parsed\n            .map(normalizeRecentProjectEntry)\n            .filter(Boolean);\n    } catch (err) {\n        console.warn(\'Could not read recent projects\', err);\n        return [];\n    }\n}\n\nexport function saveRecentProjects(list) {\n    const limited = (Array.isArray(list) ? list : [])\n        .map(normalizeRecentProjectEntry)\n        .filter(Boolean)\n        .slice(0, 5);\n    try {\n        localStorage.setItem(recentProjectsKey, JSON.stringify(limited));\n    } catch (err) {\n        console.warn(\'Could not save recent projects\', err);\n    }\n    syncRecentProjectsToServer(limited);\n}\n\nexport function addRecentProject(name, path, icon = \'\') {\n    if (!path) return;\n    const safeName = name && name.trim() ? name.trim() : path.split(/[\\\\/]/).pop();\n    const safeIcon = resolveProjectIconClass(icon || currentProjectIcon);\n    const list = getRecentProjects().filter(p => p.path !== path);\n    list.unshift({ name: safeName, path: path, icon: safeIcon });\n    recentProjectStatusCache.delete(path);\n    saveRecentProjects(list);\n    renderRecentProjects();\n}\n\nfunction normalizeValidationRecord(record, fallbackCode, defaultMessage) {\n    if (!record || typeof record !== \'object\' || Array.isArray(record)) {\n        const message = String(record || \'\').trim();\n        return {\n            code: fallbackCode,\n            message: message || defaultMessage,\n            filePath: \'\',\n            fixHint: \'\',\n            fixable: false,\n        };\n    }\n\n    const code = String(record.code || \'\').trim() || fallbackCode;\n    const message = String(record.message || \'\').trim() || defaultMessage;\n    const filePath = String(record.file_path || record.file || \'\').trim();\n    const fixHint = String(record.fix_hint || \'\').trim();\n\n    return {\n        code,\n        message,\n        filePath,\n        fixHint,\n        fixable: Boolean(record.fixable),\n    };\n}\n\nfunction groupValidationRecordsByCode(records, {\n    fallbackCode = \'WARNING\',\n    defaultMessage = \'Validation issue\',\n} = {}) {\n    const groupsByCode = new Map();\n\n    (Array.isArray(records) ? records : []).forEach((record) => {\n        const normalized = normalizeValidationRecord(record, fallbackCode, defaultMessage);\n        const code = normalized.code;\n\n        if (!groupsByCode.has(code)) {\n            groupsByCode.set(code, {\n                code,\n                count: 0,\n                hasFixable: false,\n                fixHints: [],\n                messagesByText: new Map(),\n            });\n        }\n\n        const group = groupsByCode.get(code);\n        group.count += 1;\n        group.hasFixable = group.hasFixable || normalized.fixable;\n\n        if (normalized.fixHint && !group.fixHints.includes(normalized.fixHint)) {\n            group.fixHints.push(normalized.fixHint);\n        }\n\n        const messageKey = normalized.message;\n        if (!group.messagesByText.has(messageKey)) {\n            group.messagesByText.set(messageKey, {\n                message: normalized.message,\n                occurrenceCount: 0,\n                files: [],\n            });\n        }\n\n        const messageGroup = group.messagesByText.get(messageKey);\n        messageGroup.occurrenceCount += 1;\n        if (normalized.filePath && !messageGroup.files.includes(normalized.filePath)) {\n            messageGroup.files.push(normalized.filePath);\n        }\n    });\n\n    return Array.from(groupsByCode.values())\n        .map((group) => ({\n            code: group.code,\n            count: group.count,\n            hasFixable: group.hasFixable,\n            fixHints: group.fixHints,\n            messages: Array.from(group.messagesByText.values()).sort((a, b) => (\n                b.occurrenceCount - a.occurrenceCount || a.message.localeCompare(b.message)\n            )),\n        }))\n        .sort((a, b) => (b.count - a.count || a.code.localeCompare(b.code)));\n}\n\nfunction getProjectValidationAction(code) {\n    const normalizedCode = String(code || \'\').trim().toUpperCase();\n\n    if (normalizedCode === \'PRISM707\') {\n        return {\n            href: \'/converter?tab=participants\',\n            label: \'Open Sociodemographics\',\n            iconClass: \'fas fa-users\',\n        };\n    }\n\n    return null;\n}\n\nfunction renderGroupedValidationHint(fixHints, label = \'Hint\') {\n    if (!Array.isArray(fixHints) || fixHints.length === 0) {\n        return \'\';\n    }\n\n    const extraHintCount = Math.max(0, fixHints.length - 1);\n    return `\n        <div class="alert alert-info py-1 px-2 mb-2 smaller d-flex align-items-start">\n            <i class="fas fa-lightbulb me-2 text-warning mt-1"></i>\n            <div>\n                <strong>${escapeHtml(label)}:</strong> ${escapeHtml(fixHints[0])}\n                ${extraHintCount > 0 ? `<div class="x-small text-muted mt-1">+${extraHintCount} additional hint(s) in this code group.</div>` : \'\'}\n            </div>\n        </div>\n    `;\n}\n\nfunction renderGroupedValidationMessages(messageGroups) {\n    if (!Array.isArray(messageGroups) || messageGroups.length === 0) {\n        return \'\';\n    }\n\n    return messageGroups.map((messageGroup, index) => {\n        const visibleFiles = messageGroup.files.slice(0, 3);\n        const hiddenFilesCount = Math.max(0, messageGroup.files.length - visibleFiles.length);\n        const dividerClass = index < messageGroups.length - 1 ? \'border-bottom pb-2 mb-2\' : \'\';\n        const repeatBadge = messageGroup.occurrenceCount > 1\n            ? `<span class="badge bg-light text-muted border ms-2 project-group-count-badge">${messageGroup.occurrenceCount}</span>`\n            : \'\';\n        const filesHtml = visibleFiles.map((filePath) => `\n            <div class="d-flex align-items-start mb-1">\n                <i class="fas fa-file text-muted me-2 x-small mt-1"></i>\n                <span class="text-muted x-small text-break">${escapeHtml(filePath)}</span>\n            </div>\n        `).join(\'\');\n\n        return `\n            <div class="project-group-message ${dividerClass}">\n                <div class="small fw-semibold text-dark d-flex align-items-center flex-wrap">\n                    <span>${escapeHtml(messageGroup.message)}</span>\n                    ${repeatBadge}\n                </div>\n                ${filesHtml ? `<div class="project-group-files">${filesHtml}</div>` : \'\'}\n                ${hiddenFilesCount > 0 ? `<div class="text-muted x-small mt-1"><i class="fas fa-ellipsis-h me-1"></i>and ${hiddenFilesCount} more file(s)</div>` : \'\'}\n            </div>\n        `;\n    }).join(\'\');\n}\n\nfunction setCurrentProjectBannerVisibility(type) {\n    const banner = document.getElementById(\'currentProjectBanner\');\n    if (!banner) return;\n    banner.style.display = (type === \'create\') ? \'none\' : \'\';\n}\n\nfunction clearRecentProjects() {\n    recentProjectStatusCache.clear();\n    saveRecentProjects([]);\n    renderRecentProjects();\n}\n\nfunction normalizeHintText(text) {\n    return String(text || \'\').replace(/\\s+/g, \' \').trim();\n}\n\nfunction getExistingFieldHelpTexts(field) {\n    const container = field.closest(\'.form-check, [class*="col-"], .mb-3, .card-body\') || field.parentElement;\n    if (!container) return [];\n\n    const texts = [];\n    const nodes = container.querySelectorAll(\'small.text-muted, .form-text, small\');\n    nodes.forEach(node => {\n        if (node.classList.contains(\'field-hint-inline\')) return;\n        const text = normalizeHintText(node.textContent);\n        if (text) texts.push(text);\n    });\n\n    return texts;\n}\n\nfunction isHintDuplicate(hintText, existingTexts) {\n    const normalizedHint = normalizeHintText(hintText).toLowerCase();\n    if (!normalizedHint) return true;\n\n    return existingTexts.some(existing => {\n        const normalizedExisting = normalizeHintText(existing).toLowerCase();\n        if (!normalizedExisting) return false;\n        return normalizedExisting === normalizedHint\n            || normalizedExisting.includes(normalizedHint)\n            || normalizedHint.includes(normalizedExisting);\n    });\n}\n\nfunction isFieldEffectivelyEmpty(field) {\n    if (field.type === \'checkbox\' || field.type === \'radio\') {\n        return !field.checked;\n    }\n    if (field.tagName === \'SELECT\' && field.multiple) {\n        return Array.from(field.selectedOptions || []).length === 0;\n    }\n    return !String(field.value || \'\').trim();\n}\n\nfunction shouldShowBeginnerHint(field) {\n    const isFocused = document.activeElement === field;\n    const isInvalid = field.matches(\':invalid\') || field.classList.contains(\'is-invalid\');\n    return isFocused || isInvalid || isFieldEffectivelyEmpty(field);\n}\n\nfunction getFieldHintText(field) {\n    const parts = [];\n\n    const placeholder = normalizeHintText(field.getAttribute(\'placeholder\'));\n    if (placeholder) {\n        parts.push(`Example: ${placeholder}`);\n    }\n\n    if (parts.length > 0) {\n        return parts[0];\n    }\n\n    if (field.tagName === \'SELECT\') {\n        return \'Choose the option that best matches your study.\';\n    }\n    if (field.type === \'checkbox\' || field.type === \'radio\') {\n        return \'Enable this option if it applies to your project.\';\n    }\n    return \'Fill out this field based on your study.\';\n}\n\nfunction addHintIconToLabel(label, hintText) {\n    if (!label || !hintText) return;\n    if (label.querySelector(\'.field-hint-trigger\')) return;\n\n    const existingTooltipIcon = label.querySelector(\'[data-bs-toggle="tooltip"]\');\n    if (existingTooltipIcon) return;\n\n    const hintButton = document.createElement(\'button\');\n    hintButton.type = \'button\';\n    hintButton.className = \'btn btn-link p-0 ms-1 align-baseline text-muted field-hint-trigger\';\n    hintButton.setAttribute(\'data-bs-toggle\', \'tooltip\');\n    hintButton.setAttribute(\'data-bs-placement\', \'top\');\n    hintButton.setAttribute(\'data-bs-title\', hintText);\n    hintButton.setAttribute(\'aria-label\', \'Show field guidance\');\n    hintButton.innerHTML = \'<i class="fas fa-info-circle"></i>\';\n\n    label.appendChild(hintButton);\n\n    if (window.bootstrap?.Tooltip) {\n        window.bootstrap.Tooltip.getOrCreateInstance(hintButton);\n    }\n}\n\nfunction clearInlineFieldHints() {\n    document.querySelectorAll(\'.field-hint-inline\').forEach(node => node.remove());\n}\n\nfunction getBeginnerHelpModeEnabled() {\n    try {\n        const value = localStorage.getItem(beginnerHelpModeKey);\n        if (value === null) return true;\n        return value === \'1\';\n    } catch (_) {\n        return true;\n    }\n}\n\nfunction setBeginnerHelpModeEnabled(enabled) {\n    try {\n        localStorage.setItem(beginnerHelpModeKey, enabled ? \'1\' : \'0\');\n    } catch (_) {\n        // ignore storage failures\n    }\n}\n\nfunction renderInlineFieldHints() {\n    clearInlineFieldHints();\n\n    const formIds = [\n        \'createProjectForm\',\n        \'openProjectForm\',\n        \'studyMetadataForm\',\n        \'globalSettingsForm\',\n        \'exportProjectForm\'\n    ];\n\n    formIds.forEach(formId => {\n        const form = document.getElementById(formId);\n        if (!form) return;\n\n        const fields = form.querySelectorAll(\'input, select, textarea\');\n        fields.forEach(field => {\n            if (!field.id || field.type === \'hidden\') return;\n            if (!shouldShowBeginnerHint(field)) return;\n\n            const hintText = getFieldHintText(field);\n            if (!hintText) return;\n\n            const existingHelpTexts = getExistingFieldHelpTexts(field);\n            if (isHintDuplicate(hintText, existingHelpTexts)) return;\n\n            const fieldGroup = field.closest(\'.form-check, .input-group, [class*="col-"]\') || field.parentElement;\n            if (!fieldGroup) return;\n\n            if (fieldGroup.querySelector(`.field-hint-inline[data-for="${field.id}"]`)) {\n                return;\n            }\n\n            const hint = document.createElement(\'div\');\n            hint.className = \'field-hint-inline form-text text-muted\';\n            hint.setAttribute(\'data-for\', field.id);\n            hint.innerHTML = `<i class="fas fa-info-circle me-1"></i>${escapeHtml(hintText)}`;\n\n            if (fieldGroup.classList.contains(\'input-group\')) {\n                fieldGroup.insertAdjacentElement(\'afterend\', hint);\n            } else {\n                fieldGroup.appendChild(hint);\n            }\n        });\n    });\n}\n\nlet beginnerHintRefreshBound = false;\n\nfunction bindBeginnerHintRefreshEvents() {\n    if (beginnerHintRefreshBound) return;\n\n    const refreshIfEnabled = () => {\n        if (!getBeginnerHelpModeEnabled()) return;\n        renderInlineFieldHints();\n    };\n\n    [\'focusin\', \'focusout\', \'input\', \'change\'].forEach(eventName => {\n        document.addEventListener(eventName, (event) => {\n            const target = event.target;\n            if (!(target instanceof HTMLElement)) return;\n            if (!target.closest(\'#createProjectForm, #openProjectForm, #studyMetadataForm, #globalSettingsForm, #exportProjectForm\')) return;\n            if (!target.matches(\'input, select, textarea\')) return;\n            refreshIfEnabled();\n        });\n    });\n\n    beginnerHintRefreshBound = true;\n}\n\nfunction applyBeginnerHelpMode(enabled) {\n    if (enabled) {\n        renderInlineFieldHints();\n    } else {\n        clearInlineFieldHints();\n    }\n}\n\nfunction initBeginnerHelpMode() {\n    if (window.prismGlobalBeginnerHintsManaged === true) {\n        return;\n    }\n\n    const toggle = document.getElementById(\'beginnerHelpModeToggle\');\n    const enabled = getBeginnerHelpModeEnabled();\n\n    if (toggle) {\n        toggle.checked = enabled;\n        toggle.addEventListener(\'change\', () => {\n            const modeEnabled = Boolean(toggle.checked);\n            setBeginnerHelpModeEnabled(modeEnabled);\n            applyBeginnerHelpMode(modeEnabled);\n        });\n    }\n\n    window.addEventListener(\'prism-beginner-help-changed\', (event) => {\n        const modeEnabled = Boolean(event?.detail?.enabled);\n        if (toggle) {\n            toggle.checked = modeEnabled;\n        }\n        setBeginnerHelpModeEnabled(modeEnabled);\n        applyBeginnerHelpMode(modeEnabled);\n    });\n\n    applyBeginnerHelpMode(enabled);\n    bindBeginnerHintRefreshEvents();\n}\n\nfunction initProjectFieldHints() {\n    const formIds = [\n        \'createProjectForm\',\n        \'openProjectForm\',\n        \'studyMetadataForm\',\n        \'globalSettingsForm\',\n        \'exportProjectForm\'\n    ];\n\n    formIds.forEach(formId => {\n        const form = document.getElementById(formId);\n        if (!form) return;\n\n        const fields = form.querySelectorAll(\'input, select, textarea\');\n        fields.forEach(field => {\n            if (!field.id || field.type === \'hidden\') return;\n\n            let label = form.querySelector(`label[for="${field.id}"]`);\n            if (!label) {\n                label = field.closest(\'.form-check\')?.querySelector(\'.form-check-label\') || null;\n            }\n            if (!label) return;\n\n            const hintText = getFieldHintText(field);\n            addHintIconToLabel(label, hintText);\n        });\n    });\n}\n\nasync function isRecentProjectAvailable(path) {\n    if (!path) return false;\n    if (recentProjectStatusCache.has(path)) {\n        return recentProjectStatusCache.get(path);\n    }\n\n    const statusPromise = fetchWithApiFallback(\'/api/projects/path-status\', {\n        method: \'POST\',\n        headers: { \'Content-Type\': \'application/json\' },\n        body: JSON.stringify({ path })\n    })\n        .then(response => response.json().catch(() => null))\n        .then(data => {\n            if (!data || data.success !== true) {\n                return null;\n            }\n            return Boolean(data.available);\n        })\n        .catch(() => null);\n\n    recentProjectStatusCache.set(path, statusPromise);\n    return statusPromise;\n}\n\nasync function checkCreateTargetStatus() {\n    const projectName = document.getElementById(\'projectName\')?.value.trim() || \'\';\n    const projectPath = document.getElementById(\'projectPath\')?.value.trim() || \'\';\n    const validProjectName = /^[a-zA-Z0-9_-]+$/.test(projectName);\n\n    if (!projectName || !projectPath || !validProjectName) {\n        clearCreateResult(\'preflight\');\n        return { conflict: false };\n    }\n\n    const targetPath = joinProjectTargetPath(projectPath, projectName);\n    const requestToken = ++createTargetStatusRequestToken;\n\n    try {\n        const response = await fetchWithApiFallback(\'/api/projects/path-status\', {\n            method: \'POST\',\n            headers: { \'Content-Type\': \'application/json\' },\n            body: JSON.stringify({ path: targetPath })\n        });\n        const status = await response.json().catch(() => null);\n\n        if (requestToken !== createTargetStatusRequestToken) {\n            return { conflict: false, stale: true };\n        }\n\n        if (!status || status.success !== true || status.exists !== true) {\n            clearCreateResult(\'preflight\');\n            return { conflict: false, targetPath };\n        }\n\n        if (status.is_dir && status.is_empty_dir) {\n            clearCreateResult(\'preflight\');\n            return { conflict: false, targetPath, status };\n        }\n\n        let title = \'Target Folder Already Exists\';\n        let message = `The target folder <code>${escapeHtml(targetPath)}</code> already exists and contains files. Project Location must be the parent folder where PRISM creates a new project folder.`;\n\n        if (status.is_file) {\n            title = \'Target Path Is A File\';\n            message = `The target path <code>${escapeHtml(targetPath)}</code> already exists as a file. Project Location must be the parent folder, not the final project path.`;\n        } else if (status.available) {\n            title = \'Project Already Exists\';\n            message = `The target folder <code>${escapeHtml(targetPath)}</code> already contains a <code>project.json</code>. Use Open Existing Project instead of Create New Project.`;\n        }\n\n        const actionHtml = status.available\n            ? `\n                <div class="mt-3">\n                    <button\n                        type="button"\n                        class="btn btn-sm btn-outline-primary"\n                        data-action="open-existing-project"\n                        data-path="${escapeHtml(status.project_json_path || targetPath)}"\n                    >\n                        <i class="fas fa-folder-open me-1"></i>Open Existing Project\n                    </button>\n                </div>\n            `\n            : \'\';\n\n        setCreateResultHtml(\n            `\n                <div class="alert alert-warning">\n                    <h5><i class="fas fa-exclamation-triangle me-2"></i>${title}</h5>\n                    <p class="mb-0">${message}</p>\n                    ${actionHtml}\n                </div>\n            `,\n            \'preflight\'\n        );\n\n        return { conflict: true, targetPath, status };\n    } catch (_error) {\n        if (requestToken === createTargetStatusRequestToken) {\n            clearCreateResult(\'preflight\');\n        }\n        return { conflict: false, targetPath };\n    }\n}\n\nfunction scheduleCreateTargetStatusCheck() {\n    resetCreateTargetStatusChecks();\n    createTargetStatusDebounceTimer = window.setTimeout(() => {\n        checkCreateTargetStatus().catch(() => {});\n    }, 200);\n}\n\nexport function renderRecentProjects() {\n    const block = document.getElementById(\'recentProjectsBlock\');\n    const listEl = document.getElementById(\'recentProjectsList\');\n    if (!block || !listEl) return;\n\n    const list = getRecentProjects();\n    if (!list.length) {\n        block.style.display = \'none\';\n        listEl.innerHTML = \'\';\n        return;\n    }\n\n    Promise.all(list.map(async (project) => ({\n        project,\n        available: await isRecentProjectAvailable(project.path)\n    }))).then(results => {\n        const availableProjects = results\n            .filter(({ available }) => available !== false)\n            .map(({ project }) => project);\n\n        const unavailableProjects = results.filter(({ available }) => available === false);\n        if (unavailableProjects.length > 0) {\n            results\n                .filter(({ available }) => available === false)\n                .forEach(({ project }) => recentProjectStatusCache.delete(project.path));\n            saveRecentProjects(availableProjects);\n        }\n\n        if (!availableProjects.length) {\n            block.style.display = \'none\';\n            listEl.innerHTML = \'\';\n            return;\n        }\n\n        block.style.display = \'block\';\n        listEl.innerHTML = availableProjects.map((p, idx) => {\n        const label = p.name || p.path;\n        const iconClass = resolveProjectIconClass(p.icon);\n        const safeLabel = escapeHtml(label);\n        const safePath = escapeHtml(p.path || \'\');\n        const safeIconClass = escapeHtml(iconClass);\n        return `\n            <button type="button" class="btn btn-outline-secondary btn-sm recent-project-btn" data-path="${safePath}" data-name="${safeLabel}" data-icon="${safeIconClass}" data-recent-id="${idx}" title="${safePath}">\n                <span class="me-1" aria-hidden="true">${safeIconClass}</span>${safeLabel}\n            </button>`;\n        }).join(\'\');\n    }).catch(() => {\n        block.style.display = \'none\';\n        listEl.innerHTML = \'\';\n    });\n}\n\n// Load global library settings\nexport async function loadGlobalSettings() {\n    try {\n        const response = await fetchWithApiFallback(\'/api/settings/global-library\');\n        const data = await response.json();\n        if (data.success) {\n            const libraryInput = document.getElementById(\'globalLibraryPath\');\n            libraryInput.value = data.global_template_library_path || \'\';\n            if (data.default_library_path) {\n                libraryInput.placeholder = `Default: ${data.default_library_path}`;\n            }\n\n            const recipesInput = document.getElementById(\'globalRecipesPath\');\n            recipesInput.value = data.global_recipes_path || \'\';\n\n            const connectedToggle = document.getElementById(\'connectedToServerToggle\');\n            if (connectedToggle) {\n                connectedToggle.checked = Boolean(data.connected_to_server);\n            }\n\n            if (window.PrismFileSystemMode && typeof window.PrismFileSystemMode.setConnectedToServer === \'function\') {\n                window.PrismFileSystemMode.setConnectedToServer(Boolean(data.connected_to_server));\n            }\n\n            updateLibraryInfoPanel(data.global_template_library_path || data.default_library_path, null);\n        }\n    } catch (error) {\n        console.error(\'Error loading settings:\', error);\n    }\n}\n\nasync function loadBackendMonitoringSetting() {\n    const toggle = document.getElementById(\'backendMonitoringToggle\');\n    const verboseToggle = document.getElementById(\'backendMonitoringVerboseToggle\');\n    if (!toggle) return;\n\n    try {\n        const response = await fetchWithApiFallback(\'/api/settings/backend-monitoring\');\n        const data = await response.json();\n        if (data && data.success) {\n            const enabled = Boolean(data.backend_monitoring);\n            const verboseEnabled = Boolean(data.backend_monitoring_verbose);\n\n            toggle.checked = enabled;\n            if (verboseToggle) {\n                verboseToggle.checked = verboseEnabled;\n                verboseToggle.disabled = !enabled;\n                if (!enabled) {\n                    verboseToggle.checked = false;\n                }\n            }\n        }\n    } catch (error) {\n        console.error(\'Error loading backend monitoring setting:\', error);\n    }\n}\n\nasync function saveBackendMonitoringSetting(payload) {\n    const response = await fetchWithApiFallback(\'/api/settings/backend-monitoring\', {\n        method: \'POST\',\n        headers: { \'Content-Type\': \'application/json\' },\n        body: JSON.stringify(payload)\n    });\n\n    const data = await response.json();\n    if (!response.ok || !data || !data.success) {\n        throw new Error(data?.error || \'Failed to save backend monitoring setting\');\n    }\n\n    return {\n        backendMonitoring: Boolean(data.backend_monitoring),\n        backendMonitoringVerbose: Boolean(data.backend_monitoring_verbose),\n    };\n}\n\nasync function loadDedicatedTerminalSetting() {\n    const toggle = document.getElementById(\'dedicatedTerminalToggle\');\n    if (!toggle) return;\n\n    try {\n        const response = await fetchWithApiFallback(\'/api/settings/dedicated-terminal\');\n        const data = await response.json();\n        if (data && data.success) {\n            toggle.checked = Boolean(data.show_dedicated_terminal);\n        }\n    } catch (error) {\n        console.error(\'Error loading dedicated terminal setting:\', error);\n    }\n}\n\nasync function ensureOpenSectionVisibleForLoadedProject() {\n    const path = String(currentProjectPath || \'\').trim();\n    if (!path || !shouldHideProjectTypeSelectionWhenLoaded()) {\n        return;\n    }\n\n    const openSection = document.getElementById(\'section-open\');\n    if (openSection && !openSection.classList.contains(\'active\')) {\n        selectProjectType(\'open\');\n    }\n\n    const existingPathInput = document.getElementById(\'existingPath\');\n    if (existingPathInput && !String(existingPathInput.value || \'\').trim()) {\n        existingPathInput.value = path;\n    }\n\n    await loadProjectWithoutValidation(path, null, { skipContextGuard: true });\n\n    updateQuickValidateButtonState();\n}\n\nfunction submitOpenProjectPath(path) {\n    const normalizedPath = String(path || \'\').trim();\n    const existingPathInput = document.getElementById(\'existingPath\');\n    const openProjectForm = document.getElementById(\'openProjectForm\');\n    if (!normalizedPath || !existingPathInput || !openProjectForm) {\n        return;\n    }\n\n    existingPathInput.value = normalizedPath;\n    selectProjectType(\'open\');\n\n    if (typeof openProjectForm.requestSubmit === \'function\') {\n        openProjectForm.requestSubmit();\n        return;\n    }\n\n    openProjectForm.dispatchEvent(\n        new Event(\'submit\', { bubbles: true, cancelable: true })\n    );\n}\n\nasync function saveDedicatedTerminalSetting(enabled) {\n    const response = await fetchWithApiFallback(\'/api/settings/dedicated-terminal\', {\n        method: \'POST\',\n        headers: { \'Content-Type\': \'application/json\' },\n        body: JSON.stringify({ show_dedicated_terminal: Boolean(enabled) })\n    });\n\n    const data = await response.json();\n    if (!response.ok || !data || !data.success) {\n        throw new Error(data?.error || \'Failed to save dedicated terminal setting\');\n    }\n\n    return Boolean(data.show_dedicated_terminal);\n}\n\nfunction initBackendMonitoringToggle() {\n    const toggle = document.getElementById(\'backendMonitoringToggle\');\n    const verboseToggle = document.getElementById(\'backendMonitoringVerboseToggle\');\n    if (!toggle) return;\n\n    loadBackendMonitoringSetting();\n\n    toggle.addEventListener(\'change\', async () => {\n        const desired = Boolean(toggle.checked);\n        toggle.disabled = true;\n        if (verboseToggle) {\n            verboseToggle.disabled = true;\n        }\n\n        try {\n            const persisted = await saveBackendMonitoringSetting({\n                backend_monitoring: desired,\n                backend_monitoring_verbose: desired\n                    ? Boolean(verboseToggle?.checked)\n                    : false,\n            });\n            toggle.checked = persisted.backendMonitoring;\n            if (verboseToggle) {\n                verboseToggle.checked = persisted.backendMonitoringVerbose;\n                verboseToggle.disabled = !persisted.backendMonitoring;\n                if (!persisted.backendMonitoring) {\n                    verboseToggle.checked = false;\n                }\n            }\n        } catch (error) {\n            console.error(\'Error saving backend monitoring setting:\', error);\n            toggle.checked = !desired;\n            alert(\'Could not update backend monitoring setting.\');\n            if (verboseToggle) {\n                verboseToggle.disabled = !toggle.checked;\n            }\n        } finally {\n            toggle.disabled = false;\n            if (verboseToggle) {\n                verboseToggle.disabled = !toggle.checked;\n            }\n        }\n    });\n\n    if (verboseToggle) {\n        verboseToggle.addEventListener(\'change\', async () => {\n            const desiredVerbose = Boolean(verboseToggle.checked);\n            const baseEnabled = Boolean(toggle.checked);\n\n            if (!baseEnabled) {\n                verboseToggle.checked = false;\n                return;\n            }\n\n            toggle.disabled = true;\n            verboseToggle.disabled = true;\n            try {\n                const persisted = await saveBackendMonitoringSetting({\n                    backend_monitoring_verbose: desiredVerbose,\n                });\n                toggle.checked = persisted.backendMonitoring;\n                verboseToggle.checked = persisted.backendMonitoringVerbose;\n                verboseToggle.disabled = !persisted.backendMonitoring;\n            } catch (error) {\n                console.error(\'Error saving backend monitoring verbose setting:\', error);\n                verboseToggle.checked = !desiredVerbose;\n                alert(\'Could not update backend monitoring verbose setting.\');\n                verboseToggle.disabled = !toggle.checked;\n            } finally {\n                toggle.disabled = false;\n                verboseToggle.disabled = !toggle.checked;\n            }\n        });\n    }\n}\n\nfunction initDedicatedTerminalToggle() {\n    const toggle = document.getElementById(\'dedicatedTerminalToggle\');\n    if (!toggle) return;\n\n    loadDedicatedTerminalSetting();\n\n    toggle.addEventListener(\'change\', async () => {\n        const desired = Boolean(toggle.checked);\n        toggle.disabled = true;\n\n        try {\n            const persisted = await saveDedicatedTerminalSetting(desired);\n            toggle.checked = persisted;\n        } catch (error) {\n            console.error(\'Error saving dedicated terminal setting:\', error);\n            toggle.checked = !desired;\n            alert(\'Could not update dedicated terminal setting.\');\n        } finally {\n            toggle.disabled = false;\n        }\n    });\n}\n\n// Load library info (both global and project)\nexport async function loadLibraryInfo() {\n    try {\n        const response = await fetchWithApiFallback(\'/api/projects/library-path\');\n        const data = await response.json();\n\n        const infoPanel = document.getElementById(\'libraryInfoPanel\');\n        infoPanel.style.display = \'block\';\n\n        const globalInfo = document.getElementById(\'globalLibraryInfo\');\n        if (data.global_library_path) {\n            globalInfo.innerHTML = `<code class="small">${escapeHtml(data.global_library_path)}</code>`;\n        } else {\n            globalInfo.innerHTML = \'<span class="text-muted">Not configured</span>\';\n        }\n\n        const projectInfo = document.getElementById(\'projectLibraryInfo\');\n        if (data.success && data.project_library_path) {\n            projectInfo.innerHTML = `<code class="small">${escapeHtml(data.project_library_path)}</code>`;\n        } else if (data.project_path) {\n            projectInfo.innerHTML = \'<span class="text-warning"><i class="fas fa-exclamation-triangle me-1"></i>No library folder</span>\';\n        } else {\n            projectInfo.innerHTML = \'<span class="text-muted">Select a project</span>\';\n        }\n    } catch (error) {\n        console.error(\'Error loading library info:\', error);\n    }\n}\n\nexport function updateLibraryInfoPanel(globalPath, projectPath) {\n    const infoPanel = document.getElementById(\'libraryInfoPanel\');\n    infoPanel.style.display = \'block\';\n\n    const globalInfo = document.getElementById(\'globalLibraryInfo\');\n    if (globalPath) {\n        globalInfo.innerHTML = `<code class="small">${escapeHtml(globalPath)}</code>`;\n    } else {\n        globalInfo.innerHTML = \'<span class="text-muted">Not configured</span>\';\n    }\n}\n\ninitProjectPathPickers({\n    fetchWithApiFallback,\n    validateProjectField,\n    clearCreateResult,\n});\n\n// Save global settings\nconst globalSettingsForm = document.getElementById(\'globalSettingsForm\');\nif (globalSettingsForm) {\n    globalSettingsForm.addEventListener(\'submit\', async function(e) {\n        e.preventDefault();\n\n        const btn = this.querySelector(\'button[type="submit"]\');\n        const originalText = setButtonLoading(btn, true, \'Saving...\');\n\n        const libraryPath = document.getElementById(\'globalLibraryPath\').value.trim();\n        const recipesPath = document.getElementById(\'globalRecipesPath\').value.trim();\n        const connectedToServer = Boolean(document.getElementById(\'connectedToServerToggle\')?.checked);\n\n        try {\n            const response = await fetchWithApiFallback(\'/api/settings/global-library\', {\n                method: \'POST\',\n                headers: { \'Content-Type\': \'application/json\' },\n                body: JSON.stringify({\n                    global_template_library_path: libraryPath,\n                    global_recipes_path: recipesPath,\n                    connected_to_server: connectedToServer,\n                })\n            });\n            const result = await response.json();\n\n            const statusDiv = document.getElementById(\'libraryStatusMessage\');\n            if (result.success) {\n                statusDiv.innerHTML = `\n                    <div class="alert alert-success py-2">\n                        <i class="fas fa-check-circle me-2"></i>Settings saved successfully!\n                    </div>\n                `;\n                updateLibraryInfoPanel(result.global_template_library_path, null);\n            } else {\n                statusDiv.innerHTML = `\n                    <div class="alert alert-danger py-2">\n                        <i class="fas fa-exclamation-circle me-2"></i>${escapeHtml(result.error || \'Could not save settings.\')}\n                    </div>\n                `;\n            }\n\n            if (result.success) {\n                if (window.PrismFileSystemMode && typeof window.PrismFileSystemMode.setConnectedToServer === \'function\') {\n                    window.PrismFileSystemMode.setConnectedToServer(connectedToServer);\n                }\n\n                window.dispatchEvent(new CustomEvent(\'prism-library-settings-changed\', {\n                    detail: {\n                        global_library_path: document.getElementById(\'globalLibraryPath\').value,\n                        connected_to_server: connectedToServer,\n                    }\n                }));\n            }\n\n            setTimeout(() => {\n                if (result.success) {\n                    statusDiv.innerHTML = \'\';\n                }\n            }, 3000);\n\n        } catch (error) {\n            document.getElementById(\'libraryStatusMessage\').innerHTML = `\n                <div class="alert alert-danger py-2">\n                    <i class="fas fa-exclamation-circle me-2"></i>${escapeHtml(error.message || \'Could not save settings.\')}\n                </div>\n            `;\n        } finally {\n            setButtonLoading(btn, false, null, originalText);\n        }\n    });\n}\n\nexport async function useDefaultLibrary() {\n    document.getElementById(\'globalRecipesPath\').value = \'\';\n    try {\n        const response = await fetchWithApiFallback(\'/api/settings/global-library\');\n        const data = await response.json();\n        if (data.default_library_path) {\n            document.getElementById(\'globalLibraryPath\').value = data.default_library_path;\n            document.getElementById(\'libraryStatusMessage\').innerHTML = `\n                <div class="alert alert-info py-2">\n                    <i class="fas fa-info-circle me-2"></i>Default path set. Click "Save Settings" to apply.\n                </div>\n            `;\n        }\n    } catch (error) {\n        console.error(\'Error getting default path:\', error);\n    }\n}\n\nexport async function clearGlobalLibrary() {\n    if (!confirm(\'Clear the global template and recipe library paths?\')) {\n        return;\n    }\n    document.getElementById(\'globalRecipesPath\').value = \'\';\n\n    try {\n        const response = await fetchWithApiFallback(\'/api/settings/global-library\', {\n            method: \'POST\',\n            headers: { \'Content-Type\': \'application/json\' },\n            body: JSON.stringify({ global_template_library_path: \'\' })\n        });\n        const result = await response.json();\n\n        if (result.success) {\n            document.getElementById(\'globalLibraryPath\').value = \'\';\n            document.getElementById(\'libraryStatusMessage\').innerHTML = `\n                <div class="alert alert-info py-2">\n                    <i class="fas fa-info-circle me-2"></i>Global library path cleared.\n                </div>\n            `;\n            updateLibraryInfoPanel(null, null);\n\n            window.dispatchEvent(new CustomEvent(\'prism-library-settings-changed\', {\n                detail: { global_library_path: null }\n            }));\n\n            setTimeout(() => {\n                document.getElementById(\'libraryStatusMessage\').innerHTML = \'\';\n            }, 3000);\n        }\n    } catch (error) {\n        console.error(\'Error clearing library:\', error);\n    }\n}\n\nfunction hasUnsavedNewProjectDraft() {\n    const createForm = document.getElementById(\'createProjectForm\');\n    const metadataForm = document.getElementById(\'studyMetadataForm\');\n\n    const forms = [createForm, metadataForm].filter(Boolean);\n    if (!forms.length) return false;\n\n    for (const form of forms) {\n        const fields = form.querySelectorAll(\'input, textarea, select\');\n        for (const field of fields) {\n            if (field.type === \'hidden\') {\n                continue;\n            }\n\n            if (field.tagName === \'SELECT\') {\n                const options = Array.from(field.options || []);\n                if (options.some(option => option.selected !== option.defaultSelected)) {\n                    return true;\n                }\n                continue;\n            }\n\n            if (field.type === \'checkbox\' || field.type === \'radio\') {\n                if (field.checked !== field.defaultChecked) return true;\n                continue;\n            }\n\n            if ((field.value || \'\').trim() !== (field.defaultValue || \'\').trim()) {\n                return true;\n            }\n        }\n    }\n\n    const ethicsChoice = document.getElementById(\'metadataEthicsApproved\')?.value || \'\';\n    const fundingChoice = document.getElementById(\'metadataFundingDeclared\')?.value || \'\';\n    return Boolean(ethicsChoice || fundingChoice);\n}\n\nfunction confirmProjectContextChange(actionLabel = \'continue\', targetPath = \'\') {\n    const normalizedTargetPath = String(targetPath || \'\').trim();\n    const normalizedCurrentPath = String(currentProjectPath || \'\').trim();\n\n    if (normalizedTargetPath && normalizedCurrentPath && normalizedTargetPath === normalizedCurrentPath) {\n        return true;\n    }\n\n    if (isStudyMetadataBusy()) {\n        alert(\'Please wait until project metadata finishes loading or saving before switching projects.\');\n        return false;\n    }\n\n    if (normalizedCurrentPath && hasUnsavedStudyMetadataChanges()) {\n        return confirm(\n            \'⚠️ Unsaved project metadata changes detected.\\n\\n\' +\n            `If you ${actionLabel}, the current changes will be lost.\\n\\n` +\n            \'Do you want to continue?\'\n        );\n    }\n\n    const createSection = document.getElementById(\'section-create\');\n    const createAlreadyActive = createSection && createSection.classList.contains(\'active\');\n    if (!normalizedCurrentPath && createAlreadyActive && hasUnsavedNewProjectDraft()) {\n        return confirm(\n            \'⚠️ Unsaved New Project data detected.\\n\\n\' +\n            `If you ${actionLabel}, the current project and study metadata draft will be lost.\\n\\n` +\n            \'Do you want to continue?\'\n        );\n    }\n\n    return true;\n}\n\nfunction clearCurrentProjectForNewDraft() {\n    currentProjectPath = \'\';\n    currentProjectName = \'\';\n    updateProjectTypeSelectionVisibility();\n\n    if (window.updateNavbarProject) {\n        window.updateNavbarProject(\'\', \'\');\n    } else {\n        setGlobalProjectState(\'\', \'\');\n    }\n\n    // Keep backend session in sync to avoid accidental writes to a stale project.\n    fetchWithApiFallback(\'/api/projects/current\', {\n        method: \'POST\',\n        headers: { \'Content-Type\': \'application/json\' },\n        body: JSON.stringify({ path: \'\' })\n    }).catch(() => {\n        // UI state remains source of truth for this interaction.\n    });\n}\n\n// Project type selection\nexport function selectProjectType(type) {\n    // Warn if switching to "create" from an existing project without saving\n    if (type === \'create\' && currentProjectPath) {\n        const confirmSwitch = confirm(\n            \'⚠️ You are editing an existing project.\\n\\n\' +\n            \'If you switch to "New Project" without saving, any changes will be lost.\\n\\n\' +\n            \'Are you sure you want to continue?\'\n        );\n        if (!confirmSwitch) {\n            return; // User cancelled, don\'t switch\n        }\n\n        clearCurrentProjectForNewDraft();\n    }\n\n    // Warn if user is already in New Project mode and has unsaved draft input\n    const createSection = document.getElementById(\'section-create\');\n    const createAlreadyActive = createSection && createSection.classList.contains(\'active\');\n    if (type === \'create\' && !currentProjectPath && createAlreadyActive && hasUnsavedNewProjectDraft()) {\n        const confirmReset = confirm(\n            \'⚠️ Unsaved New Project data detected.\\n\\n\' +\n            \'Clicking "New Project" again will clear all currently entered project and study metadata fields.\\n\\n\' +\n            \'Do you want to discard these unsaved changes?\'\n        );\n        if (!confirmReset) {\n            return;\n        }\n    }\n    \n    document.querySelectorAll(\'.project-card\').forEach(card => {\n        card.classList.remove(\'active\');\n    });\n    document.getElementById(\'card-\' + type).classList.add(\'active\');\n\n    document.querySelectorAll(\'.form-section\').forEach(section => {\n        section.classList.remove(\'active\');\n    });\n    document.getElementById(\'section-\' + type).classList.add(\'active\');\n\n    const createBtnContainer = document.getElementById(\'saveStudyMetadataSection\');\n    if (createBtnContainer) {\n        createBtnContainer.style.display = (type === \'create\') ? \'\' : \'none\';\n    }\n\n    if (type === \'create\') {\n        clearCreateResult();\n        resetCreateTargetStatusChecks();\n        const projectNameInput = document.getElementById(\'projectName\');\n        if (projectNameInput) {\n            projectNameInput.value = \'\';\n            projectNameInput.classList.remove(\'is-invalid\');\n        }\n        const projectPathInput = document.getElementById(\'projectPath\');\n        if (projectPathInput) {\n            projectPathInput.value = \'\';\n            projectPathInput.classList.remove(\'is-invalid\');\n        }\n        const projectNameError = document.getElementById(\'projectNameError\');\n        if (projectNameError) projectNameError.textContent = \'\';\n        resetStudyMetadataForm();\n        \n        // Reset all badges to their original colors (REQUIRED=red, etc.)\n        if (window.resetAllBadges) {\n            window.resetAllBadges();\n        }\n    }\n\n    setCurrentProjectBannerVisibility(type);\n\n    if (type === \'open\') {\n        const openProjectSection = document.getElementById(\'openProjectSection\');\n        if (openProjectSection) {\n            if (window.bootstrap && typeof window.bootstrap.Collapse === \'function\') {\n                const collapse = window.bootstrap.Collapse.getOrCreateInstance(openProjectSection, { toggle: false });\n                collapse.show();\n            } else {\n                openProjectSection.classList.add(\'show\');\n            }\n        }\n\n        const existingPathInput = document.getElementById(\'existingPath\');\n        if (existingPathInput) {\n            existingPathInput.focus();\n            existingPathInput.select();\n        }\n    }\n\n    if (type === \'create\') {\n        const projectNameField = document.getElementById(\'projectName\');\n        if (projectNameField) {\n            projectNameField.focus();\n        }\n    }\n\n    showStudyMetadataCard();\n}\n\n// ── Init PRISM on existing BIDS dataset ─────────────────────────────────────\n\ninitProjectInitOnBidsController({\n    fetchWithApiFallback,\n    setButtonLoading,\n    escapeHtml,\n    confirmProjectContextChange,\n    applyCurrentProject,\n    addRecentProject,\n    showStudyMetadataCard,\n    showExportCard,\n    showMethodsCard,\n});\n\ninitProjectFileBrowser({ fetchWithApiFallback, prefersServerPicker });\n\n// Validate project name (no spaces, valid folder name)\nconst projectNameInput = document.getElementById(\'projectName\');\nif (projectNameInput) {\n    projectNameInput.addEventListener(\'input\', function(e) {\n        const value = e.target.value;\n        const isValid = /^[a-zA-Z0-9_-]*$/.test(value);\n        const errorDiv = document.getElementById(\'projectNameError\');\n\n        if (!isValid) {\n            e.target.classList.add(\'is-invalid\');\n            errorDiv.textContent = \'Only letters, numbers, underscores (_) and hyphens (-) allowed. No spaces!\';\n        } else {\n            e.target.classList.remove(\'is-invalid\');\n            errorDiv.textContent = \'\';\n        }\n\n        clearCreateResult();\n        scheduleCreateTargetStatusCheck();\n    });\n}\n\nconst projectPathInput = document.getElementById(\'projectPath\');\nif (projectPathInput) {\n    projectPathInput.addEventListener(\'input\', function() {\n        this.classList.remove(\'is-invalid\');\n        clearCreateResult();\n        scheduleCreateTargetStatusCheck();\n    });\n    projectPathInput.addEventListener(\'change\', function() {\n        this.classList.remove(\'is-invalid\');\n        clearCreateResult();\n        scheduleCreateTargetStatusCheck();\n    });\n}\n\ninitCreateProjectController({\n    fetchWithApiFallback,\n    setButtonLoading,\n    escapeHtml,\n    textToArray: _textToArray,\n    getProjectStateSnapshot,\n    setCreateResultHtml,\n    joinProjectTargetPath,\n    resetCreateTargetStatusChecks,\n    checkCreateTargetStatus,\n    validateAllMandatoryFields,\n    validateDatasetDescriptionDraftLive,\n    getCitationAuthorsList,\n    getEthicsApprovals,\n    getFundingList,\n    getRecMethodList,\n    getRecLocationList,\n    getYearMonthValue,\n    saveProjectSchemaConfig,\n    applyCurrentProject,\n    getCurrentProjectState: () => ({\n        path: currentProjectPath,\n        name: currentProjectName,\n        icon: currentProjectIcon,\n    }),\n    addRecentProject,\n    showStudyMetadataCard,\n    updateCreateProjectButton,\n    showExportCard,\n    showMethodsCard,\n});\n\nasync function runProjectValidation(path, triggerButton = null) {\n    const normalizedPath = String(path || \'\').trim();\n    if (!normalizedPath) {\n        showOpenProjectError(\'Please provide a project folder or a project.json path.\', \'Selection Error\');\n        return false;\n    }\n\n    const originalText = triggerButton ? setButtonLoading(triggerButton, true, \'Validating...\') : null;\n\n    try {\n        const response = await fetchWithApiFallback(\'/api/projects/validate\', {\n            method: \'POST\',\n            headers: { \'Content-Type\': \'application/json\' },\n            body: JSON.stringify({ path: normalizedPath })\n        });\n        const result = await response.json().catch(() => ({\n            success: false,\n            error: \'Server returned an invalid response while validating the project.\'\n        }));\n\n        if (!response.ok || !result.success) {\n            showOpenProjectError(result.error || `Validation request failed (${response.status})`);\n            return false;\n        }\n\n        const stats = result.stats;\n        const validationPath = String(result.current_project?.path || normalizedPath).trim() || normalizedPath;\n        const issues = Array.isArray(result.issues) ? result.issues : [];\n        const fixableIssues = Array.isArray(result.fixable_issues) ? result.fixable_issues : [];\n        const runnerWarnings = Array.isArray(result.runner_warnings) ? result.runner_warnings : [];\n        const issueGroups = groupValidationRecordsByCode(issues, {\n            fallbackCode: \'ISSUE\',\n            defaultMessage: \'Validation issue\',\n        });\n        const warningGroups = groupValidationRecordsByCode(runnerWarnings, {\n            fallbackCode: \'WARNING\',\n            defaultMessage: \'Validation warning\',\n        });\n\n        let statusClass = \'valid\';\n        let statusIcon = \'check-circle\';\n        let statusText = \'Valid PRISM Structure\';\n\n        if (issues.length > 0) {\n            const hasNonFixable = issues.some(i => !i.fixable);\n            if (hasNonFixable) {\n                statusClass = \'invalid\';\n                statusIcon = \'exclamation-circle\';\n                statusText = `${issues.length} Issue(s) Found`;\n            } else {\n                statusClass = \'warning\';\n                statusIcon = \'exclamation-triangle\';\n                statusText = `${issues.length} Fixable Issue(s) Found`;\n            }\n        } else if (runnerWarnings.length > 0) {\n            statusClass = \'warning\';\n            statusIcon = \'exclamation-triangle\';\n            const warningGroupLabel = warningGroups.length === 1 ? \'code group\' : \'code groups\';\n            statusText = `${runnerWarnings.length} Non-blocking Warning(s) in ${warningGroups.length} ${warningGroupLabel}`;\n        }\n\n        let html = `\n            <div class="validation-result ${statusClass}">\n                <div class="d-flex justify-content-between align-items-center mb-2">\n                    <h5 class="mb-0"><i class="fas fa-${statusIcon} me-2"></i>${statusText}</h5>\n                    ${stats.is_yoda ? \'<span class="badge bg-info"><i class="fas fa-microchip me-1"></i>YODA Layout</span>\' : \'\'}\n                </div>\n\n                <div class="alert alert-warning d-none py-2 mb-3" id="projectRequirementGapAlert" role="alert">\n                    <i class="fas fa-exclamation-triangle me-2"></i>\n                    <span id="projectRequirementGapText"></span>\n                </div>\n\n                ${getBeginnerHelpModeEnabled() ? `\n                <div class="mb-3">\n                    <h6 class="mb-1">Project Metadata</h6>\n                    <small class="text-muted d-block" id="projectBoxSaveHint">\n                        <i class="fas fa-info-circle me-1"></i>Save metadata updates to project.json, dataset_description.json, CITATION.cff, and README.md.\n                    </small>\n                </div>` : \'\'}\n\n                <div class="stats-grid">\n                    <div class="stat-item">\n                        <div class="stat-value">${stats.subjects}</div>\n                        <div class="stat-label">Subjects</div>\n                    </div>\n                    <div class="stat-item">\n                        <div class="stat-value">${stats.sessions.length || 0}</div>\n                        <div class="stat-label">Sessions</div>\n                    </div>\n                    <div class="stat-item">\n                        <div class="stat-value">${stats.modalities.length}</div>\n                        <div class="stat-label">Modalities</div>\n                    </div>\n                    <div class="stat-item">\n                        <div class="stat-value">${stats.has_dataset_description ? \'✓\' : \'✗\'}</div>\n                        <div class="stat-label">dataset_description</div>\n                    </div>\n                    <div class="stat-item">\n                        <div class="stat-value ${stats.has_participants_tsv ? \'text-success\' : \'text-danger\'}">${stats.has_participants_tsv ? \'✓\' : \'✗\'}</div>\n                        <div class="stat-label">participants.tsv</div>\n                    </div>\n                    <div class="stat-item" id="projectMetadataStatItem">\n                        <div class="stat-value" id="projectMetadataStatValue">✓</div>\n                        <div class="stat-label">metadata</div>\n                    </div>\n                </div>\n        `;\n\n        if (issueGroups.length > 0) {\n            html += `\n                <hr>\n                <div class="d-flex justify-content-between align-items-center mb-3">\n                    <h6 class="mb-0">Issues</h6>\n                    ${fixableIssues.length > 0 ? `\n                        <button class="btn btn-warning btn-sm" data-action="fix-all" data-path="${escapeHtml(validationPath)}">\n                            <i class="fas fa-wrench me-1"></i>Fix All (${fixableIssues.length})\n                        </button>\n                    ` : \'\'}\n                </div>\n                <div id="issuesList">\n            `;\n\n            issueGroups.forEach((issueGroup, index) => {\n                const collapseId = `project-issue-group-${index}`;\n                const previewMessage = issueGroup.messages[0] ? issueGroup.messages[0].message : \'Validation issue\';\n                const groupAction = getProjectValidationAction(issueGroup.code);\n\n                html += `\n                    <div class="issue-item ${issueGroup.hasFixable ? \'fixable\' : \'not-fixable\'} project-validation-group">\n                        <div class="d-flex align-items-center gap-2">\n                            <button type="button"\n                                class="project-group-toggle flex-grow-1"\n                                data-bs-toggle="collapse"\n                                data-bs-target="#${collapseId}"\n                                aria-expanded="false"\n                                aria-controls="${collapseId}">\n                                <div class="project-group-summary d-flex flex-column">\n                                    <span class="fw-bold">${escapeHtml(issueGroup.code)} (${issueGroup.count})</span>\n                                    <span class="small text-muted project-group-preview">${escapeHtml(previewMessage)}</span>\n                                </div>\n                                <i class="fas fa-chevron-down small text-muted project-group-chevron"></i>\n                            </button>\n                            ${issueGroup.hasFixable ? `\n                                <button class="btn btn-sm btn-outline-warning flex-shrink-0" data-action="fix-issue" data-path="${escapeHtml(validationPath)}" data-code="${escapeHtml(issueGroup.code)}" aria-label="Apply fix for ${escapeHtml(issueGroup.code)}">\n                                    <i class="fas fa-wrench"></i>\n                                </button>\n                            ` : groupAction ? `\n                                <a href="${escapeHtml(groupAction.href)}" class="btn btn-sm btn-outline-success flex-shrink-0" aria-label="${escapeHtml(groupAction.label)} for ${escapeHtml(issueGroup.code)}">\n                                    <i class="${escapeHtml(groupAction.iconClass)} me-1"></i>${escapeHtml(groupAction.label)}\n                                </a>\n                            ` : `\n                                <span class="badge bg-secondary flex-shrink-0">Manual fix required</span>\n                            `}\n                        </div>\n                        <div class="collapse" id="${collapseId}">\n                            <div class="project-group-body">\n                                ${renderGroupedValidationHint(issueGroup.fixHints)}\n                                ${renderGroupedValidationMessages(issueGroup.messages)}\n                            </div>\n                        </div>\n                    </div>\n                `;\n            });\n\n            html += \'</div>\';\n        }\n\n        if (warningGroups.length > 0) {\n            html += `\n                <hr>\n                <div class="d-flex justify-content-between align-items-center mb-3">\n                    <h6 class="mb-0">Validator Warnings (${warningGroups.length} code${warningGroups.length === 1 ? \'\' : \'s\'})</h6>\n                    <span class="badge bg-warning text-dark">Non-blocking</span>\n                </div>\n                <div id="projectWarningsList">\n            `;\n\n            warningGroups.forEach((warningGroup, index) => {\n                const collapseId = `project-warning-group-${index}`;\n                const previewMessage = warningGroup.messages[0] ? warningGroup.messages[0].message : \'Validation warning\';\n\n                html += `\n                    <div class="issue-item not-fixable project-warning-group project-validation-group">\n                        <button type="button"\n                            class="project-group-toggle"\n                            data-bs-toggle="collapse"\n                            data-bs-target="#${collapseId}"\n                            aria-expanded="false"\n                            aria-controls="${collapseId}">\n                            <div class="project-group-summary d-flex flex-column">\n                                <span class="fw-bold">${escapeHtml(warningGroup.code)} (${warningGroup.count})</span>\n                                <span class="small text-muted project-group-preview">${escapeHtml(previewMessage)}</span>\n                            </div>\n                            <div class="project-group-meta d-flex align-items-center gap-2">\n                                <span class="badge bg-warning text-dark">Non-blocking</span>\n                                <i class="fas fa-chevron-down small text-muted project-group-chevron"></i>\n                            </div>\n                        </button>\n                        <div class="collapse" id="${collapseId}">\n                            <div class="project-group-body">\n                                ${renderGroupedValidationHint(warningGroup.fixHints)}\n                                ${renderGroupedValidationMessages(warningGroup.messages)}\n                            </div>\n                        </div>\n                    </div>\n                `;\n            });\n\n            html += \'</div>\';\n        }\n\n        html += `\n            <hr>\n            <div class="d-flex justify-content-between align-items-center mt-3">\n                <div>\n                    <h6 class="text-muted mb-2">Next Steps:</h6>\n                    <div class="btn-group" role="group">\n                        <a href="/template-editor" class="btn btn-sm btn-outline-success">\n                            <i class="fas fa-file-import me-1"></i>Import Templates\n                        </a>\n                        <a href="/survey-generator" class="btn btn-sm btn-outline-info">\n                            <i class="fas fa-poll-h me-1"></i>Survey Export\n                        </a>\n                        <a href="/validate" class="btn btn-sm btn-outline-primary">\n                            <i class="fas fa-check-circle me-1"></i>Validate Dataset\n                        </a>\n                    </div>\n                </div>\n                <div class="d-flex flex-column align-items-end">\n                    <div class="d-flex gap-2 flex-wrap justify-content-end">\n                        <button type="button" class="btn btn-outline-warning" id="projectBoxPreliminarySaveBtn">\n                            <i class="fas fa-save me-2"></i>Save Preliminary Project State\n                        </button>\n                        <button type="button" class="btn btn-info" id="projectBoxSaveBtn">\n                            <i class="fas fa-save me-2"></i>Save Changes to Project\n                        </button>\n                    </div>\n                    <small class="text-muted mt-1" id="projectBoxSaveStatus" aria-live="polite"></small>\n                </div>\n            </div>\n        `;\n\n        html += \'</div>\';\n        setProjectValidationResult(html);\n\n        applyCurrentProject(result.current_project);\n        addRecentProject(currentProjectName, validationPath, currentProjectIcon);\n        showStudyMetadataCard();\n        bindProjectBoxActionButtons();\n        updateCreateProjectButton();\n        showExportCard();\n        showMethodsCard();\n\n        return true;\n    } catch (error) {\n        showOpenProjectError(error.message || \'Validation failed unexpectedly.\');\n        return false;\n    } finally {\n        if (triggerButton) {\n            setButtonLoading(triggerButton, false, null, originalText);\n        }\n        updateQuickValidateButtonState();\n    }\n}\n\nconst openProjectController = initOpenProjectController({\n    fetchWithApiFallback,\n    setButtonLoading,\n    escapeHtml,\n    confirmProjectContextChange,\n    getBeginnerHelpModeEnabled,\n    resolveProjectIconClass,\n    getCurrentProjectState: () => ({\n        path: currentProjectPath,\n        name: currentProjectName,\n        icon: currentProjectIcon,\n    }),\n    applyCurrentProject,\n    addRecentProject,\n    showStudyMetadataCard,\n    updateCreateProjectButton,\n    showExportCard,\n    showMethodsCard,\n    bindProjectBoxActionButtons,\n});\n\nconst getOpenProjectActionPath = openProjectController.getOpenProjectActionPath;\nconst updateQuickValidateButtonState = openProjectController.updateQuickValidateButtonState;\nconst loadProjectWithoutValidation = openProjectController.loadProjectWithoutValidation;\nconst runProjectValidation = openProjectController.runProjectValidation;\n\nexport async function fixIssue(path, code) {\n    try {\n        const response = await fetchWithApiFallback(\'/api/projects/fix\', {\n            method: \'POST\',\n            headers: { \'Content-Type\': \'application/json\' },\n            body: JSON.stringify({ path: path, fix_codes: [code] })\n        });\n        const result = await response.json();\n\n        if (result.success) {\n            await runProjectValidation(path);\n        } else {\n            alert(\'Error applying fix: \' + result.error);\n        }\n    } catch (error) {\n        alert(\'Error: \' + error.message);\n    }\n}\n\nexport async function fixAllIssues(path) {\n    try {\n        const response = await fetchWithApiFallback(\'/api/projects/fix\', {\n            method: \'POST\',\n            headers: { \'Content-Type\': \'application/json\' },\n            body: JSON.stringify({ path: path })\n        });\n        const result = await response.json();\n\n        if (result.success) {\n            await runProjectValidation(path);\n        } else {\n            alert(\'Error applying fixes: \' + result.error);\n        }\n    } catch (error) {\n        alert(\'Error: \' + error.message);\n    }\n}\n\nexport async function clearCurrentProject() {\n    try {\n        await fetchWithApiFallback(\'/api/projects/current\', {\n            method: \'POST\',\n            headers: { \'Content-Type\': \'application/json\' },\n            body: JSON.stringify({ path: null })\n        });\n        window.location.reload();\n    } catch (error) {\n        console.error(\'Error clearing project:\', error);\n    }\n}\n\n// ===== INITIALIZATION =====\n\nexport function initProjectsPage() {\n    if (projectsPageInitialized) {\n        updateQuickValidateButtonState();\n        return;\n    }\n    projectsPageInitialized = true;\n\n    const isWindows = navigator.platform.toUpperCase().indexOf(\'WIN\') > -1;\n    const isMac = navigator.platform.toUpperCase().indexOf(\'MAC\') > -1;\n    const existingPathInput = document.getElementById(\'existingPath\');\n    const projectPathInput = document.getElementById(\'projectPath\');\n    const pathHelpTooltip = document.getElementById(\'pathHelpTooltip\');\n\n    if (existingPathInput) {\n        if (isWindows) {\n            existingPathInput.placeholder = "C:\\\\Users\\\\YourName\\\\MyProject\\\\project.json";\n        } else if (isMac) {\n            existingPathInput.placeholder = "/Users/YourName/MyProject/project.json";\n        } else {\n            existingPathInput.placeholder = "/home/username/MyProject/project.json";\n        }\n    }\n\n    if (projectPathInput) {\n        if (isWindows) {\n            projectPathInput.placeholder = "C:\\\\Users\\\\YourName\\\\Documents";\n        } else if (isMac) {\n            projectPathInput.placeholder = "/Users/YourName/Documents";\n        } else {\n            projectPathInput.placeholder = "/home/username/Documents";\n        }\n    }\n\n    if (pathHelpTooltip) {\n        const osExample = isWindows ? "C:\\\\Users\\\\YourName\\\\Documents\\\\MyProject\\\\project.json" :\n            isMac ? "/Users/YourName/Documents/MyProject/project.json" :\n            "/home/username/Documents/MyProject/project.json";\n        const tooltipTitle = `Type the full path to your project folder or <code>project.json</code> file (e.g., <code>${osExample}</code>), or click Browse to select it.`;\n\n        pathHelpTooltip.setAttribute(\'title\', tooltipTitle);\n        pathHelpTooltip.setAttribute(\'data-bs-original-title\', tooltipTitle);\n\n        if (window.bootstrap && typeof window.bootstrap.Tooltip === \'function\') {\n            window.bootstrap.Tooltip.getOrCreateInstance(pathHelpTooltip);\n        }\n    }\n\n    initProjectFieldHints();\n    initBeginnerHelpMode();\n    initBackendMonitoringToggle();\n    initDedicatedTerminalToggle();\n\n    loadGlobalSettings();\n    loadLibraryInfo();\n    showStudyMetadataCard();\n    showExportCard();\n    showMethodsCard();\n    renderRecentProjects();\n    loadRecentProjectsFromServer();\n    ensureOpenSectionVisibleForLoadedProject();\n\n    if (currentProjectPath) {\n        addRecentProject(currentProjectName, currentProjectPath, currentProjectIcon);\n    }\n\n    const sections = [\n        { element: \'openProjectSection\', chevron: \'openProjectChevron\' },\n        { element: \'studyMetadataSection\', chevron: \'studyMetadataChevron\' },\n        { element: \'methodsSectionBody\', chevron: \'methodsSectionChevron\' },\n        { element: \'exportSection\', chevron: \'exportChevron\' },\n        { element: \'settingsSection\', chevron: \'settingsChevron\' }\n    ];\n\n    sections.forEach(section => {\n        const el = document.getElementById(section.element);\n        const chevron = document.getElementById(section.chevron);\n        if (el && chevron) {\n            el.addEventListener(\'shown.bs.collapse\', function() {\n                chevron.classList.replace(\'fa-chevron-down\', \'fa-chevron-up\');\n            });\n            el.addEventListener(\'hidden.bs.collapse\', function() {\n                chevron.classList.replace(\'fa-chevron-up\', \'fa-chevron-down\');\n            });\n        }\n    });\n\n    document.querySelectorAll(\'.card-header[data-bs-toggle="collapse"][role="button"]\').forEach((header) => {\n        if (!header.hasAttribute(\'tabindex\')) {\n            header.setAttribute(\'tabindex\', \'0\');\n        }\n        header.addEventListener(\'keydown\', (event) => {\n            if (event.key === \'Enter\' || event.key === \' \') {\n                event.preventDefault();\n                header.click();\n            }\n        });\n    });\n\n    const validationResultDiv = document.getElementById(\'validationResult\');\n    if (validationResultDiv) {\n        validationResultDiv.addEventListener(\'click\', (event) => {\n            const fixAllBtn = event.target.closest(\'[data-action="fix-all"]\');\n            if (fixAllBtn) { fixAllIssues(fixAllBtn.dataset.path); return; }\n            const fixOneBtn = event.target.closest(\'[data-action="fix-issue"]\');\n            if (fixOneBtn) { fixIssue(fixOneBtn.dataset.path, fixOneBtn.dataset.code); return; }\n            const validateProjectBtn = event.target.closest(\'[data-action="validate-project"]\');\n            if (validateProjectBtn) {\n                runProjectValidation(validateProjectBtn.dataset.path || getOpenProjectActionPath());\n            }\n        });\n    }\n\n    const recentList = document.getElementById(\'recentProjectsList\');\n    if (recentList) {\n        recentList.addEventListener(\'click\', (event) => {\n            const btn = event.target.closest(\'.recent-project-btn\');\n            if (!btn) return;\n            const path = btn.getAttribute(\'data-path\');\n            if (path) {\n                submitOpenProjectPath(path);\n            }\n        });\n    }\n\n    const createResultDiv = document.getElementById(\'createResult\');\n    if (createResultDiv) {\n        createResultDiv.addEventListener(\'click\', (event) => {\n            const openExistingBtn = event.target.closest(\'[data-action="open-existing-project"]\');\n            if (!openExistingBtn) return;\n            const path = openExistingBtn.getAttribute(\'data-path\');\n            if (!path) return;\n            submitOpenProjectPath(path);\n        });\n    }\n\n    const clearRecentBtn = document.getElementById(\'clearRecentProjectsBtn\');\n    if (clearRecentBtn) {\n        clearRecentBtn.addEventListener(\'click\', () => {\n            if (!confirm(\'Clear recent projects list?\')) return;\n            clearRecentProjects();\n        });\n    }\n\n    const createSection = document.getElementById(\'section-create\');\n    const openSection = document.getElementById(\'section-open\');\n    if (createSection?.classList.contains(\'active\')) {\n        setCurrentProjectBannerVisibility(\'create\');\n    } else if (openSection?.classList.contains(\'active\')) {\n        setCurrentProjectBannerVisibility(\'open\');\n    }\n\n    const cardCreate = document.getElementById(\'card-create\');\n    if (cardCreate) {\n        cardCreate.addEventListener(\'click\', () => selectProjectType(\'create\'));\n        cardCreate.addEventListener(\'keydown\', (event) => {\n            if (event.key === \'Enter\' || event.key === \' \') {\n                event.preventDefault();\n                selectProjectType(\'create\');\n            }\n        });\n    }\n\n    const cardOpen = document.getElementById(\'card-open\');\n    if (cardOpen) {\n        cardOpen.addEventListener(\'click\', () => selectProjectType(\'open\'));\n        cardOpen.addEventListener(\'keydown\', (event) => {\n            if (event.key === \'Enter\' || event.key === \' \') {\n                event.preventDefault();\n                selectProjectType(\'open\');\n            }\n        });\n    }\n\n    const cardInitBids = document.getElementById(\'card-init-bids\');\n    if (cardInitBids) {\n        cardInitBids.addEventListener(\'click\', () => selectProjectType(\'init-bids\'));\n        cardInitBids.addEventListener(\'keydown\', (event) => {\n            if (event.key === \'Enter\' || event.key === \' \') {\n                event.preventDefault();\n                selectProjectType(\'init-bids\');\n            }\n        });\n    }\n\n    const clearCurrentProjectBtn = document.getElementById(\'clearCurrentProjectBtn\');\n    if (clearCurrentProjectBtn) {\n        clearCurrentProjectBtn.addEventListener(\'click\', () => {\n            clearCurrentProject();\n        });\n    }\n\n    const useDefaultLibraryBtn = document.getElementById(\'useDefaultLibraryBtn\');\n    if (useDefaultLibraryBtn) {\n        useDefaultLibraryBtn.addEventListener(\'click\', () => {\n            useDefaultLibrary();\n        });\n    }\n\n    const clearGlobalLibraryBtn = document.getElementById(\'clearGlobalLibraryBtn\');\n    if (clearGlobalLibraryBtn) {\n        clearGlobalLibraryBtn.addEventListener(\'click\', () => {\n            clearGlobalLibrary();\n        });\n    }\n}\n\n// Expose for inline handlers and legacy code\nwindow.selectProjectType = selectProjectType;\nwindow.fixIssue = fixIssue;\nwindow.fixAllIssues = fixAllIssues;\nwindow.clearCurrentProject = clearCurrentProject;\nwindow.useDefaultLibrary = useDefaultLibrary;\nwindow.clearGlobalLibrary = clearGlobalLibrary;\n\nexport { currentProjectPath, currentProjectName };\n'

tests/test_projects_workflow_wiring.py:603: AssertionError
_ TestProjectsWorkflowWiring.test_project_switch_actions_guard_busy_and_unsaved_metadata _

self = <test_projects_workflow_wiring.TestProjectsWorkflowWiring testMethod=test_project_switch_actions_guard_busy_and_unsaved_metadata>

    def test_project_switch_actions_guard_busy_and_unsaved_metadata(self):
        content = PROJECTS_CORE_MODULE.read_text(encoding="utf-8")
    
        self.assertIn("hasUnsavedStudyMetadataChanges,", content)
        self.assertIn("isStudyMetadataBusy,", content)
        self.assertIn(
            "function confirmProjectContextChange(actionLabel = 'continue', targetPath = '') {",
            content,
        )
        self.assertIn("if (isStudyMetadataBusy()) {", content)
        self.assertIn(
            "if (normalizedCurrentPath && hasUnsavedStudyMetadataChanges()) {",
            content,
        )
        self.assertIn(
            "await loadProjectWithoutValidation(path, null, { skipContextGuard: true });",
            content,
        )
>       self.assertIn(
            "if (!skipContextGuard && !confirmProjectContextChange('load another project', normalizedPath)) {",
            content,
        )
E       AssertionError: "if (!skipContextGuard && !confirmProjectContextChange('load another project', normalizedPath)) {" not found in '/**\n * Projects Module - Core\n * Main project management logic: create, open, load, validate projects\n */\n\nimport { setButtonLoading, textToArray as _textToArray } from \'./helpers.js\';\nimport { initCreateProjectController } from \'./create-project.js\';\nimport { initProjectInitOnBidsController } from \'./init-on-bids.js\';\nimport { initOpenProjectController } from \'./open-project.js\';\nimport { initProjectPathPickers } from \'./path-pickers.js\';\nimport { validateProjectField } from \'./validation.js\';\nimport { initProjectFileBrowser } from \'./file-browser.js\';\nimport {\n    hasUnsavedStudyMetadataChanges,\n    isStudyMetadataBusy,\n    validateAllMandatoryFields,\n    validateDatasetDescriptionDraftLive,\n    getCitationAuthorsList,\n    getEthicsApprovals,\n    getFundingList,\n    getRecMethodList,\n    getRecLocationList,\n    getYearMonthValue,\n    resetStudyMetadataForm,\n    saveProjectSchemaConfig,\n    showStudyMetadataCard,\n    showMethodsCard,\n    updateCreateProjectButton\n} from \'./metadata.js\';\nimport { showExportCard } from \'./export.js\';\nimport {\n    getProjectStateSnapshot,\n    setProjectStateSnapshot,\n} from \'../../shared/project-state.js\';\nimport { fetchWithApiFallback } from \'../../shared/api.js\';\nimport { escapeHtml } from \'../../shared/dom.js\';\nimport { prefersServerPicker } from \'../../shared/path-picker.js\';\n\n// Global state\nlet currentProjectPath = \'\';\nlet currentProjectName = \'\';\nlet currentProjectIcon = \'\';\nlet projectsPageInitialized = false;\nconst recentProjectsKey = \'prism_recent_projects\';\nconst beginnerHelpModeKey = \'prism_beginner_help_mode\';\nconst recentProjectStatusCache = new Map();\nlet createTargetStatusRequestToken = 0;\nlet createTargetStatusDebounceTimer = null;\n\nconst allowedProjectIcons = [\n    \'🧪\',\n    \'🔬\',\n    \'🧬\',\n    \'🧠\',\n    \'⚗️\',\n    \'🩺\',\n    \'📊\',\n    \'🧫\',\n    \'🔭\',\n    \'🧲\',\n];\n\nfunction normalizeProjectIconClass(iconClass) {\n    const icon = String(iconClass || \'\').trim();\n    if (!icon) return \'\';\n    return allowedProjectIcons.includes(icon) ? icon : \'\';\n}\n\nfunction resolveProjectIconClass(iconClass) {\n    return normalizeProjectIconClass(iconClass) || \'🧪\';\n}\n\nfunction setCreateResultHtml(html, scope = \'server\') {\n    const resultDiv = document.getElementById(\'createResult\');\n    if (!resultDiv) return;\n\n    resultDiv.dataset.scope = scope;\n    resultDiv.style.display = \'block\';\n    resultDiv.innerHTML = html;\n}\n\nfunction clearCreateResult(scope = null) {\n    const resultDiv = document.getElementById(\'createResult\');\n    if (!resultDiv) return;\n    if (scope && resultDiv.dataset.scope !== scope) return;\n\n    resultDiv.style.display = \'none\';\n    resultDiv.innerHTML = \'\';\n    delete resultDiv.dataset.scope;\n}\n\nfunction joinProjectTargetPath(projectPath, projectName) {\n    const parentPath = String(projectPath || \'\').trim();\n    const name = String(projectName || \'\').trim();\n    if (!parentPath || !name) return \'\';\n\n    if (parentPath.endsWith(\'/\') || parentPath.endsWith(\'\\\\\')) {\n        return parentPath + name;\n    }\n\n    const separator = parentPath.includes(\'/\') ? \'/\' : \'\\\\\';\n    return parentPath + separator + name;\n}\n\nfunction resetCreateTargetStatusChecks() {\n    if (createTargetStatusDebounceTimer) {\n        window.clearTimeout(createTargetStatusDebounceTimer);\n        createTargetStatusDebounceTimer = null;\n    }\n    createTargetStatusRequestToken += 1;\n}\n\nfunction setGlobalProjectState(path, name, icon = \'\') {\n    setProjectStateSnapshot(path, name, icon);\n}\n\nfunction shouldHideProjectTypeSelectionWhenLoaded() {\n    if (!projectsRoot) {\n        return false;\n    }\n\n    return String(projectsRoot.dataset.hideProjectOptionsOnLoaded || \'\').trim().toLowerCase() === \'true\';\n}\n\nfunction updateProjectTypeSelectionVisibility() {\n    const projectTypeSelectionRow = document.getElementById(\'projectTypeSelectionRow\');\n    const openProjectFlowStrip = document.getElementById(\'openProjectFlowStrip\');\n    if (!projectTypeSelectionRow) {\n        if (!openProjectFlowStrip) {\n            return;\n        }\n    }\n\n    const shouldHide = shouldHideProjectTypeSelectionWhenLoaded() && Boolean(String(currentProjectPath || \'\').trim());\n    projectTypeSelectionRow?.classList.toggle(\'d-none\', shouldHide);\n    openProjectFlowStrip?.classList.toggle(\'d-none\', shouldHide);\n}\n\nfunction applyCurrentProject(project) {\n    currentProjectPath = (project && project.path) ? String(project.path).trim() : \'\';\n    currentProjectName = (project && project.name) ? String(project.name).trim() : \'\';\n    const incomingIcon = normalizeProjectIconClass(project && project.icon);\n    currentProjectIcon = currentProjectPath\n        ? resolveProjectIconClass(incomingIcon || currentProjectIcon)\n        : \'\';\n\n    const existingPathInput = document.getElementById(\'existingPath\');\n    if (existingPathInput && currentProjectPath) {\n        existingPathInput.value = currentProjectPath;\n    }\n\n    updateProjectTypeSelectionVisibility();\n    updateQuickValidateButtonState();\n\n    if (window.updateNavbarProject) {\n        window.updateNavbarProject(currentProjectName, currentProjectPath, currentProjectIcon);\n        return;\n    }\n\n    setGlobalProjectState(currentProjectPath, currentProjectName, currentProjectIcon);\n}\n\nfunction requestStudyMetadataSaveFromProjectBox(submitIntent = \'standard\') {\n    const studyMetadataForm = document.getElementById(\'studyMetadataForm\');\n    if (!studyMetadataForm) return;\n\n    const primarySubmitButton = document.getElementById(\'createProjectSubmitBtn\');\n    studyMetadataForm.dataset.submitIntent = submitIntent;\n    const active = document.activeElement;\n    if (active instanceof HTMLElement && studyMetadataForm.contains(active) && typeof active.blur === \'function\') {\n        active.blur();\n    }\n\n    window.requestAnimationFrame(() => {\n        if (typeof studyMetadataForm.requestSubmit === \'function\' && primarySubmitButton) {\n            studyMetadataForm.requestSubmit(primarySubmitButton);\n            return;\n        }\n        studyMetadataForm.dispatchEvent(new Event(\'submit\', { bubbles: true, cancelable: true }));\n    });\n}\n\nfunction bindProjectBoxActionButtons() {\n    const actionButtons = [\n        document.getElementById(\'projectBoxSaveBtn\'),\n        document.getElementById(\'projectBoxPreliminarySaveBtn\')\n    ].filter(Boolean);\n\n    if (!actionButtons.length) {\n        return;\n    }\n\n    actionButtons.forEach(button => {\n        if (button.dataset.bound === \'1\') {\n            return;\n        }\n        button.dataset.bound = \'1\';\n\n        // Mirror the primary save button behavior so first pointer interaction\n        // cannot be consumed by blur/change processing before submit is issued.\n        button.addEventListener(\'pointerdown\', (event) => {\n            if (event.button !== 0) {\n                return;\n            }\n            event.preventDefault();\n            button.dataset.pointerTriggeredSubmit = \'1\';\n            requestStudyMetadataSaveFromProjectBox(\n                button.id === \'projectBoxPreliminarySaveBtn\' ? \'preliminary\' : \'standard\'\n            );\n        });\n\n        button.addEventListener(\'click\', (event) => {\n            event.preventDefault();\n\n            if (button.dataset.pointerTriggeredSubmit === \'1\') {\n                button.dataset.pointerTriggeredSubmit = \'0\';\n                return;\n            }\n\n            requestStudyMetadataSaveFromProjectBox(\n                button.id === \'projectBoxPreliminarySaveBtn\' ? \'preliminary\' : \'standard\'\n            );\n        });\n    });\n}\n\nfunction syncRecentProjectsToServer(list) {\n    fetchWithApiFallback(\'/api/projects/recent\', {\n        method: \'POST\',\n        headers: { \'Content-Type\': \'application/json\' },\n        body: JSON.stringify({ projects: list })\n    }).catch(() => {\n        // localStorage remains fallback source\n    });\n}\n\nfunction loadRecentProjectsFromServer() {\n    fetchWithApiFallback(\'/api/projects/recent\')\n        .then(response => response.json())\n        .then(data => {\n            if (!data || !data.success || !Array.isArray(data.projects)) return;\n            localStorage.setItem(recentProjectsKey, JSON.stringify(data.projects.slice(0, 5)));\n            renderRecentProjects();\n        })\n        .catch(() => {\n            // keep local fallback\n        });\n}\n\nconst projectsRoot = document.getElementById(\'projectsRoot\');\nconst globalProjectState = getProjectStateSnapshot();\nconst globalProjectPath = globalProjectState.path;\nconst globalProjectName = globalProjectState.name;\nconst globalProjectIcon = normalizeProjectIconClass(globalProjectState.icon);\n\nif (projectsRoot) {\n    currentProjectPath = projectsRoot.dataset.currentProjectPath || globalProjectPath || \'\';\n    currentProjectName = projectsRoot.dataset.currentProjectName || globalProjectName || \'\';\n    currentProjectIcon = currentProjectPath\n        ? resolveProjectIconClass(projectsRoot.dataset.currentProjectIcon || globalProjectIcon)\n        : \'\';\n} else {\n    currentProjectPath = globalProjectPath;\n    currentProjectName = globalProjectName;\n    currentProjectIcon = currentProjectPath ? resolveProjectIconClass(globalProjectIcon) : \'\';\n}\n\nsetGlobalProjectState(currentProjectPath, currentProjectName, currentProjectIcon);\nupdateProjectTypeSelectionVisibility();\n\nwindow.addEventListener(\'prism-project-changed\', function(event) {\n    const eventState = event && event.detail ? event.detail : null;\n    const fallbackState = getProjectStateSnapshot();\n    const nextPath = eventState && typeof eventState.path === \'string\' ? eventState.path.trim() : fallbackState.path;\n    const nextName = eventState && typeof eventState.name === \'string\' ? eventState.name.trim() : fallbackState.name;\n    const nextIcon = eventState && typeof eventState.icon === \'string\'\n        ? eventState.icon.trim()\n        : String(fallbackState.icon || \'\').trim();\n\n    currentProjectPath = nextPath;\n    currentProjectName = nextName;\n    currentProjectIcon = nextPath ? resolveProjectIconClass(nextIcon || currentProjectIcon) : \'\';\n    updateProjectTypeSelectionVisibility();\n    updateQuickValidateButtonState();\n});\n\nfunction normalizeRecentProjectEntry(entry) {\n    if (!entry || typeof entry !== \'object\') return null;\n\n    const path = String(entry.path || \'\').trim();\n    if (!path) return null;\n\n    const name = String(entry.name || \'\').trim() || path.split(/[\\\\/]/).pop() || path;\n    const icon = resolveProjectIconClass(entry.icon);\n\n    return { path, name, icon };\n}\n\nexport function getRecentProjects() {\n    try {\n        const raw = localStorage.getItem(recentProjectsKey);\n        if (!raw) return [];\n        const parsed = JSON.parse(raw);\n        if (!Array.isArray(parsed)) return [];\n        return parsed\n            .map(normalizeRecentProjectEntry)\n            .filter(Boolean);\n    } catch (err) {\n        console.warn(\'Could not read recent projects\', err);\n        return [];\n    }\n}\n\nexport function saveRecentProjects(list) {\n    const limited = (Array.isArray(list) ? list : [])\n        .map(normalizeRecentProjectEntry)\n        .filter(Boolean)\n        .slice(0, 5);\n    try {\n        localStorage.setItem(recentProjectsKey, JSON.stringify(limited));\n    } catch (err) {\n        console.warn(\'Could not save recent projects\', err);\n    }\n    syncRecentProjectsToServer(limited);\n}\n\nexport function addRecentProject(name, path, icon = \'\') {\n    if (!path) return;\n    const safeName = name && name.trim() ? name.trim() : path.split(/[\\\\/]/).pop();\n    const safeIcon = resolveProjectIconClass(icon || currentProjectIcon);\n    const list = getRecentProjects().filter(p => p.path !== path);\n    list.unshift({ name: safeName, path: path, icon: safeIcon });\n    recentProjectStatusCache.delete(path);\n    saveRecentProjects(list);\n    renderRecentProjects();\n}\n\nfunction normalizeValidationRecord(record, fallbackCode, defaultMessage) {\n    if (!record || typeof record !== \'object\' || Array.isArray(record)) {\n        const message = String(record || \'\').trim();\n        return {\n            code: fallbackCode,\n            message: message || defaultMessage,\n            filePath: \'\',\n            fixHint: \'\',\n            fixable: false,\n        };\n    }\n\n    const code = String(record.code || \'\').trim() || fallbackCode;\n    const message = String(record.message || \'\').trim() || defaultMessage;\n    const filePath = String(record.file_path || record.file || \'\').trim();\n    const fixHint = String(record.fix_hint || \'\').trim();\n\n    return {\n        code,\n        message,\n        filePath,\n        fixHint,\n        fixable: Boolean(record.fixable),\n    };\n}\n\nfunction groupValidationRecordsByCode(records, {\n    fallbackCode = \'WARNING\',\n    defaultMessage = \'Validation issue\',\n} = {}) {\n    const groupsByCode = new Map();\n\n    (Array.isArray(records) ? records : []).forEach((record) => {\n        const normalized = normalizeValidationRecord(record, fallbackCode, defaultMessage);\n        const code = normalized.code;\n\n        if (!groupsByCode.has(code)) {\n            groupsByCode.set(code, {\n                code,\n                count: 0,\n                hasFixable: false,\n                fixHints: [],\n                messagesByText: new Map(),\n            });\n        }\n\n        const group = groupsByCode.get(code);\n        group.count += 1;\n        group.hasFixable = group.hasFixable || normalized.fixable;\n\n        if (normalized.fixHint && !group.fixHints.includes(normalized.fixHint)) {\n            group.fixHints.push(normalized.fixHint);\n        }\n\n        const messageKey = normalized.message;\n        if (!group.messagesByText.has(messageKey)) {\n            group.messagesByText.set(messageKey, {\n                message: normalized.message,\n                occurrenceCount: 0,\n                files: [],\n            });\n        }\n\n        const messageGroup = group.messagesByText.get(messageKey);\n        messageGroup.occurrenceCount += 1;\n        if (normalized.filePath && !messageGroup.files.includes(normalized.filePath)) {\n            messageGroup.files.push(normalized.filePath);\n        }\n    });\n\n    return Array.from(groupsByCode.values())\n        .map((group) => ({\n            code: group.code,\n            count: group.count,\n            hasFixable: group.hasFixable,\n            fixHints: group.fixHints,\n            messages: Array.from(group.messagesByText.values()).sort((a, b) => (\n                b.occurrenceCount - a.occurrenceCount || a.message.localeCompare(b.message)\n            )),\n        }))\n        .sort((a, b) => (b.count - a.count || a.code.localeCompare(b.code)));\n}\n\nfunction getProjectValidationAction(code) {\n    const normalizedCode = String(code || \'\').trim().toUpperCase();\n\n    if (normalizedCode === \'PRISM707\') {\n        return {\n            href: \'/converter?tab=participants\',\n            label: \'Open Sociodemographics\',\n            iconClass: \'fas fa-users\',\n        };\n    }\n\n    return null;\n}\n\nfunction renderGroupedValidationHint(fixHints, label = \'Hint\') {\n    if (!Array.isArray(fixHints) || fixHints.length === 0) {\n        return \'\';\n    }\n\n    const extraHintCount = Math.max(0, fixHints.length - 1);\n    return `\n        <div class="alert alert-info py-1 px-2 mb-2 smaller d-flex align-items-start">\n            <i class="fas fa-lightbulb me-2 text-warning mt-1"></i>\n            <div>\n                <strong>${escapeHtml(label)}:</strong> ${escapeHtml(fixHints[0])}\n                ${extraHintCount > 0 ? `<div class="x-small text-muted mt-1">+${extraHintCount} additional hint(s) in this code group.</div>` : \'\'}\n            </div>\n        </div>\n    `;\n}\n\nfunction renderGroupedValidationMessages(messageGroups) {\n    if (!Array.isArray(messageGroups) || messageGroups.length === 0) {\n        return \'\';\n    }\n\n    return messageGroups.map((messageGroup, index) => {\n        const visibleFiles = messageGroup.files.slice(0, 3);\n        const hiddenFilesCount = Math.max(0, messageGroup.files.length - visibleFiles.length);\n        const dividerClass = index < messageGroups.length - 1 ? \'border-bottom pb-2 mb-2\' : \'\';\n        const repeatBadge = messageGroup.occurrenceCount > 1\n            ? `<span class="badge bg-light text-muted border ms-2 project-group-count-badge">${messageGroup.occurrenceCount}</span>`\n            : \'\';\n        const filesHtml = visibleFiles.map((filePath) => `\n            <div class="d-flex align-items-start mb-1">\n                <i class="fas fa-file text-muted me-2 x-small mt-1"></i>\n                <span class="text-muted x-small text-break">${escapeHtml(filePath)}</span>\n            </div>\n        `).join(\'\');\n\n        return `\n            <div class="project-group-message ${dividerClass}">\n                <div class="small fw-semibold text-dark d-flex align-items-center flex-wrap">\n                    <span>${escapeHtml(messageGroup.message)}</span>\n                    ${repeatBadge}\n                </div>\n                ${filesHtml ? `<div class="project-group-files">${filesHtml}</div>` : \'\'}\n                ${hiddenFilesCount > 0 ? `<div class="text-muted x-small mt-1"><i class="fas fa-ellipsis-h me-1"></i>and ${hiddenFilesCount} more file(s)</div>` : \'\'}\n            </div>\n        `;\n    }).join(\'\');\n}\n\nfunction setCurrentProjectBannerVisibility(type) {\n    const banner = document.getElementById(\'currentProjectBanner\');\n    if (!banner) return;\n    banner.style.display = (type === \'create\') ? \'none\' : \'\';\n}\n\nfunction clearRecentProjects() {\n    recentProjectStatusCache.clear();\n    saveRecentProjects([]);\n    renderRecentProjects();\n}\n\nfunction normalizeHintText(text) {\n    return String(text || \'\').replace(/\\s+/g, \' \').trim();\n}\n\nfunction getExistingFieldHelpTexts(field) {\n    const container = field.closest(\'.form-check, [class*="col-"], .mb-3, .card-body\') || field.parentElement;\n    if (!container) return [];\n\n    const texts = [];\n    const nodes = container.querySelectorAll(\'small.text-muted, .form-text, small\');\n    nodes.forEach(node => {\n        if (node.classList.contains(\'field-hint-inline\')) return;\n        const text = normalizeHintText(node.textContent);\n        if (text) texts.push(text);\n    });\n\n    return texts;\n}\n\nfunction isHintDuplicate(hintText, existingTexts) {\n    const normalizedHint = normalizeHintText(hintText).toLowerCase();\n    if (!normalizedHint) return true;\n\n    return existingTexts.some(existing => {\n        const normalizedExisting = normalizeHintText(existing).toLowerCase();\n        if (!normalizedExisting) return false;\n        return normalizedExisting === normalizedHint\n            || normalizedExisting.includes(normalizedHint)\n            || normalizedHint.includes(normalizedExisting);\n    });\n}\n\nfunction isFieldEffectivelyEmpty(field) {\n    if (field.type === \'checkbox\' || field.type === \'radio\') {\n        return !field.checked;\n    }\n    if (field.tagName === \'SELECT\' && field.multiple) {\n        return Array.from(field.selectedOptions || []).length === 0;\n    }\n    return !String(field.value || \'\').trim();\n}\n\nfunction shouldShowBeginnerHint(field) {\n    const isFocused = document.activeElement === field;\n    const isInvalid = field.matches(\':invalid\') || field.classList.contains(\'is-invalid\');\n    return isFocused || isInvalid || isFieldEffectivelyEmpty(field);\n}\n\nfunction getFieldHintText(field) {\n    const parts = [];\n\n    const placeholder = normalizeHintText(field.getAttribute(\'placeholder\'));\n    if (placeholder) {\n        parts.push(`Example: ${placeholder}`);\n    }\n\n    if (parts.length > 0) {\n        return parts[0];\n    }\n\n    if (field.tagName === \'SELECT\') {\n        return \'Choose the option that best matches your study.\';\n    }\n    if (field.type === \'checkbox\' || field.type === \'radio\') {\n        return \'Enable this option if it applies to your project.\';\n    }\n    return \'Fill out this field based on your study.\';\n}\n\nfunction addHintIconToLabel(label, hintText) {\n    if (!label || !hintText) return;\n    if (label.querySelector(\'.field-hint-trigger\')) return;\n\n    const existingTooltipIcon = label.querySelector(\'[data-bs-toggle="tooltip"]\');\n    if (existingTooltipIcon) return;\n\n    const hintButton = document.createElement(\'button\');\n    hintButton.type = \'button\';\n    hintButton.className = \'btn btn-link p-0 ms-1 align-baseline text-muted field-hint-trigger\';\n    hintButton.setAttribute(\'data-bs-toggle\', \'tooltip\');\n    hintButton.setAttribute(\'data-bs-placement\', \'top\');\n    hintButton.setAttribute(\'data-bs-title\', hintText);\n    hintButton.setAttribute(\'aria-label\', \'Show field guidance\');\n    hintButton.innerHTML = \'<i class="fas fa-info-circle"></i>\';\n\n    label.appendChild(hintButton);\n\n    if (window.bootstrap?.Tooltip) {\n        window.bootstrap.Tooltip.getOrCreateInstance(hintButton);\n    }\n}\n\nfunction clearInlineFieldHints() {\n    document.querySelectorAll(\'.field-hint-inline\').forEach(node => node.remove());\n}\n\nfunction getBeginnerHelpModeEnabled() {\n    try {\n        const value = localStorage.getItem(beginnerHelpModeKey);\n        if (value === null) return true;\n        return value === \'1\';\n    } catch (_) {\n        return true;\n    }\n}\n\nfunction setBeginnerHelpModeEnabled(enabled) {\n    try {\n        localStorage.setItem(beginnerHelpModeKey, enabled ? \'1\' : \'0\');\n    } catch (_) {\n        // ignore storage failures\n    }\n}\n\nfunction renderInlineFieldHints() {\n    clearInlineFieldHints();\n\n    const formIds = [\n        \'createProjectForm\',\n        \'openProjectForm\',\n        \'studyMetadataForm\',\n        \'globalSettingsForm\',\n        \'exportProjectForm\'\n    ];\n\n    formIds.forEach(formId => {\n        const form = document.getElementById(formId);\n        if (!form) return;\n\n        const fields = form.querySelectorAll(\'input, select, textarea\');\n        fields.forEach(field => {\n            if (!field.id || field.type === \'hidden\') return;\n            if (!shouldShowBeginnerHint(field)) return;\n\n            const hintText = getFieldHintText(field);\n            if (!hintText) return;\n\n            const existingHelpTexts = getExistingFieldHelpTexts(field);\n            if (isHintDuplicate(hintText, existingHelpTexts)) return;\n\n            const fieldGroup = field.closest(\'.form-check, .input-group, [class*="col-"]\') || field.parentElement;\n            if (!fieldGroup) return;\n\n            if (fieldGroup.querySelector(`.field-hint-inline[data-for="${field.id}"]`)) {\n                return;\n            }\n\n            const hint = document.createElement(\'div\');\n            hint.className = \'field-hint-inline form-text text-muted\';\n            hint.setAttribute(\'data-for\', field.id);\n            hint.innerHTML = `<i class="fas fa-info-circle me-1"></i>${escapeHtml(hintText)}`;\n\n            if (fieldGroup.classList.contains(\'input-group\')) {\n                fieldGroup.insertAdjacentElement(\'afterend\', hint);\n            } else {\n                fieldGroup.appendChild(hint);\n            }\n        });\n    });\n}\n\nlet beginnerHintRefreshBound = false;\n\nfunction bindBeginnerHintRefreshEvents() {\n    if (beginnerHintRefreshBound) return;\n\n    const refreshIfEnabled = () => {\n        if (!getBeginnerHelpModeEnabled()) return;\n        renderInlineFieldHints();\n    };\n\n    [\'focusin\', \'focusout\', \'input\', \'change\'].forEach(eventName => {\n        document.addEventListener(eventName, (event) => {\n            const target = event.target;\n            if (!(target instanceof HTMLElement)) return;\n            if (!target.closest(\'#createProjectForm, #openProjectForm, #studyMetadataForm, #globalSettingsForm, #exportProjectForm\')) return;\n            if (!target.matches(\'input, select, textarea\')) return;\n            refreshIfEnabled();\n        });\n    });\n\n    beginnerHintRefreshBound = true;\n}\n\nfunction applyBeginnerHelpMode(enabled) {\n    if (enabled) {\n        renderInlineFieldHints();\n    } else {\n        clearInlineFieldHints();\n    }\n}\n\nfunction initBeginnerHelpMode() {\n    if (window.prismGlobalBeginnerHintsManaged === true) {\n        return;\n    }\n\n    const toggle = document.getElementById(\'beginnerHelpModeToggle\');\n    const enabled = getBeginnerHelpModeEnabled();\n\n    if (toggle) {\n        toggle.checked = enabled;\n        toggle.addEventListener(\'change\', () => {\n            const modeEnabled = Boolean(toggle.checked);\n            setBeginnerHelpModeEnabled(modeEnabled);\n            applyBeginnerHelpMode(modeEnabled);\n        });\n    }\n\n    window.addEventListener(\'prism-beginner-help-changed\', (event) => {\n        const modeEnabled = Boolean(event?.detail?.enabled);\n        if (toggle) {\n            toggle.checked = modeEnabled;\n        }\n        setBeginnerHelpModeEnabled(modeEnabled);\n        applyBeginnerHelpMode(modeEnabled);\n    });\n\n    applyBeginnerHelpMode(enabled);\n    bindBeginnerHintRefreshEvents();\n}\n\nfunction initProjectFieldHints() {\n    const formIds = [\n        \'createProjectForm\',\n        \'openProjectForm\',\n        \'studyMetadataForm\',\n        \'globalSettingsForm\',\n        \'exportProjectForm\'\n    ];\n\n    formIds.forEach(formId => {\n        const form = document.getElementById(formId);\n        if (!form) return;\n\n        const fields = form.querySelectorAll(\'input, select, textarea\');\n        fields.forEach(field => {\n            if (!field.id || field.type === \'hidden\') return;\n\n            let label = form.querySelector(`label[for="${field.id}"]`);\n            if (!label) {\n                label = field.closest(\'.form-check\')?.querySelector(\'.form-check-label\') || null;\n            }\n            if (!label) return;\n\n            const hintText = getFieldHintText(field);\n            addHintIconToLabel(label, hintText);\n        });\n    });\n}\n\nasync function isRecentProjectAvailable(path) {\n    if (!path) return false;\n    if (recentProjectStatusCache.has(path)) {\n        return recentProjectStatusCache.get(path);\n    }\n\n    const statusPromise = fetchWithApiFallback(\'/api/projects/path-status\', {\n        method: \'POST\',\n        headers: { \'Content-Type\': \'application/json\' },\n        body: JSON.stringify({ path })\n    })\n        .then(response => response.json().catch(() => null))\n        .then(data => {\n            if (!data || data.success !== true) {\n                return null;\n            }\n            return Boolean(data.available);\n        })\n        .catch(() => null);\n\n    recentProjectStatusCache.set(path, statusPromise);\n    return statusPromise;\n}\n\nasync function checkCreateTargetStatus() {\n    const projectName = document.getElementById(\'projectName\')?.value.trim() || \'\';\n    const projectPath = document.getElementById(\'projectPath\')?.value.trim() || \'\';\n    const validProjectName = /^[a-zA-Z0-9_-]+$/.test(projectName);\n\n    if (!projectName || !projectPath || !validProjectName) {\n        clearCreateResult(\'preflight\');\n        return { conflict: false };\n    }\n\n    const targetPath = joinProjectTargetPath(projectPath, projectName);\n    const requestToken = ++createTargetStatusRequestToken;\n\n    try {\n        const response = await fetchWithApiFallback(\'/api/projects/path-status\', {\n            method: \'POST\',\n            headers: { \'Content-Type\': \'application/json\' },\n            body: JSON.stringify({ path: targetPath })\n        });\n        const status = await response.json().catch(() => null);\n\n        if (requestToken !== createTargetStatusRequestToken) {\n            return { conflict: false, stale: true };\n        }\n\n        if (!status || status.success !== true || status.exists !== true) {\n            clearCreateResult(\'preflight\');\n            return { conflict: false, targetPath };\n        }\n\n        if (status.is_dir && status.is_empty_dir) {\n            clearCreateResult(\'preflight\');\n            return { conflict: false, targetPath, status };\n        }\n\n        let title = \'Target Folder Already Exists\';\n        let message = `The target folder <code>${escapeHtml(targetPath)}</code> already exists and contains files. Project Location must be the parent folder where PRISM creates a new project folder.`;\n\n        if (status.is_file) {\n            title = \'Target Path Is A File\';\n            message = `The target path <code>${escapeHtml(targetPath)}</code> already exists as a file. Project Location must be the parent folder, not the final project path.`;\n        } else if (status.available) {\n            title = \'Project Already Exists\';\n            message = `The target folder <code>${escapeHtml(targetPath)}</code> already contains a <code>project.json</code>. Use Open Existing Project instead of Create New Project.`;\n        }\n\n        const actionHtml = status.available\n            ? `\n                <div class="mt-3">\n                    <button\n                        type="button"\n                        class="btn btn-sm btn-outline-primary"\n                        data-action="open-existing-project"\n                        data-path="${escapeHtml(status.project_json_path || targetPath)}"\n                    >\n                        <i class="fas fa-folder-open me-1"></i>Open Existing Project\n                    </button>\n                </div>\n            `\n            : \'\';\n\n        setCreateResultHtml(\n            `\n                <div class="alert alert-warning">\n                    <h5><i class="fas fa-exclamation-triangle me-2"></i>${title}</h5>\n                    <p class="mb-0">${message}</p>\n                    ${actionHtml}\n                </div>\n            `,\n            \'preflight\'\n        );\n\n        return { conflict: true, targetPath, status };\n    } catch (_error) {\n        if (requestToken === createTargetStatusRequestToken) {\n            clearCreateResult(\'preflight\');\n        }\n        return { conflict: false, targetPath };\n    }\n}\n\nfunction scheduleCreateTargetStatusCheck() {\n    resetCreateTargetStatusChecks();\n    createTargetStatusDebounceTimer = window.setTimeout(() => {\n        checkCreateTargetStatus().catch(() => {});\n    }, 200);\n}\n\nexport function renderRecentProjects() {\n    const block = document.getElementById(\'recentProjectsBlock\');\n    const listEl = document.getElementById(\'recentProjectsList\');\n    if (!block || !listEl) return;\n\n    const list = getRecentProjects();\n    if (!list.length) {\n        block.style.display = \'none\';\n        listEl.innerHTML = \'\';\n        return;\n    }\n\n    Promise.all(list.map(async (project) => ({\n        project,\n        available: await isRecentProjectAvailable(project.path)\n    }))).then(results => {\n        const availableProjects = results\n            .filter(({ available }) => available !== false)\n            .map(({ project }) => project);\n\n        const unavailableProjects = results.filter(({ available }) => available === false);\n        if (unavailableProjects.length > 0) {\n            results\n                .filter(({ available }) => available === false)\n                .forEach(({ project }) => recentProjectStatusCache.delete(project.path));\n            saveRecentProjects(availableProjects);\n        }\n\n        if (!availableProjects.length) {\n            block.style.display = \'none\';\n            listEl.innerHTML = \'\';\n            return;\n        }\n\n        block.style.display = \'block\';\n        listEl.innerHTML = availableProjects.map((p, idx) => {\n        const label = p.name || p.path;\n        const iconClass = resolveProjectIconClass(p.icon);\n        const safeLabel = escapeHtml(label);\n        const safePath = escapeHtml(p.path || \'\');\n        const safeIconClass = escapeHtml(iconClass);\n        return `\n            <button type="button" class="btn btn-outline-secondary btn-sm recent-project-btn" data-path="${safePath}" data-name="${safeLabel}" data-icon="${safeIconClass}" data-recent-id="${idx}" title="${safePath}">\n                <span class="me-1" aria-hidden="true">${safeIconClass}</span>${safeLabel}\n            </button>`;\n        }).join(\'\');\n    }).catch(() => {\n        block.style.display = \'none\';\n        listEl.innerHTML = \'\';\n    });\n}\n\n// Load global library settings\nexport async function loadGlobalSettings() {\n    try {\n        const response = await fetchWithApiFallback(\'/api/settings/global-library\');\n        const data = await response.json();\n        if (data.success) {\n            const libraryInput = document.getElementById(\'globalLibraryPath\');\n            libraryInput.value = data.global_template_library_path || \'\';\n            if (data.default_library_path) {\n                libraryInput.placeholder = `Default: ${data.default_library_path}`;\n            }\n\n            const recipesInput = document.getElementById(\'globalRecipesPath\');\n            recipesInput.value = data.global_recipes_path || \'\';\n\n            const connectedToggle = document.getElementById(\'connectedToServerToggle\');\n            if (connectedToggle) {\n                connectedToggle.checked = Boolean(data.connected_to_server);\n            }\n\n            if (window.PrismFileSystemMode && typeof window.PrismFileSystemMode.setConnectedToServer === \'function\') {\n                window.PrismFileSystemMode.setConnectedToServer(Boolean(data.connected_to_server));\n            }\n\n            updateLibraryInfoPanel(data.global_template_library_path || data.default_library_path, null);\n        }\n    } catch (error) {\n        console.error(\'Error loading settings:\', error);\n    }\n}\n\nasync function loadBackendMonitoringSetting() {\n    const toggle = document.getElementById(\'backendMonitoringToggle\');\n    const verboseToggle = document.getElementById(\'backendMonitoringVerboseToggle\');\n    if (!toggle) return;\n\n    try {\n        const response = await fetchWithApiFallback(\'/api/settings/backend-monitoring\');\n        const data = await response.json();\n        if (data && data.success) {\n            const enabled = Boolean(data.backend_monitoring);\n            const verboseEnabled = Boolean(data.backend_monitoring_verbose);\n\n            toggle.checked = enabled;\n            if (verboseToggle) {\n                verboseToggle.checked = verboseEnabled;\n                verboseToggle.disabled = !enabled;\n                if (!enabled) {\n                    verboseToggle.checked = false;\n                }\n            }\n        }\n    } catch (error) {\n        console.error(\'Error loading backend monitoring setting:\', error);\n    }\n}\n\nasync function saveBackendMonitoringSetting(payload) {\n    const response = await fetchWithApiFallback(\'/api/settings/backend-monitoring\', {\n        method: \'POST\',\n        headers: { \'Content-Type\': \'application/json\' },\n        body: JSON.stringify(payload)\n    });\n\n    const data = await response.json();\n    if (!response.ok || !data || !data.success) {\n        throw new Error(data?.error || \'Failed to save backend monitoring setting\');\n    }\n\n    return {\n        backendMonitoring: Boolean(data.backend_monitoring),\n        backendMonitoringVerbose: Boolean(data.backend_monitoring_verbose),\n    };\n}\n\nasync function loadDedicatedTerminalSetting() {\n    const toggle = document.getElementById(\'dedicatedTerminalToggle\');\n    if (!toggle) return;\n\n    try {\n        const response = await fetchWithApiFallback(\'/api/settings/dedicated-terminal\');\n        const data = await response.json();\n        if (data && data.success) {\n            toggle.checked = Boolean(data.show_dedicated_terminal);\n        }\n    } catch (error) {\n        console.error(\'Error loading dedicated terminal setting:\', error);\n    }\n}\n\nasync function ensureOpenSectionVisibleForLoadedProject() {\n    const path = String(currentProjectPath || \'\').trim();\n    if (!path || !shouldHideProjectTypeSelectionWhenLoaded()) {\n        return;\n    }\n\n    const openSection = document.getElementById(\'section-open\');\n    if (openSection && !openSection.classList.contains(\'active\')) {\n        selectProjectType(\'open\');\n    }\n\n    const existingPathInput = document.getElementById(\'existingPath\');\n    if (existingPathInput && !String(existingPathInput.value || \'\').trim()) {\n        existingPathInput.value = path;\n    }\n\n    await loadProjectWithoutValidation(path, null, { skipContextGuard: true });\n\n    updateQuickValidateButtonState();\n}\n\nfunction submitOpenProjectPath(path) {\n    const normalizedPath = String(path || \'\').trim();\n    const existingPathInput = document.getElementById(\'existingPath\');\n    const openProjectForm = document.getElementById(\'openProjectForm\');\n    if (!normalizedPath || !existingPathInput || !openProjectForm) {\n        return;\n    }\n\n    existingPathInput.value = normalizedPath;\n    selectProjectType(\'open\');\n\n    if (typeof openProjectForm.requestSubmit === \'function\') {\n        openProjectForm.requestSubmit();\n        return;\n    }\n\n    openProjectForm.dispatchEvent(\n        new Event(\'submit\', { bubbles: true, cancelable: true })\n    );\n}\n\nasync function saveDedicatedTerminalSetting(enabled) {\n    const response = await fetchWithApiFallback(\'/api/settings/dedicated-terminal\', {\n        method: \'POST\',\n        headers: { \'Content-Type\': \'application/json\' },\n        body: JSON.stringify({ show_dedicated_terminal: Boolean(enabled) })\n    });\n\n    const data = await response.json();\n    if (!response.ok || !data || !data.success) {\n        throw new Error(data?.error || \'Failed to save dedicated terminal setting\');\n    }\n\n    return Boolean(data.show_dedicated_terminal);\n}\n\nfunction initBackendMonitoringToggle() {\n    const toggle = document.getElementById(\'backendMonitoringToggle\');\n    const verboseToggle = document.getElementById(\'backendMonitoringVerboseToggle\');\n    if (!toggle) return;\n\n    loadBackendMonitoringSetting();\n\n    toggle.addEventListener(\'change\', async () => {\n        const desired = Boolean(toggle.checked);\n        toggle.disabled = true;\n        if (verboseToggle) {\n            verboseToggle.disabled = true;\n        }\n\n        try {\n            const persisted = await saveBackendMonitoringSetting({\n                backend_monitoring: desired,\n                backend_monitoring_verbose: desired\n                    ? Boolean(verboseToggle?.checked)\n                    : false,\n            });\n            toggle.checked = persisted.backendMonitoring;\n            if (verboseToggle) {\n                verboseToggle.checked = persisted.backendMonitoringVerbose;\n                verboseToggle.disabled = !persisted.backendMonitoring;\n                if (!persisted.backendMonitoring) {\n                    verboseToggle.checked = false;\n                }\n            }\n        } catch (error) {\n            console.error(\'Error saving backend monitoring setting:\', error);\n            toggle.checked = !desired;\n            alert(\'Could not update backend monitoring setting.\');\n            if (verboseToggle) {\n                verboseToggle.disabled = !toggle.checked;\n            }\n        } finally {\n            toggle.disabled = false;\n            if (verboseToggle) {\n                verboseToggle.disabled = !toggle.checked;\n            }\n        }\n    });\n\n    if (verboseToggle) {\n        verboseToggle.addEventListener(\'change\', async () => {\n            const desiredVerbose = Boolean(verboseToggle.checked);\n            const baseEnabled = Boolean(toggle.checked);\n\n            if (!baseEnabled) {\n                verboseToggle.checked = false;\n                return;\n            }\n\n            toggle.disabled = true;\n            verboseToggle.disabled = true;\n            try {\n                const persisted = await saveBackendMonitoringSetting({\n                    backend_monitoring_verbose: desiredVerbose,\n                });\n                toggle.checked = persisted.backendMonitoring;\n                verboseToggle.checked = persisted.backendMonitoringVerbose;\n                verboseToggle.disabled = !persisted.backendMonitoring;\n            } catch (error) {\n                console.error(\'Error saving backend monitoring verbose setting:\', error);\n                verboseToggle.checked = !desiredVerbose;\n                alert(\'Could not update backend monitoring verbose setting.\');\n                verboseToggle.disabled = !toggle.checked;\n            } finally {\n                toggle.disabled = false;\n                verboseToggle.disabled = !toggle.checked;\n            }\n        });\n    }\n}\n\nfunction initDedicatedTerminalToggle() {\n    const toggle = document.getElementById(\'dedicatedTerminalToggle\');\n    if (!toggle) return;\n\n    loadDedicatedTerminalSetting();\n\n    toggle.addEventListener(\'change\', async () => {\n        const desired = Boolean(toggle.checked);\n        toggle.disabled = true;\n\n        try {\n            const persisted = await saveDedicatedTerminalSetting(desired);\n            toggle.checked = persisted;\n        } catch (error) {\n            console.error(\'Error saving dedicated terminal setting:\', error);\n            toggle.checked = !desired;\n            alert(\'Could not update dedicated terminal setting.\');\n        } finally {\n            toggle.disabled = false;\n        }\n    });\n}\n\n// Load library info (both global and project)\nexport async function loadLibraryInfo() {\n    try {\n        const response = await fetchWithApiFallback(\'/api/projects/library-path\');\n        const data = await response.json();\n\n        const infoPanel = document.getElementById(\'libraryInfoPanel\');\n        infoPanel.style.display = \'block\';\n\n        const globalInfo = document.getElementById(\'globalLibraryInfo\');\n        if (data.global_library_path) {\n            globalInfo.innerHTML = `<code class="small">${escapeHtml(data.global_library_path)}</code>`;\n        } else {\n            globalInfo.innerHTML = \'<span class="text-muted">Not configured</span>\';\n        }\n\n        const projectInfo = document.getElementById(\'projectLibraryInfo\');\n        if (data.success && data.project_library_path) {\n            projectInfo.innerHTML = `<code class="small">${escapeHtml(data.project_library_path)}</code>`;\n        } else if (data.project_path) {\n            projectInfo.innerHTML = \'<span class="text-warning"><i class="fas fa-exclamation-triangle me-1"></i>No library folder</span>\';\n        } else {\n            projectInfo.innerHTML = \'<span class="text-muted">Select a project</span>\';\n        }\n    } catch (error) {\n        console.error(\'Error loading library info:\', error);\n    }\n}\n\nexport function updateLibraryInfoPanel(globalPath, projectPath) {\n    const infoPanel = document.getElementById(\'libraryInfoPanel\');\n    infoPanel.style.display = \'block\';\n\n    const globalInfo = document.getElementById(\'globalLibraryInfo\');\n    if (globalPath) {\n        globalInfo.innerHTML = `<code class="small">${escapeHtml(globalPath)}</code>`;\n    } else {\n        globalInfo.innerHTML = \'<span class="text-muted">Not configured</span>\';\n    }\n}\n\ninitProjectPathPickers({\n    fetchWithApiFallback,\n    validateProjectField,\n    clearCreateResult,\n});\n\n// Save global settings\nconst globalSettingsForm = document.getElementById(\'globalSettingsForm\');\nif (globalSettingsForm) {\n    globalSettingsForm.addEventListener(\'submit\', async function(e) {\n        e.preventDefault();\n\n        const btn = this.querySelector(\'button[type="submit"]\');\n        const originalText = setButtonLoading(btn, true, \'Saving...\');\n\n        const libraryPath = document.getElementById(\'globalLibraryPath\').value.trim();\n        const recipesPath = document.getElementById(\'globalRecipesPath\').value.trim();\n        const connectedToServer = Boolean(document.getElementById(\'connectedToServerToggle\')?.checked);\n\n        try {\n            const response = await fetchWithApiFallback(\'/api/settings/global-library\', {\n                method: \'POST\',\n                headers: { \'Content-Type\': \'application/json\' },\n                body: JSON.stringify({\n                    global_template_library_path: libraryPath,\n                    global_recipes_path: recipesPath,\n                    connected_to_server: connectedToServer,\n                })\n            });\n            const result = await response.json();\n\n            const statusDiv = document.getElementById(\'libraryStatusMessage\');\n            if (result.success) {\n                statusDiv.innerHTML = `\n                    <div class="alert alert-success py-2">\n                        <i class="fas fa-check-circle me-2"></i>Settings saved successfully!\n                    </div>\n                `;\n                updateLibraryInfoPanel(result.global_template_library_path, null);\n            } else {\n                statusDiv.innerHTML = `\n                    <div class="alert alert-danger py-2">\n                        <i class="fas fa-exclamation-circle me-2"></i>${escapeHtml(result.error || \'Could not save settings.\')}\n                    </div>\n                `;\n            }\n\n            if (result.success) {\n                if (window.PrismFileSystemMode && typeof window.PrismFileSystemMode.setConnectedToServer === \'function\') {\n                    window.PrismFileSystemMode.setConnectedToServer(connectedToServer);\n                }\n\n                window.dispatchEvent(new CustomEvent(\'prism-library-settings-changed\', {\n                    detail: {\n                        global_library_path: document.getElementById(\'globalLibraryPath\').value,\n                        connected_to_server: connectedToServer,\n                    }\n                }));\n            }\n\n            setTimeout(() => {\n                if (result.success) {\n                    statusDiv.innerHTML = \'\';\n                }\n            }, 3000);\n\n        } catch (error) {\n            document.getElementById(\'libraryStatusMessage\').innerHTML = `\n                <div class="alert alert-danger py-2">\n                    <i class="fas fa-exclamation-circle me-2"></i>${escapeHtml(error.message || \'Could not save settings.\')}\n                </div>\n            `;\n        } finally {\n            setButtonLoading(btn, false, null, originalText);\n        }\n    });\n}\n\nexport async function useDefaultLibrary() {\n    document.getElementById(\'globalRecipesPath\').value = \'\';\n    try {\n        const response = await fetchWithApiFallback(\'/api/settings/global-library\');\n        const data = await response.json();\n        if (data.default_library_path) {\n            document.getElementById(\'globalLibraryPath\').value = data.default_library_path;\n            document.getElementById(\'libraryStatusMessage\').innerHTML = `\n                <div class="alert alert-info py-2">\n                    <i class="fas fa-info-circle me-2"></i>Default path set. Click "Save Settings" to apply.\n                </div>\n            `;\n        }\n    } catch (error) {\n        console.error(\'Error getting default path:\', error);\n    }\n}\n\nexport async function clearGlobalLibrary() {\n    if (!confirm(\'Clear the global template and recipe library paths?\')) {\n        return;\n    }\n    document.getElementById(\'globalRecipesPath\').value = \'\';\n\n    try {\n        const response = await fetchWithApiFallback(\'/api/settings/global-library\', {\n            method: \'POST\',\n            headers: { \'Content-Type\': \'application/json\' },\n            body: JSON.stringify({ global_template_library_path: \'\' })\n        });\n        const result = await response.json();\n\n        if (result.success) {\n            document.getElementById(\'globalLibraryPath\').value = \'\';\n            document.getElementById(\'libraryStatusMessage\').innerHTML = `\n                <div class="alert alert-info py-2">\n                    <i class="fas fa-info-circle me-2"></i>Global library path cleared.\n                </div>\n            `;\n            updateLibraryInfoPanel(null, null);\n\n            window.dispatchEvent(new CustomEvent(\'prism-library-settings-changed\', {\n                detail: { global_library_path: null }\n            }));\n\n            setTimeout(() => {\n                document.getElementById(\'libraryStatusMessage\').innerHTML = \'\';\n            }, 3000);\n        }\n    } catch (error) {\n        console.error(\'Error clearing library:\', error);\n    }\n}\n\nfunction hasUnsavedNewProjectDraft() {\n    const createForm = document.getElementById(\'createProjectForm\');\n    const metadataForm = document.getElementById(\'studyMetadataForm\');\n\n    const forms = [createForm, metadataForm].filter(Boolean);\n    if (!forms.length) return false;\n\n    for (const form of forms) {\n        const fields = form.querySelectorAll(\'input, textarea, select\');\n        for (const field of fields) {\n            if (field.type === \'hidden\') {\n                continue;\n            }\n\n            if (field.tagName === \'SELECT\') {\n                const options = Array.from(field.options || []);\n                if (options.some(option => option.selected !== option.defaultSelected)) {\n                    return true;\n                }\n                continue;\n            }\n\n            if (field.type === \'checkbox\' || field.type === \'radio\') {\n                if (field.checked !== field.defaultChecked) return true;\n                continue;\n            }\n\n            if ((field.value || \'\').trim() !== (field.defaultValue || \'\').trim()) {\n                return true;\n            }\n        }\n    }\n\n    const ethicsChoice = document.getElementById(\'metadataEthicsApproved\')?.value || \'\';\n    const fundingChoice = document.getElementById(\'metadataFundingDeclared\')?.value || \'\';\n    return Boolean(ethicsChoice || fundingChoice);\n}\n\nfunction confirmProjectContextChange(actionLabel = \'continue\', targetPath = \'\') {\n    const normalizedTargetPath = String(targetPath || \'\').trim();\n    const normalizedCurrentPath = String(currentProjectPath || \'\').trim();\n\n    if (normalizedTargetPath && normalizedCurrentPath && normalizedTargetPath === normalizedCurrentPath) {\n        return true;\n    }\n\n    if (isStudyMetadataBusy()) {\n        alert(\'Please wait until project metadata finishes loading or saving before switching projects.\');\n        return false;\n    }\n\n    if (normalizedCurrentPath && hasUnsavedStudyMetadataChanges()) {\n        return confirm(\n            \'⚠️ Unsaved project metadata changes detected.\\n\\n\' +\n            `If you ${actionLabel}, the current changes will be lost.\\n\\n` +\n            \'Do you want to continue?\'\n        );\n    }\n\n    const createSection = document.getElementById(\'section-create\');\n    const createAlreadyActive = createSection && createSection.classList.contains(\'active\');\n    if (!normalizedCurrentPath && createAlreadyActive && hasUnsavedNewProjectDraft()) {\n        return confirm(\n            \'⚠️ Unsaved New Project data detected.\\n\\n\' +\n            `If you ${actionLabel}, the current project and study metadata draft will be lost.\\n\\n` +\n            \'Do you want to continue?\'\n        );\n    }\n\n    return true;\n}\n\nfunction clearCurrentProjectForNewDraft() {\n    currentProjectPath = \'\';\n    currentProjectName = \'\';\n    updateProjectTypeSelectionVisibility();\n\n    if (window.updateNavbarProject) {\n        window.updateNavbarProject(\'\', \'\');\n    } else {\n        setGlobalProjectState(\'\', \'\');\n    }\n\n    // Keep backend session in sync to avoid accidental writes to a stale project.\n    fetchWithApiFallback(\'/api/projects/current\', {\n        method: \'POST\',\n        headers: { \'Content-Type\': \'application/json\' },\n        body: JSON.stringify({ path: \'\' })\n    }).catch(() => {\n        // UI state remains source of truth for this interaction.\n    });\n}\n\n// Project type selection\nexport function selectProjectType(type) {\n    // Warn if switching to "create" from an existing project without saving\n    if (type === \'create\' && currentProjectPath) {\n        const confirmSwitch = confirm(\n            \'⚠️ You are editing an existing project.\\n\\n\' +\n            \'If you switch to "New Project" without saving, any changes will be lost.\\n\\n\' +\n            \'Are you sure you want to continue?\'\n        );\n        if (!confirmSwitch) {\n            return; // User cancelled, don\'t switch\n        }\n\n        clearCurrentProjectForNewDraft();\n    }\n\n    // Warn if user is already in New Project mode and has unsaved draft input\n    const createSection = document.getElementById(\'section-create\');\n    const createAlreadyActive = createSection && createSection.classList.contains(\'active\');\n    if (type === \'create\' && !currentProjectPath && createAlreadyActive && hasUnsavedNewProjectDraft()) {\n        const confirmReset = confirm(\n            \'⚠️ Unsaved New Project data detected.\\n\\n\' +\n            \'Clicking "New Project" again will clear all currently entered project and study metadata fields.\\n\\n\' +\n            \'Do you want to discard these unsaved changes?\'\n        );\n        if (!confirmReset) {\n            return;\n        }\n    }\n    \n    document.querySelectorAll(\'.project-card\').forEach(card => {\n        card.classList.remove(\'active\');\n    });\n    document.getElementById(\'card-\' + type).classList.add(\'active\');\n\n    document.querySelectorAll(\'.form-section\').forEach(section => {\n        section.classList.remove(\'active\');\n    });\n    document.getElementById(\'section-\' + type).classList.add(\'active\');\n\n    const createBtnContainer = document.getElementById(\'saveStudyMetadataSection\');\n    if (createBtnContainer) {\n        createBtnContainer.style.display = (type === \'create\') ? \'\' : \'none\';\n    }\n\n    if (type === \'create\') {\n        clearCreateResult();\n        resetCreateTargetStatusChecks();\n        const projectNameInput = document.getElementById(\'projectName\');\n        if (projectNameInput) {\n            projectNameInput.value = \'\';\n            projectNameInput.classList.remove(\'is-invalid\');\n        }\n        const projectPathInput = document.getElementById(\'projectPath\');\n        if (projectPathInput) {\n            projectPathInput.value = \'\';\n            projectPathInput.classList.remove(\'is-invalid\');\n        }\n        const projectNameError = document.getElementById(\'projectNameError\');\n        if (projectNameError) projectNameError.textContent = \'\';\n        resetStudyMetadataForm();\n        \n        // Reset all badges to their original colors (REQUIRED=red, etc.)\n        if (window.resetAllBadges) {\n            window.resetAllBadges();\n        }\n    }\n\n    setCurrentProjectBannerVisibility(type);\n\n    if (type === \'open\') {\n        const openProjectSection = document.getElementById(\'openProjectSection\');\n        if (openProjectSection) {\n            if (window.bootstrap && typeof window.bootstrap.Collapse === \'function\') {\n                const collapse = window.bootstrap.Collapse.getOrCreateInstance(openProjectSection, { toggle: false });\n                collapse.show();\n            } else {\n                openProjectSection.classList.add(\'show\');\n            }\n        }\n\n        const existingPathInput = document.getElementById(\'existingPath\');\n        if (existingPathInput) {\n            existingPathInput.focus();\n            existingPathInput.select();\n        }\n    }\n\n    if (type === \'create\') {\n        const projectNameField = document.getElementById(\'projectName\');\n        if (projectNameField) {\n            projectNameField.focus();\n        }\n    }\n\n    showStudyMetadataCard();\n}\n\n// ── Init PRISM on existing BIDS dataset ─────────────────────────────────────\n\ninitProjectInitOnBidsController({\n    fetchWithApiFallback,\n    setButtonLoading,\n    escapeHtml,\n    confirmProjectContextChange,\n    applyCurrentProject,\n    addRecentProject,\n    showStudyMetadataCard,\n    showExportCard,\n    showMethodsCard,\n});\n\ninitProjectFileBrowser({ fetchWithApiFallback, prefersServerPicker });\n\n// Validate project name (no spaces, valid folder name)\nconst projectNameInput = document.getElementById(\'projectName\');\nif (projectNameInput) {\n    projectNameInput.addEventListener(\'input\', function(e) {\n        const value = e.target.value;\n        const isValid = /^[a-zA-Z0-9_-]*$/.test(value);\n        const errorDiv = document.getElementById(\'projectNameError\');\n\n        if (!isValid) {\n            e.target.classList.add(\'is-invalid\');\n            errorDiv.textContent = \'Only letters, numbers, underscores (_) and hyphens (-) allowed. No spaces!\';\n        } else {\n            e.target.classList.remove(\'is-invalid\');\n            errorDiv.textContent = \'\';\n        }\n\n        clearCreateResult();\n        scheduleCreateTargetStatusCheck();\n    });\n}\n\nconst projectPathInput = document.getElementById(\'projectPath\');\nif (projectPathInput) {\n    projectPathInput.addEventListener(\'input\', function() {\n        this.classList.remove(\'is-invalid\');\n        clearCreateResult();\n        scheduleCreateTargetStatusCheck();\n    });\n    projectPathInput.addEventListener(\'change\', function() {\n        this.classList.remove(\'is-invalid\');\n        clearCreateResult();\n        scheduleCreateTargetStatusCheck();\n    });\n}\n\ninitCreateProjectController({\n    fetchWithApiFallback,\n    setButtonLoading,\n    escapeHtml,\n    textToArray: _textToArray,\n    getProjectStateSnapshot,\n    setCreateResultHtml,\n    joinProjectTargetPath,\n    resetCreateTargetStatusChecks,\n    checkCreateTargetStatus,\n    validateAllMandatoryFields,\n    validateDatasetDescriptionDraftLive,\n    getCitationAuthorsList,\n    getEthicsApprovals,\n    getFundingList,\n    getRecMethodList,\n    getRecLocationList,\n    getYearMonthValue,\n    saveProjectSchemaConfig,\n    applyCurrentProject,\n    getCurrentProjectState: () => ({\n        path: currentProjectPath,\n        name: currentProjectName,\n        icon: currentProjectIcon,\n    }),\n    addRecentProject,\n    showStudyMetadataCard,\n    updateCreateProjectButton,\n    showExportCard,\n    showMethodsCard,\n});\n\nasync function runProjectValidation(path, triggerButton = null) {\n    const normalizedPath = String(path || \'\').trim();\n    if (!normalizedPath) {\n        showOpenProjectError(\'Please provide a project folder or a project.json path.\', \'Selection Error\');\n        return false;\n    }\n\n    const originalText = triggerButton ? setButtonLoading(triggerButton, true, \'Validating...\') : null;\n\n    try {\n        const response = await fetchWithApiFallback(\'/api/projects/validate\', {\n            method: \'POST\',\n            headers: { \'Content-Type\': \'application/json\' },\n            body: JSON.stringify({ path: normalizedPath })\n        });\n        const result = await response.json().catch(() => ({\n            success: false,\n            error: \'Server returned an invalid response while validating the project.\'\n        }));\n\n        if (!response.ok || !result.success) {\n            showOpenProjectError(result.error || `Validation request failed (${response.status})`);\n            return false;\n        }\n\n        const stats = result.stats;\n        const validationPath = String(result.current_project?.path || normalizedPath).trim() || normalizedPath;\n        const issues = Array.isArray(result.issues) ? result.issues : [];\n        const fixableIssues = Array.isArray(result.fixable_issues) ? result.fixable_issues : [];\n        const runnerWarnings = Array.isArray(result.runner_warnings) ? result.runner_warnings : [];\n        const issueGroups = groupValidationRecordsByCode(issues, {\n            fallbackCode: \'ISSUE\',\n            defaultMessage: \'Validation issue\',\n        });\n        const warningGroups = groupValidationRecordsByCode(runnerWarnings, {\n            fallbackCode: \'WARNING\',\n            defaultMessage: \'Validation warning\',\n        });\n\n        let statusClass = \'valid\';\n        let statusIcon = \'check-circle\';\n        let statusText = \'Valid PRISM Structure\';\n\n        if (issues.length > 0) {\n            const hasNonFixable = issues.some(i => !i.fixable);\n            if (hasNonFixable) {\n                statusClass = \'invalid\';\n                statusIcon = \'exclamation-circle\';\n                statusText = `${issues.length} Issue(s) Found`;\n            } else {\n                statusClass = \'warning\';\n                statusIcon = \'exclamation-triangle\';\n                statusText = `${issues.length} Fixable Issue(s) Found`;\n            }\n        } else if (runnerWarnings.length > 0) {\n            statusClass = \'warning\';\n            statusIcon = \'exclamation-triangle\';\n            const warningGroupLabel = warningGroups.length === 1 ? \'code group\' : \'code groups\';\n            statusText = `${runnerWarnings.length} Non-blocking Warning(s) in ${warningGroups.length} ${warningGroupLabel}`;\n        }\n\n        let html = `\n            <div class="validation-result ${statusClass}">\n                <div class="d-flex justify-content-between align-items-center mb-2">\n                    <h5 class="mb-0"><i class="fas fa-${statusIcon} me-2"></i>${statusText}</h5>\n                    ${stats.is_yoda ? \'<span class="badge bg-info"><i class="fas fa-microchip me-1"></i>YODA Layout</span>\' : \'\'}\n                </div>\n\n                <div class="alert alert-warning d-none py-2 mb-3" id="projectRequirementGapAlert" role="alert">\n                    <i class="fas fa-exclamation-triangle me-2"></i>\n                    <span id="projectRequirementGapText"></span>\n                </div>\n\n                ${getBeginnerHelpModeEnabled() ? `\n                <div class="mb-3">\n                    <h6 class="mb-1">Project Metadata</h6>\n                    <small class="text-muted d-block" id="projectBoxSaveHint">\n                        <i class="fas fa-info-circle me-1"></i>Save metadata updates to project.json, dataset_description.json, CITATION.cff, and README.md.\n                    </small>\n                </div>` : \'\'}\n\n                <div class="stats-grid">\n                    <div class="stat-item">\n                        <div class="stat-value">${stats.subjects}</div>\n                        <div class="stat-label">Subjects</div>\n                    </div>\n                    <div class="stat-item">\n                        <div class="stat-value">${stats.sessions.length || 0}</div>\n                        <div class="stat-label">Sessions</div>\n                    </div>\n                    <div class="stat-item">\n                        <div class="stat-value">${stats.modalities.length}</div>\n                        <div class="stat-label">Modalities</div>\n                    </div>\n                    <div class="stat-item">\n                        <div class="stat-value">${stats.has_dataset_description ? \'✓\' : \'✗\'}</div>\n                        <div class="stat-label">dataset_description</div>\n                    </div>\n                    <div class="stat-item">\n                        <div class="stat-value ${stats.has_participants_tsv ? \'text-success\' : \'text-danger\'}">${stats.has_participants_tsv ? \'✓\' : \'✗\'}</div>\n                        <div class="stat-label">participants.tsv</div>\n                    </div>\n                    <div class="stat-item" id="projectMetadataStatItem">\n                        <div class="stat-value" id="projectMetadataStatValue">✓</div>\n                        <div class="stat-label">metadata</div>\n                    </div>\n                </div>\n        `;\n\n        if (issueGroups.length > 0) {\n            html += `\n                <hr>\n                <div class="d-flex justify-content-between align-items-center mb-3">\n                    <h6 class="mb-0">Issues</h6>\n                    ${fixableIssues.length > 0 ? `\n                        <button class="btn btn-warning btn-sm" data-action="fix-all" data-path="${escapeHtml(validationPath)}">\n                            <i class="fas fa-wrench me-1"></i>Fix All (${fixableIssues.length})\n                        </button>\n                    ` : \'\'}\n                </div>\n                <div id="issuesList">\n            `;\n\n            issueGroups.forEach((issueGroup, index) => {\n                const collapseId = `project-issue-group-${index}`;\n                const previewMessage = issueGroup.messages[0] ? issueGroup.messages[0].message : \'Validation issue\';\n                const groupAction = getProjectValidationAction(issueGroup.code);\n\n                html += `\n                    <div class="issue-item ${issueGroup.hasFixable ? \'fixable\' : \'not-fixable\'} project-validation-group">\n                        <div class="d-flex align-items-center gap-2">\n                            <button type="button"\n                                class="project-group-toggle flex-grow-1"\n                                data-bs-toggle="collapse"\n                                data-bs-target="#${collapseId}"\n                                aria-expanded="false"\n                                aria-controls="${collapseId}">\n                                <div class="project-group-summary d-flex flex-column">\n                                    <span class="fw-bold">${escapeHtml(issueGroup.code)} (${issueGroup.count})</span>\n                                    <span class="small text-muted project-group-preview">${escapeHtml(previewMessage)}</span>\n                                </div>\n                                <i class="fas fa-chevron-down small text-muted project-group-chevron"></i>\n                            </button>\n                            ${issueGroup.hasFixable ? `\n                                <button class="btn btn-sm btn-outline-warning flex-shrink-0" data-action="fix-issue" data-path="${escapeHtml(validationPath)}" data-code="${escapeHtml(issueGroup.code)}" aria-label="Apply fix for ${escapeHtml(issueGroup.code)}">\n                                    <i class="fas fa-wrench"></i>\n                                </button>\n                            ` : groupAction ? `\n                                <a href="${escapeHtml(groupAction.href)}" class="btn btn-sm btn-outline-success flex-shrink-0" aria-label="${escapeHtml(groupAction.label)} for ${escapeHtml(issueGroup.code)}">\n                                    <i class="${escapeHtml(groupAction.iconClass)} me-1"></i>${escapeHtml(groupAction.label)}\n                                </a>\n                            ` : `\n                                <span class="badge bg-secondary flex-shrink-0">Manual fix required</span>\n                            `}\n                        </div>\n                        <div class="collapse" id="${collapseId}">\n                            <div class="project-group-body">\n                                ${renderGroupedValidationHint(issueGroup.fixHints)}\n                                ${renderGroupedValidationMessages(issueGroup.messages)}\n                            </div>\n                        </div>\n                    </div>\n                `;\n            });\n\n            html += \'</div>\';\n        }\n\n        if (warningGroups.length > 0) {\n            html += `\n                <hr>\n                <div class="d-flex justify-content-between align-items-center mb-3">\n                    <h6 class="mb-0">Validator Warnings (${warningGroups.length} code${warningGroups.length === 1 ? \'\' : \'s\'})</h6>\n                    <span class="badge bg-warning text-dark">Non-blocking</span>\n                </div>\n                <div id="projectWarningsList">\n            `;\n\n            warningGroups.forEach((warningGroup, index) => {\n                const collapseId = `project-warning-group-${index}`;\n                const previewMessage = warningGroup.messages[0] ? warningGroup.messages[0].message : \'Validation warning\';\n\n                html += `\n                    <div class="issue-item not-fixable project-warning-group project-validation-group">\n                        <button type="button"\n                            class="project-group-toggle"\n                            data-bs-toggle="collapse"\n                            data-bs-target="#${collapseId}"\n                            aria-expanded="false"\n                            aria-controls="${collapseId}">\n                            <div class="project-group-summary d-flex flex-column">\n                                <span class="fw-bold">${escapeHtml(warningGroup.code)} (${warningGroup.count})</span>\n                                <span class="small text-muted project-group-preview">${escapeHtml(previewMessage)}</span>\n                            </div>\n                            <div class="project-group-meta d-flex align-items-center gap-2">\n                                <span class="badge bg-warning text-dark">Non-blocking</span>\n                                <i class="fas fa-chevron-down small text-muted project-group-chevron"></i>\n                            </div>\n                        </button>\n                        <div class="collapse" id="${collapseId}">\n                            <div class="project-group-body">\n                                ${renderGroupedValidationHint(warningGroup.fixHints)}\n                                ${renderGroupedValidationMessages(warningGroup.messages)}\n                            </div>\n                        </div>\n                    </div>\n                `;\n            });\n\n            html += \'</div>\';\n        }\n\n        html += `\n            <hr>\n            <div class="d-flex justify-content-between align-items-center mt-3">\n                <div>\n                    <h6 class="text-muted mb-2">Next Steps:</h6>\n                    <div class="btn-group" role="group">\n                        <a href="/template-editor" class="btn btn-sm btn-outline-success">\n                            <i class="fas fa-file-import me-1"></i>Import Templates\n                        </a>\n                        <a href="/survey-generator" class="btn btn-sm btn-outline-info">\n                            <i class="fas fa-poll-h me-1"></i>Survey Export\n                        </a>\n                        <a href="/validate" class="btn btn-sm btn-outline-primary">\n                            <i class="fas fa-check-circle me-1"></i>Validate Dataset\n                        </a>\n                    </div>\n                </div>\n                <div class="d-flex flex-column align-items-end">\n                    <div class="d-flex gap-2 flex-wrap justify-content-end">\n                        <button type="button" class="btn btn-outline-warning" id="projectBoxPreliminarySaveBtn">\n                            <i class="fas fa-save me-2"></i>Save Preliminary Project State\n                        </button>\n                        <button type="button" class="btn btn-info" id="projectBoxSaveBtn">\n                            <i class="fas fa-save me-2"></i>Save Changes to Project\n                        </button>\n                    </div>\n                    <small class="text-muted mt-1" id="projectBoxSaveStatus" aria-live="polite"></small>\n                </div>\n            </div>\n        `;\n\n        html += \'</div>\';\n        setProjectValidationResult(html);\n\n        applyCurrentProject(result.current_project);\n        addRecentProject(currentProjectName, validationPath, currentProjectIcon);\n        showStudyMetadataCard();\n        bindProjectBoxActionButtons();\n        updateCreateProjectButton();\n        showExportCard();\n        showMethodsCard();\n\n        return true;\n    } catch (error) {\n        showOpenProjectError(error.message || \'Validation failed unexpectedly.\');\n        return false;\n    } finally {\n        if (triggerButton) {\n            setButtonLoading(triggerButton, false, null, originalText);\n        }\n        updateQuickValidateButtonState();\n    }\n}\n\nconst openProjectController = initOpenProjectController({\n    fetchWithApiFallback,\n    setButtonLoading,\n    escapeHtml,\n    confirmProjectContextChange,\n    getBeginnerHelpModeEnabled,\n    resolveProjectIconClass,\n    getCurrentProjectState: () => ({\n        path: currentProjectPath,\n        name: currentProjectName,\n        icon: currentProjectIcon,\n    }),\n    applyCurrentProject,\n    addRecentProject,\n    showStudyMetadataCard,\n    updateCreateProjectButton,\n    showExportCard,\n    showMethodsCard,\n    bindProjectBoxActionButtons,\n});\n\nconst getOpenProjectActionPath = openProjectController.getOpenProjectActionPath;\nconst updateQuickValidateButtonState = openProjectController.updateQuickValidateButtonState;\nconst loadProjectWithoutValidation = openProjectController.loadProjectWithoutValidation;\nconst runProjectValidation = openProjectController.runProjectValidation;\n\nexport async function fixIssue(path, code) {\n    try {\n        const response = await fetchWithApiFallback(\'/api/projects/fix\', {\n            method: \'POST\',\n            headers: { \'Content-Type\': \'application/json\' },\n            body: JSON.stringify({ path: path, fix_codes: [code] })\n        });\n        const result = await response.json();\n\n        if (result.success) {\n            await runProjectValidation(path);\n        } else {\n            alert(\'Error applying fix: \' + result.error);\n        }\n    } catch (error) {\n        alert(\'Error: \' + error.message);\n    }\n}\n\nexport async function fixAllIssues(path) {\n    try {\n        const response = await fetchWithApiFallback(\'/api/projects/fix\', {\n            method: \'POST\',\n            headers: { \'Content-Type\': \'application/json\' },\n            body: JSON.stringify({ path: path })\n        });\n        const result = await response.json();\n\n        if (result.success) {\n            await runProjectValidation(path);\n        } else {\n            alert(\'Error applying fixes: \' + result.error);\n        }\n    } catch (error) {\n        alert(\'Error: \' + error.message);\n    }\n}\n\nexport async function clearCurrentProject() {\n    try {\n        await fetchWithApiFallback(\'/api/projects/current\', {\n            method: \'POST\',\n            headers: { \'Content-Type\': \'application/json\' },\n            body: JSON.stringify({ path: null })\n        });\n        window.location.reload();\n    } catch (error) {\n        console.error(\'Error clearing project:\', error);\n    }\n}\n\n// ===== INITIALIZATION =====\n\nexport function initProjectsPage() {\n    if (projectsPageInitialized) {\n        updateQuickValidateButtonState();\n        return;\n    }\n    projectsPageInitialized = true;\n\n    const isWindows = navigator.platform.toUpperCase().indexOf(\'WIN\') > -1;\n    const isMac = navigator.platform.toUpperCase().indexOf(\'MAC\') > -1;\n    const existingPathInput = document.getElementById(\'existingPath\');\n    const projectPathInput = document.getElementById(\'projectPath\');\n    const pathHelpTooltip = document.getElementById(\'pathHelpTooltip\');\n\n    if (existingPathInput) {\n        if (isWindows) {\n            existingPathInput.placeholder = "C:\\\\Users\\\\YourName\\\\MyProject\\\\project.json";\n        } else if (isMac) {\n            existingPathInput.placeholder = "/Users/YourName/MyProject/project.json";\n        } else {\n            existingPathInput.placeholder = "/home/username/MyProject/project.json";\n        }\n    }\n\n    if (projectPathInput) {\n        if (isWindows) {\n            projectPathInput.placeholder = "C:\\\\Users\\\\YourName\\\\Documents";\n        } else if (isMac) {\n            projectPathInput.placeholder = "/Users/YourName/Documents";\n        } else {\n            projectPathInput.placeholder = "/home/username/Documents";\n        }\n    }\n\n    if (pathHelpTooltip) {\n        const osExample = isWindows ? "C:\\\\Users\\\\YourName\\\\Documents\\\\MyProject\\\\project.json" :\n            isMac ? "/Users/YourName/Documents/MyProject/project.json" :\n            "/home/username/Documents/MyProject/project.json";\n        const tooltipTitle = `Type the full path to your project folder or <code>project.json</code> file (e.g., <code>${osExample}</code>), or click Browse to select it.`;\n\n        pathHelpTooltip.setAttribute(\'title\', tooltipTitle);\n        pathHelpTooltip.setAttribute(\'data-bs-original-title\', tooltipTitle);\n\n        if (window.bootstrap && typeof window.bootstrap.Tooltip === \'function\') {\n            window.bootstrap.Tooltip.getOrCreateInstance(pathHelpTooltip);\n        }\n    }\n\n    initProjectFieldHints();\n    initBeginnerHelpMode();\n    initBackendMonitoringToggle();\n    initDedicatedTerminalToggle();\n\n    loadGlobalSettings();\n    loadLibraryInfo();\n    showStudyMetadataCard();\n    showExportCard();\n    showMethodsCard();\n    renderRecentProjects();\n    loadRecentProjectsFromServer();\n    ensureOpenSectionVisibleForLoadedProject();\n\n    if (currentProjectPath) {\n        addRecentProject(currentProjectName, currentProjectPath, currentProjectIcon);\n    }\n\n    const sections = [\n        { element: \'openProjectSection\', chevron: \'openProjectChevron\' },\n        { element: \'studyMetadataSection\', chevron: \'studyMetadataChevron\' },\n        { element: \'methodsSectionBody\', chevron: \'methodsSectionChevron\' },\n        { element: \'exportSection\', chevron: \'exportChevron\' },\n        { element: \'settingsSection\', chevron: \'settingsChevron\' }\n    ];\n\n    sections.forEach(section => {\n        const el = document.getElementById(section.element);\n        const chevron = document.getElementById(section.chevron);\n        if (el && chevron) {\n            el.addEventListener(\'shown.bs.collapse\', function() {\n                chevron.classList.replace(\'fa-chevron-down\', \'fa-chevron-up\');\n            });\n            el.addEventListener(\'hidden.bs.collapse\', function() {\n                chevron.classList.replace(\'fa-chevron-up\', \'fa-chevron-down\');\n            });\n        }\n    });\n\n    document.querySelectorAll(\'.card-header[data-bs-toggle="collapse"][role="button"]\').forEach((header) => {\n        if (!header.hasAttribute(\'tabindex\')) {\n            header.setAttribute(\'tabindex\', \'0\');\n        }\n        header.addEventListener(\'keydown\', (event) => {\n            if (event.key === \'Enter\' || event.key === \' \') {\n                event.preventDefault();\n                header.click();\n            }\n        });\n    });\n\n    const validationResultDiv = document.getElementById(\'validationResult\');\n    if (validationResultDiv) {\n        validationResultDiv.addEventListener(\'click\', (event) => {\n            const fixAllBtn = event.target.closest(\'[data-action="fix-all"]\');\n            if (fixAllBtn) { fixAllIssues(fixAllBtn.dataset.path); return; }\n            const fixOneBtn = event.target.closest(\'[data-action="fix-issue"]\');\n            if (fixOneBtn) { fixIssue(fixOneBtn.dataset.path, fixOneBtn.dataset.code); return; }\n            const validateProjectBtn = event.target.closest(\'[data-action="validate-project"]\');\n            if (validateProjectBtn) {\n                runProjectValidation(validateProjectBtn.dataset.path || getOpenProjectActionPath());\n            }\n        });\n    }\n\n    const recentList = document.getElementById(\'recentProjectsList\');\n    if (recentList) {\n        recentList.addEventListener(\'click\', (event) => {\n            const btn = event.target.closest(\'.recent-project-btn\');\n            if (!btn) return;\n            const path = btn.getAttribute(\'data-path\');\n            if (path) {\n                submitOpenProjectPath(path);\n            }\n        });\n    }\n\n    const createResultDiv = document.getElementById(\'createResult\');\n    if (createResultDiv) {\n        createResultDiv.addEventListener(\'click\', (event) => {\n            const openExistingBtn = event.target.closest(\'[data-action="open-existing-project"]\');\n            if (!openExistingBtn) return;\n            const path = openExistingBtn.getAttribute(\'data-path\');\n            if (!path) return;\n            submitOpenProjectPath(path);\n        });\n    }\n\n    const clearRecentBtn = document.getElementById(\'clearRecentProjectsBtn\');\n    if (clearRecentBtn) {\n        clearRecentBtn.addEventListener(\'click\', () => {\n            if (!confirm(\'Clear recent projects list?\')) return;\n            clearRecentProjects();\n        });\n    }\n\n    const createSection = document.getElementById(\'section-create\');\n    const openSection = document.getElementById(\'section-open\');\n    if (createSection?.classList.contains(\'active\')) {\n        setCurrentProjectBannerVisibility(\'create\');\n    } else if (openSection?.classList.contains(\'active\')) {\n        setCurrentProjectBannerVisibility(\'open\');\n    }\n\n    const cardCreate = document.getElementById(\'card-create\');\n    if (cardCreate) {\n        cardCreate.addEventListener(\'click\', () => selectProjectType(\'create\'));\n        cardCreate.addEventListener(\'keydown\', (event) => {\n            if (event.key === \'Enter\' || event.key === \' \') {\n                event.preventDefault();\n                selectProjectType(\'create\');\n            }\n        });\n    }\n\n    const cardOpen = document.getElementById(\'card-open\');\n    if (cardOpen) {\n        cardOpen.addEventListener(\'click\', () => selectProjectType(\'open\'));\n        cardOpen.addEventListener(\'keydown\', (event) => {\n            if (event.key === \'Enter\' || event.key === \' \') {\n                event.preventDefault();\n                selectProjectType(\'open\');\n            }\n        });\n    }\n\n    const cardInitBids = document.getElementById(\'card-init-bids\');\n    if (cardInitBids) {\n        cardInitBids.addEventListener(\'click\', () => selectProjectType(\'init-bids\'));\n        cardInitBids.addEventListener(\'keydown\', (event) => {\n            if (event.key === \'Enter\' || event.key === \' \') {\n                event.preventDefault();\n                selectProjectType(\'init-bids\');\n            }\n        });\n    }\n\n    const clearCurrentProjectBtn = document.getElementById(\'clearCurrentProjectBtn\');\n    if (clearCurrentProjectBtn) {\n        clearCurrentProjectBtn.addEventListener(\'click\', () => {\n            clearCurrentProject();\n        });\n    }\n\n    const useDefaultLibraryBtn = document.getElementById(\'useDefaultLibraryBtn\');\n    if (useDefaultLibraryBtn) {\n        useDefaultLibraryBtn.addEventListener(\'click\', () => {\n            useDefaultLibrary();\n        });\n    }\n\n    const clearGlobalLibraryBtn = document.getElementById(\'clearGlobalLibraryBtn\');\n    if (clearGlobalLibraryBtn) {\n        clearGlobalLibraryBtn.addEventListener(\'click\', () => {\n            clearGlobalLibrary();\n        });\n    }\n}\n\n// Expose for inline handlers and legacy code\nwindow.selectProjectType = selectProjectType;\nwindow.fixIssue = fixIssue;\nwindow.fixAllIssues = fixAllIssues;\nwindow.clearCurrentProject = clearCurrentProject;\nwindow.useDefaultLibrary = useDefaultLibrary;\nwindow.clearGlobalLibrary = clearGlobalLibrary;\n\nexport { currentProjectPath, currentProjectName };\n'

tests/test_projects_workflow_wiring.py:576: AssertionError
=========================== short test summary info ============================
FAILED tests/test_projects_workflow_wiring.py::TestProjectsWorkflowWiring::test_loaded_project_save_actions_wait_for_metadata_readiness
FAILED tests/test_projects_workflow_wiring.py::TestProjectsWorkflowWiring::test_project_switch_actions_guard_busy_and_unsaved_metadata
2 failed, 40 passed in 0.05s
